Archive member included because of file (symbol)

c:/altera/13.0sp1/nios2eds/bin/gnu/h-i686-mingw32/bin/../lib/gcc/nios2-elf/4.1.2/../../../../nios2-elf/lib\libc.a(lib_a-assert.o)
                              obj/default/main.o (__assert_func)
c:/altera/13.0sp1/nios2eds/bin/gnu/h-i686-mingw32/bin/../lib/gcc/nios2-elf/4.1.2/../../../../nios2-elf/lib\libc.a(lib_a-calloc.o)
                              obj/default/usb/usb.o (calloc)
c:/altera/13.0sp1/nios2eds/bin/gnu/h-i686-mingw32/bin/../lib/gcc/nios2-elf/4.1.2/../../../../nios2-elf/lib\libc.a(lib_a-callocr.o)
                              c:/altera/13.0sp1/nios2eds/bin/gnu/h-i686-mingw32/bin/../lib/gcc/nios2-elf/4.1.2/../../../../nios2-elf/lib\libc.a(lib_a-calloc.o) (_calloc_r)
c:/altera/13.0sp1/nios2eds/bin/gnu/h-i686-mingw32/bin/../lib/gcc/nios2-elf/4.1.2/../../../../nios2-elf/lib\libc.a(lib_a-exit.o)
                              obj/default/usb/usb.o (exit)
c:/altera/13.0sp1/nios2eds/bin/gnu/h-i686-mingw32/bin/../lib/gcc/nios2-elf/4.1.2/../../../../nios2-elf/lib\libc.a(lib_a-fiprintf.o)
                              c:/altera/13.0sp1/nios2eds/bin/gnu/h-i686-mingw32/bin/../lib/gcc/nios2-elf/4.1.2/../../../../nios2-elf/lib\libc.a(lib_a-assert.o) (fiprintf)
c:/altera/13.0sp1/nios2eds/bin/gnu/h-i686-mingw32/bin/../lib/gcc/nios2-elf/4.1.2/../../../../nios2-elf/lib\libc.a(lib_a-impure.o)
                              c:/altera/13.0sp1/nios2eds/bin/gnu/h-i686-mingw32/bin/../lib/gcc/nios2-elf/4.1.2/../../../../nios2-elf/lib\libc.a(lib_a-assert.o) (_impure_ptr)
c:/altera/13.0sp1/nios2eds/bin/gnu/h-i686-mingw32/bin/../lib/gcc/nios2-elf/4.1.2/../../../../nios2-elf/lib\libc.a(lib_a-malloc.o)
                              obj/default/usb/usb.o (free)
c:/altera/13.0sp1/nios2eds/bin/gnu/h-i686-mingw32/bin/../lib/gcc/nios2-elf/4.1.2/../../../../nios2-elf/lib\libc.a(lib_a-mallocr.o)
                              c:/altera/13.0sp1/nios2eds/bin/gnu/h-i686-mingw32/bin/../lib/gcc/nios2-elf/4.1.2/../../../../nios2-elf/lib\libc.a(lib_a-callocr.o) (_malloc_r)
c:/altera/13.0sp1/nios2eds/bin/gnu/h-i686-mingw32/bin/../lib/gcc/nios2-elf/4.1.2/../../../../nios2-elf/lib\libc.a(lib_a-memcpy.o)
                              obj/default/usb/usb.o (memcpy)
c:/altera/13.0sp1/nios2eds/bin/gnu/h-i686-mingw32/bin/../lib/gcc/nios2-elf/4.1.2/../../../../nios2-elf/lib\libc.a(lib_a-memset.o)
                              c:/altera/13.0sp1/nios2eds/bin/gnu/h-i686-mingw32/bin/../lib/gcc/nios2-elf/4.1.2/../../../../nios2-elf/lib\libc.a(lib_a-callocr.o) (memset)
c:/altera/13.0sp1/nios2eds/bin/gnu/h-i686-mingw32/bin/../lib/gcc/nios2-elf/4.1.2/../../../../nios2-elf/lib\libc.a(lib_a-printf.o)
                              obj/default/main.o (printf)
c:/altera/13.0sp1/nios2eds/bin/gnu/h-i686-mingw32/bin/../lib/gcc/nios2-elf/4.1.2/../../../../nios2-elf/lib\libc.a(lib_a-putchar.o)
                              obj/default/usb/usb_device_bus.o (putchar)
c:/altera/13.0sp1/nios2eds/bin/gnu/h-i686-mingw32/bin/../lib/gcc/nios2-elf/4.1.2/../../../../nios2-elf/lib\libc.a(lib_a-puts.o)
                              obj/default/main.o (puts)
c:/altera/13.0sp1/nios2eds/bin/gnu/h-i686-mingw32/bin/../lib/gcc/nios2-elf/4.1.2/../../../../nios2-elf/lib\libc.a(lib_a-sbrkr.o)
                              c:/altera/13.0sp1/nios2eds/bin/gnu/h-i686-mingw32/bin/../lib/gcc/nios2-elf/4.1.2/../../../../nios2-elf/lib\libc.a(lib_a-mallocr.o) (_sbrk_r)
c:/altera/13.0sp1/nios2eds/bin/gnu/h-i686-mingw32/bin/../lib/gcc/nios2-elf/4.1.2/../../../../nios2-elf/lib\libc.a(lib_a-strcmp.o)
                              obj/default/player.o (strcmp)
c:/altera/13.0sp1/nios2eds/bin/gnu/h-i686-mingw32/bin/../lib/gcc/nios2-elf/4.1.2/../../../../nios2-elf/lib\libc.a(lib_a-strcpy.o)
                              obj/default/packet.o (strcpy)
c:/altera/13.0sp1/nios2eds/bin/gnu/h-i686-mingw32/bin/../lib/gcc/nios2-elf/4.1.2/../../../../nios2-elf/lib\libc.a(lib_a-strlen.o)
                              obj/default/packet.o (strlen)
c:/altera/13.0sp1/nios2eds/bin/gnu/h-i686-mingw32/bin/../lib/gcc/nios2-elf/4.1.2/../../../../nios2-elf/lib\libc.a(lib_a-vfiprintfr_1.o)
                              c:/altera/13.0sp1/nios2eds/bin/gnu/h-i686-mingw32/bin/../lib/gcc/nios2-elf/4.1.2/../../../../nios2-elf/lib\libc.a(lib_a-fiprintf.o) (_vfiprintf_r)
c:/altera/13.0sp1/nios2eds/bin/gnu/h-i686-mingw32/bin/../lib/gcc/nios2-elf/4.1.2/../../../../nios2-elf/lib\libc.a(lib_a-vfprintf.o)
                              c:/altera/13.0sp1/nios2eds/bin/gnu/h-i686-mingw32/bin/../lib/gcc/nios2-elf/4.1.2/../../../../nios2-elf/lib\libc.a(lib_a-printf.o) (___vfprintf_internal_r)
c:/altera/13.0sp1/nios2eds/bin/gnu/h-i686-mingw32/bin/../lib/gcc/nios2-elf/4.1.2/../../../../nios2-elf/lib\libc.a(lib_a-wsetup.o)
                              c:/altera/13.0sp1/nios2eds/bin/gnu/h-i686-mingw32/bin/../lib/gcc/nios2-elf/4.1.2/../../../../nios2-elf/lib\libc.a(lib_a-vfprintf.o) (__swsetup_r)
[...]
Memory Configuration

Name             Origin             Length             Attributes
onchip           0x00000000         0x00001000
reset            0x01000000         0x00000020
sdram            0x01000020         0x007fffe0
*default*        0x00000000         0xffffffff

Linker script and memory map

LOAD ../DuelDraw_interrupt_bsp//obj/HAL/src/crt0.o
LOAD obj/default/main.o
LOAD obj/default/packet.o
LOAD obj/default/player.o
LOAD obj/default/recvQueue.o
LOAD obj/default/usb/usb.o
LOAD obj/default/usb/usb_ISO.o
LOAD obj/default/usb/usb_chap_9.o
LOAD obj/default/usb/usb_config.o
LOAD obj/default/usb/usb_device_bus.o
LOAD obj/default/usb/usb_device_hal.o
LOAD obj/default/usb/usb_isr.o
LOAD obj/default/usb/usb_queue.o
LOAD obj/default/usbio.o
LOAD c:/altera/13.0sp1/nios2eds/bin/gnu/h-i686-mingw32/bin/../lib/gcc/nios2-elf/4.1.2/../../../../nios2-elf/lib\libstdc++.a
LOAD c:/altera/13.0sp1/nios2eds/bin/gnu/h-i686-mingw32/bin/../lib/gcc/nios2-elf/4.1.2/../../../../nios2-elf/lib\libm.a
LOAD c:/altera/13.0sp1/nios2eds/bin/gnu/h-i686-mingw32/bin/../lib/gcc/nios2-elf/4.1.2\libgcc.a
START GROUP
LOAD c:/altera/13.0sp1/nios2eds/bin/gnu/h-i686-mingw32/bin/../lib/gcc/nios2-elf/4.1.2/../../../../nios2-elf/lib\libc.a
LOAD c:/altera/13.0sp1/nios2eds/bin/gnu/h-i686-mingw32/bin/../lib/gcc/nios2-elf/4.1.2\libgcc.a
LOAD ../DuelDraw_interrupt_bsp/\libhal_bsp.a
END GROUP
LOAD c:/altera/13.0sp1/nios2eds/bin/gnu/h-i686-mingw32/bin/../lib/gcc/nios2-elf/4.1.2\libgcc.a
                0x00000000                __alt_mem_onchip = 0x0
                0x01000000                __alt_mem_sdram = 0x1000000

.entry          0x01000000       0x20
 *(.entry)
 .entry         0x01000000       0x20 ../DuelDraw_interrupt_bsp//obj/HAL/src/crt0.o
                0x01000000                __reset

.exceptions     0x01000020      0x198
                0x01000020                PROVIDE (__ram_exceptions_start, ABSOLUTE (.))
                0x01000020                . = ALIGN (0x20)
 *(.irq)
 *(.exceptions.entry.label)
 .exceptions.entry.label
                0x01000020        0x0 ../DuelDraw_interrupt_bsp/\libhal_bsp.a(alt_irq_entry.o)
                0x01000020                alt_irq_entry
 .exceptions.entry.label
                0x01000020        0x0 ../DuelDraw_interrupt_bsp/\libhal_bsp.a(alt_exception_entry.o)
                0x01000020                alt_exception
 *(.exceptions.entry.user)
 *(.exceptions.entry)
 .exceptions.entry
                0x01000020       0x54 ../DuelDraw_interrupt_bsp/\libhal_bsp.a(alt_exception_entry.o)
 *(.exceptions.irqtest.user)
 *(.exceptions.irqtest)
 .exceptions.irqtest
                0x01000074       0x10 ../DuelDraw_interrupt_bsp/\libhal_bsp.a(alt_irq_entry.o)
 *(.exceptions.irqhandler.user)
 *(.exceptions.irqhandler)
 .exceptions.irqhandler
                0x01000084        0x4 ../DuelDraw_interrupt_bsp/\libhal_bsp.a(alt_irq_entry.o)
 *(.exceptions.irqreturn.user)
 *(.exceptions.irqreturn)
 .exceptions.irqreturn
                0x01000088        0x4 ../DuelDraw_interrupt_bsp/\libhal_bsp.a(alt_irq_entry.o)
 *(.exceptions.notirq.label)
 .exceptions.notirq.label
                0x0100008c        0x0 ../DuelDraw_interrupt_bsp/\libhal_bsp.a(alt_irq_entry.o)
 *(.exceptions.notirq.user)
 *(.exceptions.notirq)
 .exceptions.notirq
                0x0100008c        0x8 ../DuelDraw_interrupt_bsp/\libhal_bsp.a(alt_exception_entry.o)
 *(.exceptions.soft.user)
 *(.exceptions.soft)
 *(.exceptions.unknown.user)
 *(.exceptions.unknown)
 .exceptions.unknown
                0x01000094        0x4 ../DuelDraw_interrupt_bsp/\libhal_bsp.a(alt_exception_entry.o)
 *(.exceptions.exit.label)
 .exceptions.exit.label
                0x01000098        0x0 ../DuelDraw_interrupt_bsp/\libhal_bsp.a(alt_irq_entry.o)
 .exceptions.exit.label
                0x01000098        0x0 ../DuelDraw_interrupt_bsp/\libhal_bsp.a(alt_exception_entry.o)
 *(.exceptions.exit.user)
 *(.exceptions.exit)
 .exceptions.exit
                0x01000098       0x54 ../DuelDraw_interrupt_bsp/\libhal_bsp.a(alt_exception_entry.o)
 *(.exceptions)
 .exceptions    0x010000ec       0xcc ../DuelDraw_interrupt_bsp/\libhal_bsp.a(alt_irq_handler.o)
                0x010000ec                alt_irq_handler
                0x010001b8                PROVIDE (__ram_exceptions_end, ABSOLUTE (.))
                0x01000020                PROVIDE (__flash_exceptions_start, LOADADDR (.exceptions))

.text           0x010001b8    0x14984
                0x010001b8                PROVIDE (stext, ABSOLUTE (.))
 *(.interp)
 *(.hash)
 *(.dynsym)
 *(.dynstr)
 *(.gnu.version)
 *(.gnu.version_d)
 *(.gnu.version_r)
 *(.rel.init)
 *(.rela.init)
 *(.rel.text .rel.text.* .rel.gnu.linkonce.t.*)
 *(.rela.text .rela.text.* .rela.gnu.linkonce.t.*)
 *(.rel.fini)
 *(.rela.fini)
 *(.rel.rodata .rel.rodata.* .rel.gnu.linkonce.r.*)
 *(.rela.rodata .rela.rodata.* .rela.gnu.linkonce.r.*)
 *(.rel.data .rel.data.* .rel.gnu.linkonce.d.*)
 *(.rela.data .rela.data.* .rela.gnu.linkonce.d.*)
 *(.rel.tdata .rel.tdata.* .rel.gnu.linkonce.td.*)
 *(.rela.tdata .rela.tdata.* .rela.gnu.linkonce.td.*)
 *(.rel.tbss .rel.tbss.* .rel.gnu.linkonce.tb.*)
 *(.rela.tbss .rela.tbss.* .rela.gnu.linkonce.tb.*)
 *(.rel.ctors)
 *(.rela.ctors)
 *(.rel.dtors)
 *(.rela.dtors)
 *(.rel.got)
 *(.rela.got)
 *(.rel.sdata .rel.sdata.* .rel.gnu.linkonce.s.*)
 *(.rela.sdata .rela.sdata.* .rela.gnu.linkonce.s.*)
 *(.rel.sbss .rel.sbss.* .rel.gnu.linkonce.sb.*)
 *(.rela.sbss .rela.sbss.* .rela.gnu.linkonce.sb.*)
 *(.rel.sdata2 .rel.sdata2.* .rel.gnu.linkonce.s2.*)
 *(.rela.sdata2 .rela.sdata2.* .rela.gnu.linkonce.s2.*)
 *(.rel.sbss2 .rel.sbss2.* .rel.gnu.linkonce.sb2.*)
 *(.rela.sbss2 .rela.sbss2.* .rela.gnu.linkonce.sb2.*)
 *(.rel.bss .rel.bss.* .rel.gnu.linkonce.b.*)
 *(.rela.bss .rela.bss.* .rela.gnu.linkonce.b.*)
 *(.rel.plt)
 *(.rela.plt)
 *(.rel.dyn)
 *(.init)
 *(.plt)
 *(.text .stub .text.* .gnu.linkonce.t.*)
 .text          0x010001b8       0x4c ../DuelDraw_interrupt_bsp//obj/HAL/src/crt0.o
                0x010001b8                _start
 .text          0x01000204      0x1fc obj/default/main.o
                0x01000204                timer_isr
                0x01000314                main
 .text          0x01000400       0xdc obj/default/packet.o
                0x01000400                init_packet
                0x0100045c                make_packet
 .text          0x010004dc      0x1f8 obj/default/player.o
                0x010004dc                makeNewPlayer
                0x010005b4                isNewPlayer
                0x01000644                findChallengeIndex
 .text          0x010006d4      0x23c obj/default/recvQueue.o
                0x010006d4                initRecvQueue
                0x01000718                getEndNode
                0x01000764                addToQueue
                0x01000814                removeFromQueue
                0x01000850                isEmptyQueue
                0x01000894                getQueueSize
 .text          0x01000910      0x790 obj/default/usb/usb.o
                0x01000910                usb_register_recv_callback
                0x01000944                usb_register_send_callback
                0x01000978                usb_recv_queue_push
                0x010009fc                usb_send_queue_pop
                0x01000a98                usb_recv_queue_pop
                0x01000b34                usb_device_send
                0x01000c64                usb_device_recv
                0x01000dec                usb_send_queue_push
                0x01000e70                usb_send_queue_is_empty
                0x01000e9c                usb_recv_queue_is_empty
                0x01000ec8                usb_device_init
                0x01000fb0                usb_device_poll
 .text          0x010010a0      0x468 obj/default/usb/usb_ISO.o
                0x010010a0                EnableIsoMode
                0x01001288                Wait4Ns
                0x010012b8                ISOLOOP
                0x01001330                Hal4D13_ReadISOEndpoint
                0x01001414                Hal4D13_WriteISOEndpoint
 .text          0x01001508     0x12dc obj/default/usb/usb_chap_9.o
                0x01001508                Chap9_GetStatus
                0x01001798                Chap9_ClearFeature
                0x010019d0                Chap9_SetFeature
                0x01001bf8                Chap9_SetAddress
                0x01001e28                Chap9_GetDescriptor
                0x01002004                Chap9_GetConfiguration
                0x010020c4                Chap9_SetConfiguration
                0x010022d0                Chap9_GetInterface
                0x01002374                Chap9_SetInterface
                0x01002474                Chap9_StallEP0
                0x01002504                Chap9_StallEP0InControlWrite
                0x01002568                Chap9_StallEP0InControlRead
                0x010025cc                Chap9_SingleTransmitEP0
                0x01002668                Chap9_BurstTransmitEP0
 .text          0x010027e4      0x74c obj/default/usb/usb_config.o
                0x010027e4                SetupToken_Handler
                0x01002a58                DeviceRequest_Handler
                0x01002b1c                help_devreq
                0x01002c44                disconnect_USB
                0x01002c78                connect_USB
                0x01002cd4                config_endpoint
                0x01002dc8                reconnect_USB
                0x01002df4                suspend_change
                0x01002e10                ML_AcknowledgeSETUP
                0x01002e6c                ML_Reserved
                0x01002e98                CHECK_CHIP_ID
 .text          0x01002f30      0x5d0 obj/default/usb/usb_device_bus.o
                0x01002f30                D13Bus_ControlEntry
                0x01002f58                reserved
                0x01002f80                read_write_register
                0x01003190                setup_dma_request
                0x01003280                get_firmware_version
                0x010032b8                D13Bus_StallEP0
                0x010032e0                D13Bus_SingleTransmitEP0
                0x0100337c                D13Bus_BurstTransmitEP0
 .text          0x01003500     0x1474 obj/default/usb/usb_device_hal.o
                0x01003500                Hal4D13_AcquireD13
                0x0100353c                Hal4D13_ResetDevice
                0x01003574                Hal4D13_GetDevConfig
                0x010035c8                Hal4D13_SetDevConfig
                0x0100361c                Hal4D13_SetMode
                0x01003670                Hal4D13_GetMode
                0x010036d0                Hal4D13_GetAddress
                0x01003730                Hal4D13_SetAddressEnable
                0x010037b4                Hal4D13_SoftConnect
                0x01003874                Hal4D13_AcknowledgeSETUP
                0x010038ac                Hal4D13_ClearBuffer
                0x010038ec                Hal4D13_ValidBuffer
                0x0100392c                Hal4D13_ReadEndpoint
                0x01003a50                Hal4D13_ReadBulkEndpoint
                0x01003b74                Hal4D13_ReadEndpointWOClearBuffer
                0x01003c98                Hal4D13_WriteEndpoint
                0x01003df4                Hal4D13_WriteBulkEndpoint
                0x01003f10                Hal4D13_GetIntEnable
                0x01003f88                Hal4D13_SetIntEnable
                0x0100401c                Hal4D13_ReadInterruptRegister
                0x010040a8                Hal4D13_GetEndpointStatusWInteruptClear
                0x01004110                Hal4D13_GetEndpointStatusWOInteruptClear
                0x01004178                Hal4D13_SetEndpointStatus
                0x010041f8                Hal4D13_SetDMAConfig
                0x0100424c                Hal4D13_GetDMAConfig
                0x010042a0                Hal4D13_SetDMACounter
                0x010042f4                Hal4D13_GetDMACounter
                0x01004348                Hal4D13_GetDataFromChipRam
                0x0100439c                Hal4D13_SetDataToChipRam
                0x010043f0                Hal4D13_ReadCurrentFrameNumber
                0x01004444                Hal4D13_LockDevice
                0x010044b4                Hal4D13_ReadChipID
                0x01004508                Hal4D13_GetErrorCode
                0x01004570                Hal4D13_GetEndpointConfig
                0x010045d8                Hal4D13_SetEndpointConfig
                0x01004638                Hal4D13_UnconfigDevice
                0x01004654                Hal4D13_ConfigDevice
                0x01004670                Hal4D13_SingleTransmitEP0
                0x010046b8                Hal4D13_RegAccess
                0x01004820                Hal4D13_StallEP0InControlWrite
                0x0100485c                Hal4D13_StallEP0InControlRead
                0x01004898                Hal4D13_IsSetupPktInvalid
                0x010048d8                Write_HC_Config_Reg
                0x01004928                Read_HC_Config_Reg
 .text          0x01004974      0xbd8 obj/default/usb/usb_isr.o
                0x01004974                usb_disable_all_interrupts
                0x010049c4                usb_reenable_all_interrupts
                0x01004a08                fn_usb_isr
                0x01004a3c                usb_isr
                0x01004bf4                Isr_BusReset
                0x01004c98                Isr_SuspendChange
                0x01004cc8                Isr_SHORT_PACKET
                0x01004cf8                Isr_DmaEot
                0x01004dc4                Isr_SOF
                0x01004de0                Isr_Ep00RxDone
                0x01004fe4                Isr_Ep00TxDone
                0x010051fc                usb_check_send
                0x010052b8                Isr_Ep01Done
                0x01005318                Isr_Ep02Done
                0x01005380                Isr_Ep03Done
                0x010053b0                Isr_Ep04Done
                0x010053e0                Isr_Ep05Done
                0x0100543c                Isr_Ep06Done
                0x0100546c                Isr_Ep07Done
                0x01005488                Isr_Ep08Done
                0x010054a4                Isr_Ep09Done
                0x010054c0                Isr_Ep0ADone
                0x010054dc                Isr_Ep0BDone
                0x010054f8                Isr_Ep0CDone
                0x01005514                Isr_Ep0DDone
                0x01005530                Isr_Ep0EDone
 .text          0x0100554c      0x24c obj/default/usb/usb_queue.o
                0x0100554c                usb_fifo_init
                0x0100557c                usb_fifo_push
                0x01005654                usb_fifo_is_empty
                0x01005698                usb_fifo_pop
                0x01005770                usb_fifo_peek
 .text          0x01005798      0x2e8 obj/default/usbio.o
                0x01005798                usb_send
                0x0100585c                usb_recv
 .text          0x01005a80       0x78 c:/altera/13.0sp1/nios2eds/bin/gnu/h-i686-mingw32/bin/../lib/gcc/nios2-elf/4.1.2/../../../../nios2-elf/lib\libc.a(lib_a-assert.o)
                0x01005a80                __assert_func
                0x01005ae4                __assert
 .text          0x01005af8       0x1c c:/altera/13.0sp1/nios2eds/bin/gnu/h-i686-mingw32/bin/../lib/gcc/nios2-elf/4.1.2/../../../../nios2-elf/lib\libc.a(lib_a-calloc.o)
                0x01005af8                calloc
 .text          0x01005b14       0xb4 c:/altera/13.0sp1/nios2eds/bin/gnu/h-i686-mingw32/bin/../lib/gcc/nios2-elf/4.1.2/../../../../nios2-elf/lib\libc.a(lib_a-callocr.o)
                0x01005b14                _calloc_r
 .text          0x01005bc8       0x38 c:/altera/13.0sp1/nios2eds/bin/gnu/h-i686-mingw32/bin/../lib/gcc/nios2-elf/4.1.2/../../../../nios2-elf/lib\libc.a(lib_a-exit.o)
                0x01005bc8                exit
 .text          0x01005c00       0x6c c:/altera/13.0sp1/nios2eds/bin/gnu/h-i686-mingw32/bin/../lib/gcc/nios2-elf/4.1.2/../../../../nios2-elf/lib\libc.a(lib_a-fiprintf.o)
                0x01005c00                fiprintf
                0x01005c44                _fiprintf_r
 .text          0x01005c6c        0x0 c:/altera/13.0sp1/nios2eds/bin/gnu/h-i686-mingw32/bin/../lib/gcc/nios2-elf/4.1.2/../../../../nios2-elf/lib\libc.a(lib_a-impure.o)
 .text          0x01005c6c       0x28 c:/altera/13.0sp1/nios2eds/bin/gnu/h-i686-mingw32/bin/../lib/gcc/nios2-elf/4.1.2/../../../../nios2-elf/lib\libc.a(lib_a-malloc.o)
                0x01005c6c                free
                0x01005c80                malloc
 .text          0x01005c94      0x740 c:/altera/13.0sp1/nios2eds/bin/gnu/h-i686-mingw32/bin/../lib/gcc/nios2-elf/4.1.2/../../../../nios2-elf/lib\libc.a(lib_a-mallocr.o)
                0x01005c94                _malloc_r
 .text          0x010063d4       0xa0 c:/altera/13.0sp1/nios2eds/bin/gnu/h-i686-mingw32/bin/../lib/gcc/nios2-elf/4.1.2/../../../../nios2-elf/lib\libc.a(lib_a-memcpy.o)
                0x010063d4                memcpy
 .text          0x01006474       0x98 c:/altera/13.0sp1/nios2eds/bin/gnu/h-i686-mingw32/bin/../lib/gcc/nios2-elf/4.1.2/../../../../nios2-elf/lib\libc.a(lib_a-memset.o)
                0x01006474                memset
 .text          0x0100650c       0x78 c:/altera/13.0sp1/nios2eds/bin/gnu/h-i686-mingw32/bin/../lib/gcc/nios2-elf/4.1.2/../../../../nios2-elf/lib\libc.a(lib_a-printf.o)
                0x0100650c                printf
                0x01006550                _printf_r
 .text          0x01006584       0x24 c:/altera/13.0sp1/nios2eds/bin/gnu/h-i686-mingw32/bin/../lib/gcc/nios2-elf/4.1.2/../../../../nios2-elf/lib\libc.a(lib_a-putchar.o)
                0x01006584                putchar
                0x010065a0                _putchar_r
 .text          0x010065a8       0xb4 c:/altera/13.0sp1/nios2eds/bin/gnu/h-i686-mingw32/bin/../lib/gcc/nios2-elf/4.1.2/../../../../nios2-elf/lib\libc.a(lib_a-puts.o)
                0x010065a8                _puts_r
                0x01006648                puts
 .text          0x0100665c       0x70 c:/altera/13.0sp1/nios2eds/bin/gnu/h-i686-mingw32/bin/../lib/gcc/nios2-elf/4.1.2/../../../../nios2-elf/lib\libc.a(lib_a-sbrkr.o)
                0x0100665c                _sbrk_r
 .text          0x010066cc       0xbc c:/altera/13.0sp1/nios2eds/bin/gnu/h-i686-mingw32/bin/../lib/gcc/nios2-elf/4.1.2/../../../../nios2-elf/lib\libc.a(lib_a-strcmp.o)
                0x010066cc                strcmp
 .text          0x01006788       0x8c c:/altera/13.0sp1/nios2eds/bin/gnu/h-i686-mingw32/bin/../lib/gcc/nios2-elf/4.1.2/../../../../nios2-elf/lib\libc.a(lib_a-strcpy.o)
                0x01006788                strcpy
 .text          0x01006814       0x74 c:/altera/13.0sp1/nios2eds/bin/gnu/h-i686-mingw32/bin/../lib/gcc/nios2-elf/4.1.2/../../../../nios2-elf/lib\libc.a(lib_a-strlen.o)
                0x01006814                strlen
 .text          0x01006888       0x1c c:/altera/13.0sp1/nios2eds/bin/gnu/h-i686-mingw32/bin/../lib/gcc/nios2-elf/4.1.2/../../../../nios2-elf/lib\libc.a(lib_a-vfiprintfr_1.o)
                0x01006888                _vfiprintf_r
 .text          0x010068a4     0x1f28 c:/altera/13.0sp1/nios2eds/bin/gnu/h-i686-mingw32/bin/../lib/gcc/nios2-elf/4.1.2/../../../../nios2-elf/lib\libc.a(lib_a-vfprintf.o)
                0x010068fc                ___vfprintf_internal_r
                0x010087a8                __vfprintf_internal
 .text          0x010087cc      0x13c c:/altera/13.0sp1/nios2eds/bin/gnu/h-i686-mingw32/bin/../lib/gcc/nios2-elf/4.1.2/../../../../nios2-elf/lib\libc.a(lib_a-wsetup.o)
                0x010087cc                __swsetup_r
 .text          0x01008908      0x1b4 c:/altera/13.0sp1/nios2eds/bin/gnu/h-i686-mingw32/bin/../lib/gcc/nios2-elf/4.1.2/../../../../nios2-elf/lib\libc.a(lib_a-__call_atexit.o)
                0x0100890c                __call_exitprocs
 .text          0x01008abc       0x18 c:/altera/13.0sp1/nios2eds/bin/gnu/h-i686-mingw32/bin/../lib/gcc/nios2-elf/4.1.2/../../../../nios2-elf/lib\libc.a(lib_a-abort.o)
                0x01008abc                abort
 .text          0x01008ad4     0x17cc c:/altera/13.0sp1/nios2eds/bin/gnu/h-i686-mingw32/bin/../lib/gcc/nios2-elf/4.1.2/../../../../nios2-elf/lib\libc.a(lib_a-dtoa.o)
                0x01008cec                _dtoa_r
 .text          0x0100a2a0      0x230 c:/altera/13.0sp1/nios2eds/bin/gnu/h-i686-mingw32/bin/../lib/gcc/nios2-elf/4.1.2/../../../../nios2-elf/lib\libc.a(lib_a-fflush.o)
                0x0100a2a0                _fflush_r
                0x0100a49c                fflush
 .text          0x0100a4d0      0x2c0 c:/altera/13.0sp1/nios2eds/bin/gnu/h-i686-mingw32/bin/../lib/gcc/nios2-elf/4.1.2/../../../../nios2-elf/lib\libc.a(lib_a-findfp.o)
                0x0100a528                __sfp_lock_acquire
                0x0100a52c                __sfp_lock_release
                0x0100a530                __sinit_lock_acquire
                0x0100a534                __sinit_lock_release
                0x0100a538                __sinit
                0x0100a5ec                __fp_unlock_all
                0x0100a604                __fp_lock_all
                0x0100a61c                _cleanup_r
                0x0100a628                _cleanup
                0x0100a638                __sfmoreglue
                0x0100a6a0                __sfp
 .text          0x0100a790      0x440 c:/altera/13.0sp1/nios2eds/bin/gnu/h-i686-mingw32/bin/../lib/gcc/nios2-elf/4.1.2/../../../../nios2-elf/lib\libc.a(lib_a-freer.o)
                0x0100a790                _malloc_trim_r
                0x0100a8bc                _free_r
 .text          0x0100abd0      0x49c c:/altera/13.0sp1/nios2eds/bin/gnu/h-i686-mingw32/bin/../lib/gcc/nios2-elf/4.1.2/../../../../nios2-elf/lib\libc.a(lib_a-fvwrite.o)
                0x0100abd0                __sfvwrite_r
 .text          0x0100b06c      0x180 c:/altera/13.0sp1/nios2eds/bin/gnu/h-i686-mingw32/bin/../lib/gcc/nios2-elf/4.1.2/../../../../nios2-elf/lib\libc.a(lib_a-fwalk.o)
                0x0100b06c                _fwalk_reent
                0x0100b134                _fwalk
 .text          0x0100b1ec        0x0 c:/altera/13.0sp1/nios2eds/bin/gnu/h-i686-mingw32/bin/../lib/gcc/nios2-elf/4.1.2/../../../../nios2-elf/lib\libc.a(lib_a-int_errno.o)
 .text          0x0100b1ec       0xc4 c:/altera/13.0sp1/nios2eds/bin/gnu/h-i686-mingw32/bin/../lib/gcc/nios2-elf/4.1.2/../../../../nios2-elf/lib\libc.a(lib_a-locale.o)
                0x0100b1ec                __locale_charset
                0x0100b1f4                _localeconv_r
                0x0100b200                localeconv
                0x0100b210                _setlocale_r
                0x0100b294                setlocale
 .text          0x0100b2b0      0x194 c:/altera/13.0sp1/nios2eds/bin/gnu/h-i686-mingw32/bin/../lib/gcc/nios2-elf/4.1.2/../../../../nios2-elf/lib\libc.a(lib_a-makebuf.o)
                0x0100b2b0                __smakebuf_r
 .text          0x0100b444       0xe4 c:/altera/13.0sp1/nios2eds/bin/gnu/h-i686-mingw32/bin/../lib/gcc/nios2-elf/4.1.2/../../../../nios2-elf/lib\libc.a(lib_a-memchr.o)
                0x0100b444                memchr
 .text          0x0100b528       0xe0 c:/altera/13.0sp1/nios2eds/bin/gnu/h-i686-mingw32/bin/../lib/gcc/nios2-elf/4.1.2/../../../../nios2-elf/lib\libc.a(lib_a-memmove.o)
                0x0100b528                memmove
 .text          0x0100b608      0xff4 c:/altera/13.0sp1/nios2eds/bin/gnu/h-i686-mingw32/bin/../lib/gcc/nios2-elf/4.1.2/../../../../nios2-elf/lib\libc.a(lib_a-mprec.o)
                0x0100b608                _Bfree
                0x0100b630                __hi0bits
                0x0100b6a0                __lo0bits
                0x0100b764                __mcmp
                0x0100b7c4                __ulp
                0x0100b844                __b2d
                0x0100b964                __ratio
                0x0100ba14                _mprec_log10
                0x0100baa8                __copybits
                0x0100bb00                __any_on
                0x0100bb88                _Balloc
                0x0100bc44                __d2b
                0x0100bdc0                __mdiff
                0x0100bf4c                __lshift
                0x0100c098                __multiply
                0x0100c280                __i2b
                0x0100c2bc                __multadd
                0x0100c3bc                __pow5mult
                0x0100c4dc                __s2b
 .text          0x0100c5fc      0x1ec c:/altera/13.0sp1/nios2eds/bin/gnu/h-i686-mingw32/bin/../lib/gcc/nios2-elf/4.1.2/../../../../nios2-elf/lib\libc.a(lib_a-putc.o)
                0x0100c5fc                putc
                0x0100c700                _putc_r
 .text          0x0100c7e8      0x5f4 c:/altera/13.0sp1/nios2eds/bin/gnu/h-i686-mingw32/bin/../lib/gcc/nios2-elf/4.1.2/../../../../nios2-elf/lib\libc.a(lib_a-reallocr.o)
                0x0100c7e8                _realloc_r
 .text          0x0100cddc       0x40 c:/altera/13.0sp1/nios2eds/bin/gnu/h-i686-mingw32/bin/../lib/gcc/nios2-elf/4.1.2/../../../../nios2-elf/lib\libc.a(lib_a-s_isinfd.o)
                0x0100cddc                __isinfd
 .text          0x0100ce1c       0x30 c:/altera/13.0sp1/nios2eds/bin/gnu/h-i686-mingw32/bin/../lib/gcc/nios2-elf/4.1.2/../../../../nios2-elf/lib\libc.a(lib_a-s_isnand.o)
                0x0100ce1c                __isnand
 .text          0x0100ce4c      0x2d8 c:/altera/13.0sp1/nios2eds/bin/gnu/h-i686-mingw32/bin/../lib/gcc/nios2-elf/4.1.2/../../../../nios2-elf/lib\libc.a(lib_a-signal.o)
                0x0100ce4c                _raise_r
                0x0100cf18                raise
                0x0100cf2c                _init_signal_r
                0x0100cf90                _init_signal
                0x0100cfa0                __sigtramp_r
                0x0100d054                __sigtramp
                0x0100d068                _signal_r
                0x0100d108                signal
 .text          0x0100d124       0x78 c:/altera/13.0sp1/nios2eds/bin/gnu/h-i686-mingw32/bin/../lib/gcc/nios2-elf/4.1.2/../../../../nios2-elf/lib\libc.a(lib_a-signalr.o)
                0x0100d124                _getpid_r
                0x0100d128                _kill_r
 .text          0x0100d19c      0x14c c:/altera/13.0sp1/nios2eds/bin/gnu/h-i686-mingw32/bin/../lib/gcc/nios2-elf/4.1.2/../../../../nios2-elf/lib\libc.a(lib_a-stdio.o)
                0x0100d19c                __sclose
                0x0100d1a4                __sseek
                0x0100d20c                __swrite
                0x0100d288                __sread
 .text          0x0100d2e8     0x1120 c:/altera/13.0sp1/nios2eds/bin/gnu/h-i686-mingw32/bin/../lib/gcc/nios2-elf/4.1.2/../../../../nios2-elf/lib\libc.a(lib_a-vfiprintf.o)
                0x0100d340                ___vfiprintf_internal_r
                0x0100e3e4                __vfiprintf_internal
 .text          0x0100e408      0x14c c:/altera/13.0sp1/nios2eds/bin/gnu/h-i686-mingw32/bin/../lib/gcc/nios2-elf/4.1.2/../../../../nios2-elf/lib\libc.a(lib_a-wbuf.o)
                0x0100e408                __swbuf_r
                0x0100e538                __swbuf
 .text          0x0100e554       0x78 c:/altera/13.0sp1/nios2eds/bin/gnu/h-i686-mingw32/bin/../lib/gcc/nios2-elf/4.1.2/../../../../nios2-elf/lib\libc.a(lib_a-writer.o)
                0x0100e554                _write_r
 .text          0x0100e5cc       0x70 c:/altera/13.0sp1/nios2eds/bin/gnu/h-i686-mingw32/bin/../lib/gcc/nios2-elf/4.1.2/../../../../nios2-elf/lib\libc.a(lib_a-closer.o)
                0x0100e5cc                _close_r
 .text          0x0100e63c      0x124 c:/altera/13.0sp1/nios2eds/bin/gnu/h-i686-mingw32/bin/../lib/gcc/nios2-elf/4.1.2/../../../../nios2-elf/lib\libc.a(lib_a-fclose.o)
                0x0100e63c                _fclose_r
                0x0100e74c                fclose
 .text          0x0100e760       0x74 c:/altera/13.0sp1/nios2eds/bin/gnu/h-i686-mingw32/bin/../lib/gcc/nios2-elf/4.1.2/../../../../nios2-elf/lib\libc.a(lib_a-fstatr.o)
                0x0100e760                _fstat_r
 .text          0x0100e7d4       0x70 c:/altera/13.0sp1/nios2eds/bin/gnu/h-i686-mingw32/bin/../lib/gcc/nios2-elf/4.1.2/../../../../nios2-elf/lib\libc.a(lib_a-isattyr.o)
                0x0100e7d4                _isatty_r
 .text          0x0100e844       0x78 c:/altera/13.0sp1/nios2eds/bin/gnu/h-i686-mingw32/bin/../lib/gcc/nios2-elf/4.1.2/../../../../nios2-elf/lib\libc.a(lib_a-lseekr.o)
                0x0100e844                _lseek_r
 .text          0x0100e8bc       0x78 c:/altera/13.0sp1/nios2eds/bin/gnu/h-i686-mingw32/bin/../lib/gcc/nios2-elf/4.1.2/../../../../nios2-elf/lib\libc.a(lib_a-readr.o)
                0x0100e8bc                _read_r
 .text          0x0100e934      0x5dc c:/altera/13.0sp1/nios2eds/bin/gnu/h-i686-mingw32/bin/../lib/gcc/nios2-elf/4.1.2\libgcc.a(_udivdi3.o)
                0x0100e934                __udivdi3
 .text          0x0100ef10      0x5b0 c:/altera/13.0sp1/nios2eds/bin/gnu/h-i686-mingw32/bin/../lib/gcc/nios2-elf/4.1.2\libgcc.a(_umoddi3.o)
                0x0100ef10                __umoddi3
 .text          0x0100f4c0      0x504 c:/altera/13.0sp1/nios2eds/bin/gnu/h-i686-mingw32/bin/../lib/gcc/nios2-elf/4.1.2\libgcc.a(_addsub_df.o)
                0x0100f8d0                __subdf3
                0x0100f950                __adddf3
 .text          0x0100f9c4      0x3c4 c:/altera/13.0sp1/nios2eds/bin/gnu/h-i686-mingw32/bin/../lib/gcc/nios2-elf/4.1.2\libgcc.a(_mul_df.o)
                0x0100f9c4                __muldf3
 .text          0x0100fd88      0x258 c:/altera/13.0sp1/nios2eds/bin/gnu/h-i686-mingw32/bin/../lib/gcc/nios2-elf/4.1.2\libgcc.a(_div_df.o)
                0x0100fd88                __divdf3
 .text          0x0100ffe0       0x88 c:/altera/13.0sp1/nios2eds/bin/gnu/h-i686-mingw32/bin/../lib/gcc/nios2-elf/4.1.2\libgcc.a(_eq_df.o)
                0x0100ffe0                __eqdf2
 .text          0x01010068       0x88 c:/altera/13.0sp1/nios2eds/bin/gnu/h-i686-mingw32/bin/../lib/gcc/nios2-elf/4.1.2\libgcc.a(_ne_df.o)
                0x01010068                __nedf2
 .text          0x010100f0       0x88 c:/altera/13.0sp1/nios2eds/bin/gnu/h-i686-mingw32/bin/../lib/gcc/nios2-elf/4.1.2\libgcc.a(_gt_df.o)
                0x010100f0                __gtdf2
 .text          0x01010178       0x88 c:/altera/13.0sp1/nios2eds/bin/gnu/h-i686-mingw32/bin/../lib/gcc/nios2-elf/4.1.2\libgcc.a(_ge_df.o)
                0x01010178                __gedf2
 .text          0x01010200       0x88 c:/altera/13.0sp1/nios2eds/bin/gnu/h-i686-mingw32/bin/../lib/gcc/nios2-elf/4.1.2\libgcc.a(_lt_df.o)
                0x01010200                __ltdf2
 .text          0x01010288       0xf8 c:/altera/13.0sp1/nios2eds/bin/gnu/h-i686-mingw32/bin/../lib/gcc/nios2-elf/4.1.2\libgcc.a(_si_to_df.o)
                0x01010288                __floatsidf
 .text          0x01010380       0xd8 c:/altera/13.0sp1/nios2eds/bin/gnu/h-i686-mingw32/bin/../lib/gcc/nios2-elf/4.1.2\libgcc.a(_df_to_si.o)
                0x01010380                __fixdfsi
 .text          0x01010458        0x0 c:/altera/13.0sp1/nios2eds/bin/gnu/h-i686-mingw32/bin/../lib/gcc/nios2-elf/4.1.2\libgcc.a(_thenan_df.o)
 .text          0x01010458      0x194 c:/altera/13.0sp1/nios2eds/bin/gnu/h-i686-mingw32/bin/../lib/gcc/nios2-elf/4.1.2\libgcc.a(_usi_to_df.o)
                0x01010458                __floatunsidf
 .text          0x010105ec      0x14c c:/altera/13.0sp1/nios2eds/bin/gnu/h-i686-mingw32/bin/../lib/gcc/nios2-elf/4.1.2\libgcc.a(lib2-divmod.o)
                0x01010668                __divsi3
                0x010106c8                __modsi3
                0x01010728                __udivsi3
                0x01010730                __umodsi3
 .text          0x01010738       0x98 c:/altera/13.0sp1/nios2eds/bin/gnu/h-i686-mingw32/bin/../lib/gcc/nios2-elf/4.1.2\libgcc.a(_muldi3.o)
                0x01010738                __muldi3
 .text          0x010107d0        0x0 c:/altera/13.0sp1/nios2eds/bin/gnu/h-i686-mingw32/bin/../lib/gcc/nios2-elf/4.1.2\libgcc.a(_clz.o)
 .text          0x010107d0       0x80 c:/altera/13.0sp1/nios2eds/bin/gnu/h-i686-mingw32/bin/../lib/gcc/nios2-elf/4.1.2\libgcc.a(_clzsi2.o)
                0x010107d0                __clzsi2
 .text          0x01010850      0x314 c:/altera/13.0sp1/nios2eds/bin/gnu/h-i686-mingw32/bin/../lib/gcc/nios2-elf/4.1.2\libgcc.a(_pack_df.o)
                0x01010850                __pack_d
 .text          0x01010b64      0x138 c:/altera/13.0sp1/nios2eds/bin/gnu/h-i686-mingw32/bin/../lib/gcc/nios2-elf/4.1.2\libgcc.a(_unpack_df.o)
                0x01010b64                __unpack_d
 .text          0x01010c9c       0xc8 c:/altera/13.0sp1/nios2eds/bin/gnu/h-i686-mingw32/bin/../lib/gcc/nios2-elf/4.1.2\libgcc.a(_fpcmp_parts_df.o)
                0x01010c9c                __fpcmp_parts_d
 .text          0x01010d64      0x15c ../DuelDraw_interrupt_bsp/\libhal_bsp.a(alt_close.o)
                0x01010d64                close
 .text          0x01010ec0       0x2c ../DuelDraw_interrupt_bsp/\libhal_bsp.a(alt_dev.o)
 .text          0x01010eec        0x0 ../DuelDraw_interrupt_bsp/\libhal_bsp.a(alt_errno.o)
 .text          0x01010eec       0x60 ../DuelDraw_interrupt_bsp/\libhal_bsp.a(alt_exit.o)
                0x01010f2c                _exit
 .text          0x01010f4c      0x134 ../DuelDraw_interrupt_bsp/\libhal_bsp.a(alt_fstat.o)
                0x01010f4c                fstat
 .text          0x01011080       0x20 ../DuelDraw_interrupt_bsp/\libhal_bsp.a(alt_getpid.o)
                0x01011080                getpid
 .text          0x010110a0      0x1c0 ../DuelDraw_interrupt_bsp/\libhal_bsp.a(alt_irq_register.o)
                0x010110a0                alt_irq_register
 .text          0x01011260        0x0 ../DuelDraw_interrupt_bsp/\libhal_bsp.a(alt_irq_vars.o)
 .text          0x01011260      0x120 ../DuelDraw_interrupt_bsp/\libhal_bsp.a(alt_isatty.o)
                0x01011260                isatty
 .text          0x01011380      0x1a0 ../DuelDraw_interrupt_bsp/\libhal_bsp.a(alt_kill.o)
                0x01011380                kill
 .text          0x01011520       0xec ../DuelDraw_interrupt_bsp/\libhal_bsp.a(alt_load.o)
                0x01011520                alt_load
 .text          0x0101160c      0x150 ../DuelDraw_interrupt_bsp/\libhal_bsp.a(alt_lseek.o)
                0x0101160c                lseek
 .text          0x0101175c       0x6c ../DuelDraw_interrupt_bsp/\libhal_bsp.a(alt_main.o)
                0x0101175c                alt_main
 .text          0x010117c8       0x40 ../DuelDraw_interrupt_bsp/\libhal_bsp.a(alt_malloc_lock.o)
                0x010117c8                __malloc_lock
                0x010117e8                __malloc_unlock
 .text          0x01011808      0x180 ../DuelDraw_interrupt_bsp/\libhal_bsp.a(alt_read.o)
                0x01011808                read
 .text          0x01011988       0x60 ../DuelDraw_interrupt_bsp/\libhal_bsp.a(alt_release_fd.o)
                0x01011988                alt_release_fd
 .text          0x010119e8       0xbc ../DuelDraw_interrupt_bsp/\libhal_bsp.a(alt_sbrk.o)
                0x010119e8                sbrk
 .text          0x01011aa4       0x30 ../DuelDraw_interrupt_bsp/\libhal_bsp.a(alt_usleep.o)
                0x01011aa4                usleep
 .text          0x01011ad4      0x180 ../DuelDraw_interrupt_bsp/\libhal_bsp.a(alt_write.o)
                0x01011ad4                write
 .text          0x01011c54      0x3f4 ../DuelDraw_interrupt_bsp/\libhal_bsp.a(alt_sys_init.o)
                0x01011c54                alt_irq_init
                0x01011c88                alt_sys_init
 .text          0x01012048      0x148 ../DuelDraw_interrupt_bsp/\libhal_bsp.a(altera_avalon_jtag_uart_fd.o)
                0x01012048                altera_avalon_jtag_uart_read_fd
                0x010120a0                altera_avalon_jtag_uart_write_fd
                0x010120f8                altera_avalon_jtag_uart_close_fd
                0x01012140                altera_avalon_jtag_uart_ioctl_fd
 .text          0x01012190      0x408 ../DuelDraw_interrupt_bsp/\libhal_bsp.a(altera_avalon_jtag_uart_init.o)
                0x01012190                altera_avalon_jtag_uart_init
                0x01012524                altera_avalon_jtag_uart_close
 .text          0x01012598       0xf4 ../DuelDraw_interrupt_bsp/\libhal_bsp.a(altera_avalon_jtag_uart_ioctl.o)
                0x01012598                altera_avalon_jtag_uart_ioctl
 .text          0x0101268c      0x224 ../DuelDraw_interrupt_bsp/\libhal_bsp.a(altera_avalon_jtag_uart_read.o)
                0x0101268c                altera_avalon_jtag_uart_read
 .text          0x010128b0      0x240 ../DuelDraw_interrupt_bsp/\libhal_bsp.a(altera_avalon_jtag_uart_write.o)
                0x010128b0                altera_avalon_jtag_uart_write
 .text          0x01012af0      0x168 ../DuelDraw_interrupt_bsp/\libhal_bsp.a(altera_avalon_timer_ts.o)
                0x01012af0                alt_timestamp_start
                0x01012b94                alt_timestamp
                0x01012c30                alt_timestamp_freq
 .text          0x01012c58        0x0 ../DuelDraw_interrupt_bsp/\libhal_bsp.a(altera_avalon_timer_vars.o)
 .text          0x01012c58      0x530 ../DuelDraw_interrupt_bsp/\libhal_bsp.a(altera_up_avalon_character_lcd.o)
                0x01012c58                get_DDRAM_addr
                0x01012cd4                alt_up_character_lcd_send_cmd
                0x01012d08                alt_up_character_lcd_init
                0x01012d3c                alt_up_character_lcd_open_dev
                0x01012d7c                alt_up_character_lcd_write
                0x01012df4                alt_up_character_lcd_string
                0x01012e6c                alt_up_character_lcd_write_fd
                0x01012eb8                alt_up_character_lcd_set_cursor_pos
                0x01012f30                alt_up_character_lcd_shift_cursor
                0x01012fe0                alt_up_character_lcd_shift_display
                0x01013090                alt_up_character_lcd_erase_pos
                0x01013120                alt_up_character_lcd_cursor_off
                0x01013154                alt_up_character_lcd_cursor_blink_on
 .text          0x01013188      0x700 ../DuelDraw_interrupt_bsp/\libhal_bsp.a(altera_up_avalon_ps2.o)
                0x01013188                read_RI_bit
                0x010131bc                read_RE_bit
                0x010131ec                read_CE_bit
                0x01013220                read_num_bytes_available
                0x01013254                read_data_valid
                0x01013288                read_data_byte
                0x010132b4                alt_up_ps2_init
                0x01013380                alt_up_ps2_enable_read_interrupt
                0x010133d4                alt_up_ps2_disable_read_interrupt
                0x0101342c                alt_up_ps2_write_data_byte
                0x010134a4                alt_up_ps2_wait_for_ack
                0x01013514                alt_up_ps2_write_data_byte_with_ack
                0x01013580                alt_up_ps2_read_data_byte_timeout
                0x01013630                alt_up_ps2_read_data_byte
                0x010136ac                alt_up_ps2_clear_fifo
                0x01013704                alt_up_ps2_read_fd
                0x010137a0                alt_up_ps2_write_fd
                0x01013848                alt_up_ps2_open_dev
 .text          0x01013888       0x40 ../DuelDraw_interrupt_bsp/\libhal_bsp.a(altera_up_avalon_usb.o)
                0x01013888                alt_up_usb_open_dev
 .text          0x010138c8      0x304 ../DuelDraw_interrupt_bsp/\libhal_bsp.a(altera_up_avalon_video_character_buffer_with_dma.o)
                0x010138c8                alt_up_char_buffer_init
                0x0101394c                alt_up_char_buffer_open_dev
                0x0101398c                alt_up_char_buffer_draw
                0x01013a5c                alt_up_char_buffer_string
                0x01013b70                alt_up_char_buffer_clear
 .text          0x01013bcc      0x154 ../DuelDraw_interrupt_bsp/\libhal_bsp.a(alt_alarm_start.o)
                0x01013bcc                alt_alarm_start
 .text          0x01013d20      0x14c ../DuelDraw_interrupt_bsp/\libhal_bsp.a(alt_busy_sleep.o)
                0x01013d20                alt_busy_sleep
 .text          0x01013e6c       0x44 ../DuelDraw_interrupt_bsp/\libhal_bsp.a(alt_dcache_flush_all.o)
                0x01013e6c                alt_dcache_flush_all
 .text          0x01013eb0      0x114 ../DuelDraw_interrupt_bsp/\libhal_bsp.a(alt_dev_llist_insert.o)
                0x01013eb0                alt_dev_llist_insert
 .text          0x01013fc4       0x64 ../DuelDraw_interrupt_bsp/\libhal_bsp.a(alt_do_ctors.o)
                0x01013fc4                _do_ctors
 .text          0x01014028       0x64 ../DuelDraw_interrupt_bsp/\libhal_bsp.a(alt_do_dtors.o)
                0x01014028                _do_dtors
 .text          0x0101408c       0x94 ../DuelDraw_interrupt_bsp/\libhal_bsp.a(alt_find_dev.o)
                0x0101408c                alt_find_dev
 .text          0x01014120       0x30 ../DuelDraw_interrupt_bsp/\libhal_bsp.a(alt_icache_flush_all.o)
                0x01014120                alt_icache_flush_all
 .text          0x01014150      0x13c ../DuelDraw_interrupt_bsp/\libhal_bsp.a(alt_io_redirect.o)
                0x01014214                alt_io_redirect
 .text          0x0101428c        0x0 ../DuelDraw_interrupt_bsp/\libhal_bsp.a(alt_irq_entry.o)
 .text          0x0101428c        0x0 ../DuelDraw_interrupt_bsp/\libhal_bsp.a(alt_irq_handler.o)
 .text          0x0101428c      0x2c4 ../DuelDraw_interrupt_bsp/\libhal_bsp.a(alt_open.o)
                0x01014368                open
 .text          0x01014550      0x1a4 ../DuelDraw_interrupt_bsp/\libhal_bsp.a(alt_tick.o)
                0x01014550                alt_alarm_stop
                0x010145e8                alt_tick
 .text          0x010146f4       0x20 ../DuelDraw_interrupt_bsp/\libhal_bsp.a(altera_nios2_qsys_irq.o)
                0x010146f4                altera_nios2_qsys_irq_init
 .text          0x01014714        0x0 ../DuelDraw_interrupt_bsp/\libhal_bsp.a(alt_exception_entry.o)
 .text          0x01014714      0x120 ../DuelDraw_interrupt_bsp/\libhal_bsp.a(alt_find_file.o)
                0x01014714                alt_find_file
 .text          0x01014834       0xb8 ../DuelDraw_interrupt_bsp/\libhal_bsp.a(alt_get_fd.o)
                0x01014834                alt_get_fd
 .text          0x010148ec       0x90 ../DuelDraw_interrupt_bsp/\libhal_bsp.a(alt_icache_flush.o)
                0x010148ec                alt_icache_flush
 .text          0x0101497c       0x14 c:/altera/13.0sp1/nios2eds/bin/gnu/h-i686-mingw32/bin/../lib/gcc/nios2-elf/4.1.2/../../../../nios2-elf/lib\libc.a(lib_a-atexit.o)
                0x0101497c                atexit
 .text          0x01014990       0x74 c:/altera/13.0sp1/nios2eds/bin/gnu/h-i686-mingw32/bin/../lib/gcc/nios2-elf/4.1.2/../../../../nios2-elf/lib\libc.a(lib_a-memcmp.o)
                0x01014990                memcmp
 .text          0x01014a04      0x134 c:/altera/13.0sp1/nios2eds/bin/gnu/h-i686-mingw32/bin/../lib/gcc/nios2-elf/4.1.2/../../../../nios2-elf/lib\libc.a(lib_a-__atexit.o)
                0x01014a04                __register_exitproc
 *(.gnu.warning.*)
 *(.fini)
                0x01014b38                PROVIDE (__etext, ABSOLUTE (.))
                0x01014b38                PROVIDE (_etext, ABSOLUTE (.))
                0x01014b38                PROVIDE (etext, ABSOLUTE (.))
 *(.eh_frame_hdr)
                0x01014b38                . = ALIGN (0x4)
                0x01014b38                PROVIDE (__preinit_array_start, ABSOLUTE (.))
 *(.preinit_array)
                0x01014b38                PROVIDE (__preinit_array_end, ABSOLUTE (.))
                0x01014b38                PROVIDE (__init_array_start, ABSOLUTE (.))
 *(.init_array)
                0x01014b38                PROVIDE (__init_array_end, ABSOLUTE (.))
                0x01014b38                PROVIDE (__fini_array_start, ABSOLUTE (.))
 *(.fini_array)
                0x01014b38                PROVIDE (__fini_array_end, ABSOLUTE (.))
 *(.eh_frame)
 *(.gcc_except_table)
 *(.dynamic)
                0x01014b38                PROVIDE (__CTOR_LIST__, ABSOLUTE (.))
 *(.ctors)
 *(SORT(.ctors.*))
 .ctors.65535   0x01014b38        0x4 c:/altera/13.0sp1/nios2eds/bin/gnu/h-i686-mingw32/bin/../lib/gcc/nios2-elf/4.1.2/../../../../nios2-elf/lib\libc.a(lib_a-__call_atexit.o)
                0x01014b3c                PROVIDE (__CTOR_END__, ABSOLUTE (.))
                0x01014b3c                PROVIDE (__DTOR_LIST__, ABSOLUTE (.))
 *(.dtors)
 *(SORT(.dtors.*))
                0x01014b3c                PROVIDE (__DTOR_END__, ABSOLUTE (.))
 *(.jcr)
                0x01014b3c                . = ALIGN (0x4)

.rodata         0x01014b3c      0xc64
                0x01014b3c                PROVIDE (__ram_rodata_start, ABSOLUTE (.))
                0x01014b3c                . = ALIGN (0x4)
 *(.rodata .rodata.* .gnu.linkonce.r.*)
 .rodata        0x01014b3c       0xec obj/default/main.o
 .rodata        0x01014c28       0xa8 obj/default/usb/usb.o
 .rodata        0x01014cd0       0x5c obj/default/usb/usb_ISO.o
 .rodata        0x01014d2c       0x54 obj/default/usb/usb_chap_9.o
 .rodata        0x01014d80      0x20c obj/default/usb/usb_config.o
 .rodata        0x01014f8c       0xd8 obj/default/usb/usb_device_bus.o
 .rodata        0x01015064      0x140 obj/default/usb/usb_device_hal.o
 .rodata        0x010151a4       0xdc obj/default/usb/usb_isr.o
 .rodata        0x01015280       0x2c obj/default/usb/usb_queue.o
 .rodata        0x010152ac       0x44 obj/default/usbio.o
 .rodata.str1.4
                0x010152f0       0x3d c:/altera/13.0sp1/nios2eds/bin/gnu/h-i686-mingw32/bin/../lib/gcc/nios2-elf/4.1.2/../../../../nios2-elf/lib\libc.a(lib_a-assert.o)
                                 0x44 (size before relaxing)
 *fill*         0x0101532d        0x3 00
 .rodata.str1.4
                0x01015330        0x2 c:/altera/13.0sp1/nios2eds/bin/gnu/h-i686-mingw32/bin/../lib/gcc/nios2-elf/4.1.2/../../../../nios2-elf/lib\libc.a(lib_a-impure.o)
                                  0x4 (size before relaxing)
 *fill*         0x01015332        0x2 00
 .rodata.str1.4
                0x01015334        0x2 c:/altera/13.0sp1/nios2eds/bin/gnu/h-i686-mingw32/bin/../lib/gcc/nios2-elf/4.1.2/../../../../nios2-elf/lib\libc.a(lib_a-puts.o)
                                  0x4 (size before relaxing)
 *fill*         0x01015336        0x2 00
 .rodata.str1.4
                0x01015338       0x5e c:/altera/13.0sp1/nios2eds/bin/gnu/h-i686-mingw32/bin/../lib/gcc/nios2-elf/4.1.2/../../../../nios2-elf/lib\libc.a(lib_a-vfprintf.o)
                                 0x60 (size before relaxing)
 .rodata        0x01015396       0x20 c:/altera/13.0sp1/nios2eds/bin/gnu/h-i686-mingw32/bin/../lib/gcc/nios2-elf/4.1.2/../../../../nios2-elf/lib\libc.a(lib_a-vfprintf.o)
 *fill*         0x010153b6        0x2 00
 .rodata.str1.4
                0x010153b8       0x10 c:/altera/13.0sp1/nios2eds/bin/gnu/h-i686-mingw32/bin/../lib/gcc/nios2-elf/4.1.2/../../../../nios2-elf/lib\libc.a(lib_a-dtoa.o)
                                 0x14 (size before relaxing)
 .rodata.str1.4
                0x010153c8       0x10 c:/altera/13.0sp1/nios2eds/bin/gnu/h-i686-mingw32/bin/../lib/gcc/nios2-elf/4.1.2/../../../../nios2-elf/lib\libc.a(lib_a-locale.o)
                                 0x18 (size before relaxing)
 .rodata        0x010153d8       0x30 c:/altera/13.0sp1/nios2eds/bin/gnu/h-i686-mingw32/bin/../lib/gcc/nios2-elf/4.1.2/../../../../nios2-elf/lib\libc.a(lib_a-locale.o)
 .rodata        0x01015408      0x124 c:/altera/13.0sp1/nios2eds/bin/gnu/h-i686-mingw32/bin/../lib/gcc/nios2-elf/4.1.2/../../../../nios2-elf/lib\libc.a(lib_a-mprec.o)
                0x01015408                __mprec_tens
                0x010154d0                __mprec_bigtens
                0x010154f8                __mprec_tinytens
 .rodata.str1.4
                0x00000000       0x4c c:/altera/13.0sp1/nios2eds/bin/gnu/h-i686-mingw32/bin/../lib/gcc/nios2-elf/4.1.2/../../../../nios2-elf/lib\libc.a(lib_a-vfiprintf.o)
 .rodata        0x0101552c       0x20 c:/altera/13.0sp1/nios2eds/bin/gnu/h-i686-mingw32/bin/../lib/gcc/nios2-elf/4.1.2/../../../../nios2-elf/lib\libc.a(lib_a-vfiprintf.o)
 .rodata        0x0101554c       0x14 c:/altera/13.0sp1/nios2eds/bin/gnu/h-i686-mingw32/bin/../lib/gcc/nios2-elf/4.1.2\libgcc.a(_thenan_df.o)
                0x0101554c                __thenan_df
 .rodata        0x01015560      0x100 c:/altera/13.0sp1/nios2eds/bin/gnu/h-i686-mingw32/bin/../lib/gcc/nios2-elf/4.1.2\libgcc.a(_clz.o)
                0x01015560                __clz_tab
 .rodata        0x01015660        0xc ../DuelDraw_interrupt_bsp/\libhal_bsp.a(alt_dev.o)
 .rodata        0x0101566c        0xc ../DuelDraw_interrupt_bsp/\libhal_bsp.a(alt_main.o)
 .rodata        0x01015678      0x10c ../DuelDraw_interrupt_bsp/\libhal_bsp.a(alt_sys_init.o)
 .rodata        0x01015784       0x1c ../DuelDraw_interrupt_bsp/\libhal_bsp.a(altera_up_avalon_video_character_buffer_with_dma.o)
 *(.rodata1)
                0x010157a0                . = ALIGN (0x4)
                0x010157a0                PROVIDE (__ram_rodata_end, ABSOLUTE (.))
                0x01014b3c                PROVIDE (__flash_rodata_start, LOADADDR (.rodata))

.rwdata         0x010157a0     0x1f28 load address 0x010176c8
                0x010157a0                PROVIDE (__ram_rwdata_start, ABSOLUTE (.))
                0x010157a0                . = ALIGN (0x4)
 *(.got.plt)
 *(.got)
 *(.data1)
 *(.data .data.* .gnu.linkonce.d.*)
 .data          0x010157a0        0x0 ../DuelDraw_interrupt_bsp//obj/HAL/src/crt0.o
 .data          0x010157a0        0x0 obj/default/main.o
 .data          0x010157a0        0x0 obj/default/packet.o
 .data          0x010157a0        0x0 obj/default/player.o
 .data          0x010157a0        0x0 obj/default/recvQueue.o
 .data          0x010157a0        0x0 obj/default/usb/usb.o
 .data          0x010157a0        0x0 obj/default/usb/usb_ISO.o
 .data          0x010157a0      0x1ac obj/default/usb/usb_chap_9.o
                0x010157a0                DeviceDescr
                0x010157b2                ConfigDescr_a
                0x010157e0                ConfigDescr
                0x01015828                InterfaceDescr0
                0x01015831                InterfaceDescr1
                0x0101583a                EP_Descr
                0x0101585a                REPORT_DESCRIPTOR
                0x0101588c                strInterface
                0x010158a4                strConfiguration
                0x010158b6                strSerialNum
                0x010158d0                strProduct
                0x01015912                strManufacturer
 .data          0x0101594c      0x108 obj/default/usb/usb_config.o
                0x0101594c                StandardDeviceRequest
                0x01015980                _NAME_USB_REQUEST_RECIPIENT
                0x01015990                _NAME_USB_REQUEST_TYPE
                0x010159a0                _NAME_USB_STANDARD_REQUEST
                0x010159d4                VendorDeviceRequest
                0x01015a14                _NAME_USB_VENDOR_REQUEST
 .data          0x01015a54        0x0 obj/default/usb/usb_device_bus.o
 .data          0x01015a54        0x0 obj/default/usb/usb_device_hal.o
 .data          0x01015a54        0x0 obj/default/usb/usb_isr.o
 .data          0x01015a54        0x0 obj/default/usb/usb_queue.o
 .data          0x01015a54        0x0 obj/default/usbio.o
 .data          0x01015a54        0x0 c:/altera/13.0sp1/nios2eds/bin/gnu/h-i686-mingw32/bin/../lib/gcc/nios2-elf/4.1.2/../../../../nios2-elf/lib\libc.a(lib_a-assert.o)
 .data          0x01015a54        0x0 c:/altera/13.0sp1/nios2eds/bin/gnu/h-i686-mingw32/bin/../lib/gcc/nios2-elf/4.1.2/../../../../nios2-elf/lib\libc.a(lib_a-calloc.o)
 .data          0x01015a54        0x0 c:/altera/13.0sp1/nios2eds/bin/gnu/h-i686-mingw32/bin/../lib/gcc/nios2-elf/4.1.2/../../../../nios2-elf/lib\libc.a(lib_a-callocr.o)
 .data          0x01015a54        0x0 c:/altera/13.0sp1/nios2eds/bin/gnu/h-i686-mingw32/bin/../lib/gcc/nios2-elf/4.1.2/../../../../nios2-elf/lib\libc.a(lib_a-exit.o)
 .data          0x01015a54        0x0 c:/altera/13.0sp1/nios2eds/bin/gnu/h-i686-mingw32/bin/../lib/gcc/nios2-elf/4.1.2/../../../../nios2-elf/lib\libc.a(lib_a-fiprintf.o)
 .data          0x01015a54      0x400 c:/altera/13.0sp1/nios2eds/bin/gnu/h-i686-mingw32/bin/../lib/gcc/nios2-elf/4.1.2/../../../../nios2-elf/lib\libc.a(lib_a-impure.o)
 .data          0x01015e54        0x0 c:/altera/13.0sp1/nios2eds/bin/gnu/h-i686-mingw32/bin/../lib/gcc/nios2-elf/4.1.2/../../../../nios2-elf/lib\libc.a(lib_a-malloc.o)
 .data          0x01015e54      0x408 c:/altera/13.0sp1/nios2eds/bin/gnu/h-i686-mingw32/bin/../lib/gcc/nios2-elf/4.1.2/../../../../nios2-elf/lib\libc.a(lib_a-mallocr.o)
                0x01015e54                __malloc_av_
 .data          0x0101625c        0x0 c:/altera/13.0sp1/nios2eds/bin/gnu/h-i686-mingw32/bin/../lib/gcc/nios2-elf/4.1.2/../../../../nios2-elf/lib\libc.a(lib_a-memcpy.o)
 .data          0x0101625c        0x0 c:/altera/13.0sp1/nios2eds/bin/gnu/h-i686-mingw32/bin/../lib/gcc/nios2-elf/4.1.2/../../../../nios2-elf/lib\libc.a(lib_a-memset.o)
 .data          0x0101625c        0x0 c:/altera/13.0sp1/nios2eds/bin/gnu/h-i686-mingw32/bin/../lib/gcc/nios2-elf/4.1.2/../../../../nios2-elf/lib\libc.a(lib_a-printf.o)
 .data          0x0101625c        0x0 c:/altera/13.0sp1/nios2eds/bin/gnu/h-i686-mingw32/bin/../lib/gcc/nios2-elf/4.1.2/../../../../nios2-elf/lib\libc.a(lib_a-putchar.o)
 .data          0x0101625c        0x0 c:/altera/13.0sp1/nios2eds/bin/gnu/h-i686-mingw32/bin/../lib/gcc/nios2-elf/4.1.2/../../../../nios2-elf/lib\libc.a(lib_a-puts.o)
 .data          0x0101625c        0x0 c:/altera/13.0sp1/nios2eds/bin/gnu/h-i686-mingw32/bin/../lib/gcc/nios2-elf/4.1.2/../../../../nios2-elf/lib\libc.a(lib_a-sbrkr.o)
 .data          0x0101625c        0x0 c:/altera/13.0sp1/nios2eds/bin/gnu/h-i686-mingw32/bin/../lib/gcc/nios2-elf/4.1.2/../../../../nios2-elf/lib\libc.a(lib_a-strcmp.o)
 .data          0x0101625c        0x0 c:/altera/13.0sp1/nios2eds/bin/gnu/h-i686-mingw32/bin/../lib/gcc/nios2-elf/4.1.2/../../../../nios2-elf/lib\libc.a(lib_a-strcpy.o)
 .data          0x0101625c        0x0 c:/altera/13.0sp1/nios2eds/bin/gnu/h-i686-mingw32/bin/../lib/gcc/nios2-elf/4.1.2/../../../../nios2-elf/lib\libc.a(lib_a-strlen.o)
 .data          0x0101625c        0x0 c:/altera/13.0sp1/nios2eds/bin/gnu/h-i686-mingw32/bin/../lib/gcc/nios2-elf/4.1.2/../../../../nios2-elf/lib\libc.a(lib_a-vfiprintfr_1.o)
 .data          0x0101625c        0x0 c:/altera/13.0sp1/nios2eds/bin/gnu/h-i686-mingw32/bin/../lib/gcc/nios2-elf/4.1.2/../../../../nios2-elf/lib\libc.a(lib_a-vfprintf.o)
 .data          0x0101625c        0x0 c:/altera/13.0sp1/nios2eds/bin/gnu/h-i686-mingw32/bin/../lib/gcc/nios2-elf/4.1.2/../../../../nios2-elf/lib\libc.a(lib_a-wsetup.o)
 .data          0x0101625c        0x0 c:/altera/13.0sp1/nios2eds/bin/gnu/h-i686-mingw32/bin/../lib/gcc/nios2-elf/4.1.2/../../../../nios2-elf/lib\libc.a(lib_a-__call_atexit.o)
 .data          0x0101625c        0x0 c:/altera/13.0sp1/nios2eds/bin/gnu/h-i686-mingw32/bin/../lib/gcc/nios2-elf/4.1.2/../../../../nios2-elf/lib\libc.a(lib_a-abort.o)
 .data          0x0101625c        0x0 c:/altera/13.0sp1/nios2eds/bin/gnu/h-i686-mingw32/bin/../lib/gcc/nios2-elf/4.1.2/../../../../nios2-elf/lib\libc.a(lib_a-dtoa.o)
 .data          0x0101625c        0x0 c:/altera/13.0sp1/nios2eds/bin/gnu/h-i686-mingw32/bin/../lib/gcc/nios2-elf/4.1.2/../../../../nios2-elf/lib\libc.a(lib_a-fflush.o)
 .data          0x0101625c        0x0 c:/altera/13.0sp1/nios2eds/bin/gnu/h-i686-mingw32/bin/../lib/gcc/nios2-elf/4.1.2/../../../../nios2-elf/lib\libc.a(lib_a-findfp.o)
 .data          0x0101625c        0x0 c:/altera/13.0sp1/nios2eds/bin/gnu/h-i686-mingw32/bin/../lib/gcc/nios2-elf/4.1.2/../../../../nios2-elf/lib\libc.a(lib_a-freer.o)
 .data          0x0101625c        0x0 c:/altera/13.0sp1/nios2eds/bin/gnu/h-i686-mingw32/bin/../lib/gcc/nios2-elf/4.1.2/../../../../nios2-elf/lib\libc.a(lib_a-fvwrite.o)
 .data          0x0101625c        0x0 c:/altera/13.0sp1/nios2eds/bin/gnu/h-i686-mingw32/bin/../lib/gcc/nios2-elf/4.1.2/../../../../nios2-elf/lib\libc.a(lib_a-fwalk.o)
 .data          0x0101625c        0x0 c:/altera/13.0sp1/nios2eds/bin/gnu/h-i686-mingw32/bin/../lib/gcc/nios2-elf/4.1.2/../../../../nios2-elf/lib\libc.a(lib_a-int_errno.o)
 .data          0x0101625c        0xc c:/altera/13.0sp1/nios2eds/bin/gnu/h-i686-mingw32/bin/../lib/gcc/nios2-elf/4.1.2/../../../../nios2-elf/lib\libc.a(lib_a-locale.o)
                0x0101625c                __lc_ctype
 .data          0x01016268        0x0 c:/altera/13.0sp1/nios2eds/bin/gnu/h-i686-mingw32/bin/../lib/gcc/nios2-elf/4.1.2/../../../../nios2-elf/lib\libc.a(lib_a-makebuf.o)
 .data          0x01016268        0x0 c:/altera/13.0sp1/nios2eds/bin/gnu/h-i686-mingw32/bin/../lib/gcc/nios2-elf/4.1.2/../../../../nios2-elf/lib\libc.a(lib_a-memchr.o)
 .data          0x01016268        0x0 c:/altera/13.0sp1/nios2eds/bin/gnu/h-i686-mingw32/bin/../lib/gcc/nios2-elf/4.1.2/../../../../nios2-elf/lib\libc.a(lib_a-memmove.o)
 .data          0x01016268        0x0 c:/altera/13.0sp1/nios2eds/bin/gnu/h-i686-mingw32/bin/../lib/gcc/nios2-elf/4.1.2/../../../../nios2-elf/lib\libc.a(lib_a-mprec.o)
 .data          0x01016268        0x0 c:/altera/13.0sp1/nios2eds/bin/gnu/h-i686-mingw32/bin/../lib/gcc/nios2-elf/4.1.2/../../../../nios2-elf/lib\libc.a(lib_a-putc.o)
 .data          0x01016268        0x0 c:/altera/13.0sp1/nios2eds/bin/gnu/h-i686-mingw32/bin/../lib/gcc/nios2-elf/4.1.2/../../../../nios2-elf/lib\libc.a(lib_a-reallocr.o)
 .data          0x01016268        0x0 c:/altera/13.0sp1/nios2eds/bin/gnu/h-i686-mingw32/bin/../lib/gcc/nios2-elf/4.1.2/../../../../nios2-elf/lib\libc.a(lib_a-s_isinfd.o)
 .data          0x01016268        0x0 c:/altera/13.0sp1/nios2eds/bin/gnu/h-i686-mingw32/bin/../lib/gcc/nios2-elf/4.1.2/../../../../nios2-elf/lib\libc.a(lib_a-s_isnand.o)
 .data          0x01016268        0x0 c:/altera/13.0sp1/nios2eds/bin/gnu/h-i686-mingw32/bin/../lib/gcc/nios2-elf/4.1.2/../../../../nios2-elf/lib\libc.a(lib_a-signal.o)
 .data          0x01016268        0x0 c:/altera/13.0sp1/nios2eds/bin/gnu/h-i686-mingw32/bin/../lib/gcc/nios2-elf/4.1.2/../../../../nios2-elf/lib\libc.a(lib_a-signalr.o)
 .data          0x01016268        0x0 c:/altera/13.0sp1/nios2eds/bin/gnu/h-i686-mingw32/bin/../lib/gcc/nios2-elf/4.1.2/../../../../nios2-elf/lib\libc.a(lib_a-stdio.o)
 .data          0x01016268        0x0 c:/altera/13.0sp1/nios2eds/bin/gnu/h-i686-mingw32/bin/../lib/gcc/nios2-elf/4.1.2/../../../../nios2-elf/lib\libc.a(lib_a-vfiprintf.o)
 .data          0x01016268        0x0 c:/altera/13.0sp1/nios2eds/bin/gnu/h-i686-mingw32/bin/../lib/gcc/nios2-elf/4.1.2/../../../../nios2-elf/lib\libc.a(lib_a-wbuf.o)
 .data          0x01016268        0x0 c:/altera/13.0sp1/nios2eds/bin/gnu/h-i686-mingw32/bin/../lib/gcc/nios2-elf/4.1.2/../../../../nios2-elf/lib\libc.a(lib_a-writer.o)
 .data          0x01016268        0x0 c:/altera/13.0sp1/nios2eds/bin/gnu/h-i686-mingw32/bin/../lib/gcc/nios2-elf/4.1.2/../../../../nios2-elf/lib\libc.a(lib_a-closer.o)
 .data          0x01016268        0x0 c:/altera/13.0sp1/nios2eds/bin/gnu/h-i686-mingw32/bin/../lib/gcc/nios2-elf/4.1.2/../../../../nios2-elf/lib\libc.a(lib_a-fclose.o)
 .data          0x01016268        0x0 c:/altera/13.0sp1/nios2eds/bin/gnu/h-i686-mingw32/bin/../lib/gcc/nios2-elf/4.1.2/../../../../nios2-elf/lib\libc.a(lib_a-fstatr.o)
 .data          0x01016268        0x0 c:/altera/13.0sp1/nios2eds/bin/gnu/h-i686-mingw32/bin/../lib/gcc/nios2-elf/4.1.2/../../../../nios2-elf/lib\libc.a(lib_a-isattyr.o)
 .data          0x01016268        0x0 c:/altera/13.0sp1/nios2eds/bin/gnu/h-i686-mingw32/bin/../lib/gcc/nios2-elf/4.1.2/../../../../nios2-elf/lib\libc.a(lib_a-lseekr.o)
 .data          0x01016268        0x0 c:/altera/13.0sp1/nios2eds/bin/gnu/h-i686-mingw32/bin/../lib/gcc/nios2-elf/4.1.2/../../../../nios2-elf/lib\libc.a(lib_a-readr.o)
 .data          0x01016268        0x0 c:/altera/13.0sp1/nios2eds/bin/gnu/h-i686-mingw32/bin/../lib/gcc/nios2-elf/4.1.2\libgcc.a(_udivdi3.o)
 .data          0x01016268        0x0 c:/altera/13.0sp1/nios2eds/bin/gnu/h-i686-mingw32/bin/../lib/gcc/nios2-elf/4.1.2\libgcc.a(_umoddi3.o)
 .data          0x01016268        0x0 c:/altera/13.0sp1/nios2eds/bin/gnu/h-i686-mingw32/bin/../lib/gcc/nios2-elf/4.1.2\libgcc.a(_addsub_df.o)
 .data          0x01016268        0x0 c:/altera/13.0sp1/nios2eds/bin/gnu/h-i686-mingw32/bin/../lib/gcc/nios2-elf/4.1.2\libgcc.a(_mul_df.o)
 .data          0x01016268        0x0 c:/altera/13.0sp1/nios2eds/bin/gnu/h-i686-mingw32/bin/../lib/gcc/nios2-elf/4.1.2\libgcc.a(_div_df.o)
 .data          0x01016268        0x0 c:/altera/13.0sp1/nios2eds/bin/gnu/h-i686-mingw32/bin/../lib/gcc/nios2-elf/4.1.2\libgcc.a(_eq_df.o)
 .data          0x01016268        0x0 c:/altera/13.0sp1/nios2eds/bin/gnu/h-i686-mingw32/bin/../lib/gcc/nios2-elf/4.1.2\libgcc.a(_ne_df.o)
 .data          0x01016268        0x0 c:/altera/13.0sp1/nios2eds/bin/gnu/h-i686-mingw32/bin/../lib/gcc/nios2-elf/4.1.2\libgcc.a(_gt_df.o)
 .data          0x01016268        0x0 c:/altera/13.0sp1/nios2eds/bin/gnu/h-i686-mingw32/bin/../lib/gcc/nios2-elf/4.1.2\libgcc.a(_ge_df.o)
 .data          0x01016268        0x0 c:/altera/13.0sp1/nios2eds/bin/gnu/h-i686-mingw32/bin/../lib/gcc/nios2-elf/4.1.2\libgcc.a(_lt_df.o)
 .data          0x01016268        0x0 c:/altera/13.0sp1/nios2eds/bin/gnu/h-i686-mingw32/bin/../lib/gcc/nios2-elf/4.1.2\libgcc.a(_si_to_df.o)
 .data          0x01016268        0x0 c:/altera/13.0sp1/nios2eds/bin/gnu/h-i686-mingw32/bin/../lib/gcc/nios2-elf/4.1.2\libgcc.a(_df_to_si.o)
 .data          0x01016268        0x0 c:/altera/13.0sp1/nios2eds/bin/gnu/h-i686-mingw32/bin/../lib/gcc/nios2-elf/4.1.2\libgcc.a(_thenan_df.o)
 .data          0x01016268        0x0 c:/altera/13.0sp1/nios2eds/bin/gnu/h-i686-mingw32/bin/../lib/gcc/nios2-elf/4.1.2\libgcc.a(_usi_to_df.o)
 .data          0x01016268        0x0 c:/altera/13.0sp1/nios2eds/bin/gnu/h-i686-mingw32/bin/../lib/gcc/nios2-elf/4.1.2\libgcc.a(lib2-divmod.o)
 .data          0x01016268        0x0 c:/altera/13.0sp1/nios2eds/bin/gnu/h-i686-mingw32/bin/../lib/gcc/nios2-elf/4.1.2\libgcc.a(_muldi3.o)
 .data          0x01016268        0x0 c:/altera/13.0sp1/nios2eds/bin/gnu/h-i686-mingw32/bin/../lib/gcc/nios2-elf/4.1.2\libgcc.a(_clz.o)
 .data          0x01016268        0x0 c:/altera/13.0sp1/nios2eds/bin/gnu/h-i686-mingw32/bin/../lib/gcc/nios2-elf/4.1.2\libgcc.a(_clzsi2.o)
 .data          0x01016268        0x0 c:/altera/13.0sp1/nios2eds/bin/gnu/h-i686-mingw32/bin/../lib/gcc/nios2-elf/4.1.2\libgcc.a(_pack_df.o)
 .data          0x01016268        0x0 c:/altera/13.0sp1/nios2eds/bin/gnu/h-i686-mingw32/bin/../lib/gcc/nios2-elf/4.1.2\libgcc.a(_unpack_df.o)
 .data          0x01016268        0x0 c:/altera/13.0sp1/nios2eds/bin/gnu/h-i686-mingw32/bin/../lib/gcc/nios2-elf/4.1.2\libgcc.a(_fpcmp_parts_df.o)
 .data          0x01016268        0x0 ../DuelDraw_interrupt_bsp/\libhal_bsp.a(alt_close.o)
 .data          0x01016268      0x1a8 ../DuelDraw_interrupt_bsp/\libhal_bsp.a(alt_dev.o)
                0x01016268                alt_dev_null
                0x01016290                alt_fd_list
 .data          0x01016410        0x0 ../DuelDraw_interrupt_bsp/\libhal_bsp.a(alt_errno.o)
 .data          0x01016410        0x0 ../DuelDraw_interrupt_bsp/\libhal_bsp.a(alt_exit.o)
 .data          0x01016410        0x0 ../DuelDraw_interrupt_bsp/\libhal_bsp.a(alt_fstat.o)
 .data          0x01016410        0x0 ../DuelDraw_interrupt_bsp/\libhal_bsp.a(alt_getpid.o)
 .data          0x01016410        0x0 ../DuelDraw_interrupt_bsp/\libhal_bsp.a(alt_irq_register.o)
 .data          0x01016410        0x0 ../DuelDraw_interrupt_bsp/\libhal_bsp.a(alt_irq_vars.o)
 .data          0x01016410        0x0 ../DuelDraw_interrupt_bsp/\libhal_bsp.a(alt_isatty.o)
 .data          0x01016410        0x0 ../DuelDraw_interrupt_bsp/\libhal_bsp.a(alt_kill.o)
 .data          0x01016410        0x0 ../DuelDraw_interrupt_bsp/\libhal_bsp.a(alt_load.o)
 .data          0x01016410        0x0 ../DuelDraw_interrupt_bsp/\libhal_bsp.a(alt_lseek.o)
 .data          0x01016410        0x0 ../DuelDraw_interrupt_bsp/\libhal_bsp.a(alt_main.o)
 .data          0x01016410        0x0 ../DuelDraw_interrupt_bsp/\libhal_bsp.a(alt_malloc_lock.o)
 .data          0x01016410        0x0 ../DuelDraw_interrupt_bsp/\libhal_bsp.a(alt_read.o)
 .data          0x01016410        0x0 ../DuelDraw_interrupt_bsp/\libhal_bsp.a(alt_release_fd.o)
 .data          0x01016410        0x0 ../DuelDraw_interrupt_bsp/\libhal_bsp.a(alt_sbrk.o)
 .data          0x01016410        0x0 ../DuelDraw_interrupt_bsp/\libhal_bsp.a(alt_usleep.o)
 .data          0x01016410        0x0 ../DuelDraw_interrupt_bsp/\libhal_bsp.a(alt_write.o)
 .data          0x01016410     0x124c ../DuelDraw_interrupt_bsp/\libhal_bsp.a(alt_sys_init.o)
 .data          0x0101765c        0x0 ../DuelDraw_interrupt_bsp/\libhal_bsp.a(altera_avalon_jtag_uart_fd.o)
 .data          0x0101765c        0x0 ../DuelDraw_interrupt_bsp/\libhal_bsp.a(altera_avalon_jtag_uart_init.o)
 .data          0x0101765c        0x0 ../DuelDraw_interrupt_bsp/\libhal_bsp.a(altera_avalon_jtag_uart_ioctl.o)
 .data          0x0101765c        0x0 ../DuelDraw_interrupt_bsp/\libhal_bsp.a(altera_avalon_jtag_uart_read.o)
 .data          0x0101765c        0x0 ../DuelDraw_interrupt_bsp/\libhal_bsp.a(altera_avalon_jtag_uart_write.o)
 .data          0x0101765c        0x0 ../DuelDraw_interrupt_bsp/\libhal_bsp.a(altera_avalon_timer_ts.o)
 .data          0x0101765c        0x0 ../DuelDraw_interrupt_bsp/\libhal_bsp.a(altera_avalon_timer_vars.o)
 .data          0x0101765c        0x0 ../DuelDraw_interrupt_bsp/\libhal_bsp.a(altera_up_avalon_character_lcd.o)
 .data          0x0101765c        0x0 ../DuelDraw_interrupt_bsp/\libhal_bsp.a(altera_up_avalon_ps2.o)
 .data          0x0101765c        0x0 ../DuelDraw_interrupt_bsp/\libhal_bsp.a(altera_up_avalon_usb.o)
 .data          0x0101765c        0x0 ../DuelDraw_interrupt_bsp/\libhal_bsp.a(altera_up_avalon_video_character_buffer_with_dma.o)
 .data          0x0101765c        0x0 ../DuelDraw_interrupt_bsp/\libhal_bsp.a(alt_alarm_start.o)
 .data          0x0101765c        0x0 ../DuelDraw_interrupt_bsp/\libhal_bsp.a(alt_busy_sleep.o)
 .data          0x0101765c        0x0 ../DuelDraw_interrupt_bsp/\libhal_bsp.a(alt_dcache_flush_all.o)
 .data          0x0101765c        0x0 ../DuelDraw_interrupt_bsp/\libhal_bsp.a(alt_dev_llist_insert.o)
 .data          0x0101765c        0x0 ../DuelDraw_interrupt_bsp/\libhal_bsp.a(alt_do_ctors.o)
 .data          0x0101765c        0x0 ../DuelDraw_interrupt_bsp/\libhal_bsp.a(alt_do_dtors.o)
 .data          0x0101765c        0x0 ../DuelDraw_interrupt_bsp/\libhal_bsp.a(alt_find_dev.o)
 .data          0x0101765c        0x0 ../DuelDraw_interrupt_bsp/\libhal_bsp.a(alt_icache_flush_all.o)
 .data          0x0101765c        0x0 ../DuelDraw_interrupt_bsp/\libhal_bsp.a(alt_io_redirect.o)
 .data          0x0101765c        0x0 ../DuelDraw_interrupt_bsp/\libhal_bsp.a(alt_irq_entry.o)
 .data          0x0101765c        0x0 ../DuelDraw_interrupt_bsp/\libhal_bsp.a(alt_irq_handler.o)
 .data          0x0101765c        0x0 ../DuelDraw_interrupt_bsp/\libhal_bsp.a(alt_open.o)
 .data          0x0101765c        0x0 ../DuelDraw_interrupt_bsp/\libhal_bsp.a(alt_tick.o)
 .data          0x0101765c        0x0 ../DuelDraw_interrupt_bsp/\libhal_bsp.a(altera_nios2_qsys_irq.o)
 .data          0x0101765c        0x0 ../DuelDraw_interrupt_bsp/\libhal_bsp.a(alt_exception_entry.o)
 .data          0x0101765c        0x0 ../DuelDraw_interrupt_bsp/\libhal_bsp.a(alt_find_file.o)
 .data          0x0101765c        0x0 ../DuelDraw_interrupt_bsp/\libhal_bsp.a(alt_get_fd.o)
 .data          0x0101765c        0x0 ../DuelDraw_interrupt_bsp/\libhal_bsp.a(alt_icache_flush.o)
 .data          0x0101765c        0x0 c:/altera/13.0sp1/nios2eds/bin/gnu/h-i686-mingw32/bin/../lib/gcc/nios2-elf/4.1.2/../../../../nios2-elf/lib\libc.a(lib_a-atexit.o)
 .data          0x0101765c        0x0 c:/altera/13.0sp1/nios2eds/bin/gnu/h-i686-mingw32/bin/../lib/gcc/nios2-elf/4.1.2/../../../../nios2-elf/lib\libc.a(lib_a-memcmp.o)
 .data          0x0101765c        0x0 c:/altera/13.0sp1/nios2eds/bin/gnu/h-i686-mingw32/bin/../lib/gcc/nios2-elf/4.1.2/../../../../nios2-elf/lib\libc.a(lib_a-__atexit.o)
                0x0101f65c                _gp = ABSOLUTE ((. + 0x8000))
                0x0101f65c                PROVIDE (gp, _gp)
 *(.rwdata .rwdata.*)
 *(.sdata .sdata.* .gnu.linkonce.s.*)
 .sdata         0x0101765c        0x4 obj/default/usb/usb.o
                0x0101765c                packet_size
 .sdata         0x01017660        0x6 obj/default/usb/usb_ISO.o
                0x01017660                IsoDisable
                0x01017662                IsoOutPattern
                0x01017664                IsoInPattern
 .sdata         0x01017666        0x4 obj/default/usb/usb_chap_9.o
                0x01017666                strLanguage
 *fill*         0x0101766a        0x2 00
 .sdata         0x0101766c       0x10 obj/default/usb/usb_config.o
                0x0101766c                _NAME_USB_REQUEST_DIRECTION
                0x01017674                ClassDeviceRequest
                0x01017678                _NAME_USB_CLASS_REQUEST
 .sdata         0x0101767c        0xc obj/default/usb/usb_isr.o
                0x0101767c                INT_Enabled
                0x01017680                rb_wr_ptr
                0x01017684                rb_rd_ptr
 .sdata         0x01017688        0x8 c:/altera/13.0sp1/nios2eds/bin/gnu/h-i686-mingw32/bin/../lib/gcc/nios2-elf/4.1.2/../../../../nios2-elf/lib\libc.a(lib_a-impure.o)
                0x01017688                _impure_ptr
                0x0101768c                _global_impure_ptr
 .sdata         0x01017690        0x8 c:/altera/13.0sp1/nios2eds/bin/gnu/h-i686-mingw32/bin/../lib/gcc/nios2-elf/4.1.2/../../../../nios2-elf/lib\libc.a(lib_a-mallocr.o)
                0x01017690                __malloc_trim_threshold
                0x01017694                __malloc_sbrk_base
 .sdata         0x01017698        0x8 c:/altera/13.0sp1/nios2eds/bin/gnu/h-i686-mingw32/bin/../lib/gcc/nios2-elf/4.1.2/../../../../nios2-elf/lib\libc.a(lib_a-locale.o)
                0x01017698                __mb_cur_max
 .sdata         0x010176a0       0x14 ../DuelDraw_interrupt_bsp/\libhal_bsp.a(alt_dev.o)
                0x010176a0                alt_fs_list
                0x010176a8                alt_dev_list
                0x010176b0                alt_max_fd
 .sdata         0x010176b4        0x4 ../DuelDraw_interrupt_bsp/\libhal_bsp.a(alt_errno.o)
                0x010176b4                alt_errno
 .sdata         0x010176b8        0x4 ../DuelDraw_interrupt_bsp/\libhal_bsp.a(alt_irq_vars.o)
                0x010176b8                alt_priority_mask
 .sdata         0x010176bc        0x4 ../DuelDraw_interrupt_bsp/\libhal_bsp.a(alt_sbrk.o)
 .sdata         0x010176c0        0x8 ../DuelDraw_interrupt_bsp/\libhal_bsp.a(alt_tick.o)
                0x010176c0                alt_alarm_list
 *(.sdata2 .sdata2.* .gnu.linkonce.s2.*)
                0x010176c8                . = ALIGN (0x4)
                0x010176c8                _edata = ABSOLUTE (.)
                0x010176c8                PROVIDE (edata, ABSOLUTE (.))
                0x010176c8                PROVIDE (__ram_rwdata_end, ABSOLUTE (.))
                0x010176c8                PROVIDE (__flash_rwdata_start, LOADADDR (.rwdata))

.bss            0x010195f0     0x1b6c
                0x010195f0                __bss_start = ABSOLUTE (.)
                0x010195f0                PROVIDE (__sbss_start, ABSOLUTE (.))
                0x010195f0                PROVIDE (___sbss_start, ABSOLUTE (.))
 *(.dynsbss)
 *(.sbss .sbss.* .gnu.linkonce.sb.*)
 .sbss          0x010195f0        0x8 obj/default/main.o
                0x010195f0                count
                0x010195f4                value
 .sbss          0x010195f8        0x4 obj/default/main.o
                0x010195f8                rq
 .sbss          0x010195fc       0x37 obj/default/usb/usb.o
                0x010195fc                usb_initialized
                0x01019600                usb_recv_cb
                0x01019604                usb_send_cb
                0x01019608                ISP1362_BASE
                0x0101960c                bD13flags
                0x01019610                usb_send_queue
                0x01019618                usb_recv_queue
                0x01019620                ioRequest
                0x01019628                usb_send_cb_context
                0x0101962c                usb_recv_cb_context
                0x01019630                bUSBCheck_Device_State
 *fill*         0x01019633        0x1 00
 .sbss          0x01019634        0x6 obj/default/usb/usb_ISO.o
                0x01019634                IsoMode
                0x01019636                IsoOutPktLen
                0x01019638                IsoInPktLen
 .sbss          0x0101963a        0x1 obj/default/usb/usb_chap_9.o
                0x0101963a                ALTERNATIVE_SETTING
 *fill*         0x0101963b        0x1 00
 .sbss          0x0101963c        0x8 obj/default/usb/usb_isr.o
                0x0101963c                inflight
                0x01019640                status
 .sbss          0x01019644        0xc c:/altera/13.0sp1/nios2eds/bin/gnu/h-i686-mingw32/bin/../lib/gcc/nios2-elf/4.1.2/../../../../nios2-elf/lib\libc.a(lib_a-mallocr.o)
                0x01019644                __malloc_top_pad
                0x01019648                __malloc_max_sbrked_mem
                0x0101964c                __malloc_max_total_mem
 .sbss          0x01019650        0x4 c:/altera/13.0sp1/nios2eds/bin/gnu/h-i686-mingw32/bin/../lib/gcc/nios2-elf/4.1.2/../../../../nios2-elf/lib\libc.a(lib_a-int_errno.o)
                0x01019650                errno
 .sbss          0x01019654        0xc c:/altera/13.0sp1/nios2eds/bin/gnu/h-i686-mingw32/bin/../lib/gcc/nios2-elf/4.1.2/../../../../nios2-elf/lib\libc.a(lib_a-locale.o)
                0x01019654                __nlocale_changed
                0x01019658                __mlocale_changed
                0x0101965c                _PathLocale
 .sbss          0x01019660        0x4 ../DuelDraw_interrupt_bsp/\libhal_bsp.a(alt_irq_vars.o)
                0x01019660                alt_irq_active
 .sbss          0x01019664        0xc ../DuelDraw_interrupt_bsp/\libhal_bsp.a(alt_main.o)
                0x01019664                alt_argc
                0x01019668                alt_argv
                0x0101966c                alt_envp
 .sbss          0x01019670        0x8 ../DuelDraw_interrupt_bsp/\libhal_bsp.a(altera_avalon_timer_vars.o)
                0x01019670                altera_avalon_timer_ts_base
                0x01019674                altera_avalon_timer_ts_freq
 .sbss          0x01019678        0x8 ../DuelDraw_interrupt_bsp/\libhal_bsp.a(alt_tick.o)
                0x01019678                _alt_tick_rate
                0x0101967c                _alt_nticks
 *(.sbss2 .sbss2.* .gnu.linkonce.sb2.*)
 *(.scommon)
                0x01019680                PROVIDE (__sbss_end, ABSOLUTE (.))
                0x01019680                PROVIDE (___sbss_end, ABSOLUTE (.))
 *(.dynbss)
 *(.bss .bss.* .gnu.linkonce.b.*)
 .bss           0x01019680        0x0 ../DuelDraw_interrupt_bsp//obj/HAL/src/crt0.o
 .bss           0x01019680        0x0 obj/default/main.o
 .bss           0x01019680        0x0 obj/default/packet.o
 .bss           0x01019680        0x0 obj/default/player.o
 .bss           0x01019680        0x0 obj/default/recvQueue.o
 .bss           0x01019680        0x0 obj/default/usb/usb.o
 .bss           0x01019680        0x0 obj/default/usb/usb_ISO.o
 .bss           0x01019680        0x0 obj/default/usb/usb_chap_9.o
 .bss           0x01019680        0x0 obj/default/usb/usb_config.o
 .bss           0x01019680        0x0 obj/default/usb/usb_device_bus.o
 .bss           0x01019680        0x0 obj/default/usb/usb_device_hal.o
 .bss           0x01019680        0x0 obj/default/usb/usb_isr.o
 .bss           0x01019680        0x0 obj/default/usb/usb_queue.o
 .bss           0x01019680        0x0 obj/default/usbio.o
 .bss           0x01019680        0x0 c:/altera/13.0sp1/nios2eds/bin/gnu/h-i686-mingw32/bin/../lib/gcc/nios2-elf/4.1.2/../../../../nios2-elf/lib\libc.a(lib_a-assert.o)
 .bss           0x01019680        0x0 c:/altera/13.0sp1/nios2eds/bin/gnu/h-i686-mingw32/bin/../lib/gcc/nios2-elf/4.1.2/../../../../nios2-elf/lib\libc.a(lib_a-calloc.o)
 .bss           0x01019680        0x0 c:/altera/13.0sp1/nios2eds/bin/gnu/h-i686-mingw32/bin/../lib/gcc/nios2-elf/4.1.2/../../../../nios2-elf/lib\libc.a(lib_a-callocr.o)
 .bss           0x01019680        0x0 c:/altera/13.0sp1/nios2eds/bin/gnu/h-i686-mingw32/bin/../lib/gcc/nios2-elf/4.1.2/../../../../nios2-elf/lib\libc.a(lib_a-exit.o)
 .bss           0x01019680        0x0 c:/altera/13.0sp1/nios2eds/bin/gnu/h-i686-mingw32/bin/../lib/gcc/nios2-elf/4.1.2/../../../../nios2-elf/lib\libc.a(lib_a-fiprintf.o)
 .bss           0x01019680        0x0 c:/altera/13.0sp1/nios2eds/bin/gnu/h-i686-mingw32/bin/../lib/gcc/nios2-elf/4.1.2/../../../../nios2-elf/lib\libc.a(lib_a-impure.o)
 .bss           0x01019680        0x0 c:/altera/13.0sp1/nios2eds/bin/gnu/h-i686-mingw32/bin/../lib/gcc/nios2-elf/4.1.2/../../../../nios2-elf/lib\libc.a(lib_a-malloc.o)
 .bss           0x01019680       0x28 c:/altera/13.0sp1/nios2eds/bin/gnu/h-i686-mingw32/bin/../lib/gcc/nios2-elf/4.1.2/../../../../nios2-elf/lib\libc.a(lib_a-mallocr.o)
                0x01019680                __malloc_current_mallinfo
 .bss           0x010196a8        0x0 c:/altera/13.0sp1/nios2eds/bin/gnu/h-i686-mingw32/bin/../lib/gcc/nios2-elf/4.1.2/../../../../nios2-elf/lib\libc.a(lib_a-memcpy.o)
 .bss           0x010196a8        0x0 c:/altera/13.0sp1/nios2eds/bin/gnu/h-i686-mingw32/bin/../lib/gcc/nios2-elf/4.1.2/../../../../nios2-elf/lib\libc.a(lib_a-memset.o)
 .bss           0x010196a8        0x0 c:/altera/13.0sp1/nios2eds/bin/gnu/h-i686-mingw32/bin/../lib/gcc/nios2-elf/4.1.2/../../../../nios2-elf/lib\libc.a(lib_a-printf.o)
 .bss           0x010196a8        0x0 c:/altera/13.0sp1/nios2eds/bin/gnu/h-i686-mingw32/bin/../lib/gcc/nios2-elf/4.1.2/../../../../nios2-elf/lib\libc.a(lib_a-putchar.o)
 .bss           0x010196a8        0x0 c:/altera/13.0sp1/nios2eds/bin/gnu/h-i686-mingw32/bin/../lib/gcc/nios2-elf/4.1.2/../../../../nios2-elf/lib\libc.a(lib_a-puts.o)
 .bss           0x010196a8        0x0 c:/altera/13.0sp1/nios2eds/bin/gnu/h-i686-mingw32/bin/../lib/gcc/nios2-elf/4.1.2/../../../../nios2-elf/lib\libc.a(lib_a-sbrkr.o)
 .bss           0x010196a8        0x0 c:/altera/13.0sp1/nios2eds/bin/gnu/h-i686-mingw32/bin/../lib/gcc/nios2-elf/4.1.2/../../../../nios2-elf/lib\libc.a(lib_a-strcmp.o)
 .bss           0x010196a8        0x0 c:/altera/13.0sp1/nios2eds/bin/gnu/h-i686-mingw32/bin/../lib/gcc/nios2-elf/4.1.2/../../../../nios2-elf/lib\libc.a(lib_a-strcpy.o)
 .bss           0x010196a8        0x0 c:/altera/13.0sp1/nios2eds/bin/gnu/h-i686-mingw32/bin/../lib/gcc/nios2-elf/4.1.2/../../../../nios2-elf/lib\libc.a(lib_a-strlen.o)
 .bss           0x010196a8        0x0 c:/altera/13.0sp1/nios2eds/bin/gnu/h-i686-mingw32/bin/../lib/gcc/nios2-elf/4.1.2/../../../../nios2-elf/lib\libc.a(lib_a-vfiprintfr_1.o)
 .bss           0x010196a8        0x0 c:/altera/13.0sp1/nios2eds/bin/gnu/h-i686-mingw32/bin/../lib/gcc/nios2-elf/4.1.2/../../../../nios2-elf/lib\libc.a(lib_a-vfprintf.o)
 .bss           0x010196a8        0x0 c:/altera/13.0sp1/nios2eds/bin/gnu/h-i686-mingw32/bin/../lib/gcc/nios2-elf/4.1.2/../../../../nios2-elf/lib\libc.a(lib_a-wsetup.o)
 .bss           0x010196a8        0x0 c:/altera/13.0sp1/nios2eds/bin/gnu/h-i686-mingw32/bin/../lib/gcc/nios2-elf/4.1.2/../../../../nios2-elf/lib\libc.a(lib_a-__call_atexit.o)
 .bss           0x010196a8        0x0 c:/altera/13.0sp1/nios2eds/bin/gnu/h-i686-mingw32/bin/../lib/gcc/nios2-elf/4.1.2/../../../../nios2-elf/lib\libc.a(lib_a-abort.o)
 .bss           0x010196a8        0x0 c:/altera/13.0sp1/nios2eds/bin/gnu/h-i686-mingw32/bin/../lib/gcc/nios2-elf/4.1.2/../../../../nios2-elf/lib\libc.a(lib_a-dtoa.o)
 .bss           0x010196a8        0x0 c:/altera/13.0sp1/nios2eds/bin/gnu/h-i686-mingw32/bin/../lib/gcc/nios2-elf/4.1.2/../../../../nios2-elf/lib\libc.a(lib_a-fflush.o)
 .bss           0x010196a8        0x0 c:/altera/13.0sp1/nios2eds/bin/gnu/h-i686-mingw32/bin/../lib/gcc/nios2-elf/4.1.2/../../../../nios2-elf/lib\libc.a(lib_a-findfp.o)
 .bss           0x010196a8        0x0 c:/altera/13.0sp1/nios2eds/bin/gnu/h-i686-mingw32/bin/../lib/gcc/nios2-elf/4.1.2/../../../../nios2-elf/lib\libc.a(lib_a-freer.o)
 .bss           0x010196a8        0x0 c:/altera/13.0sp1/nios2eds/bin/gnu/h-i686-mingw32/bin/../lib/gcc/nios2-elf/4.1.2/../../../../nios2-elf/lib\libc.a(lib_a-fvwrite.o)
 .bss           0x010196a8        0x0 c:/altera/13.0sp1/nios2eds/bin/gnu/h-i686-mingw32/bin/../lib/gcc/nios2-elf/4.1.2/../../../../nios2-elf/lib\libc.a(lib_a-fwalk.o)
 .bss           0x010196a8        0x0 c:/altera/13.0sp1/nios2eds/bin/gnu/h-i686-mingw32/bin/../lib/gcc/nios2-elf/4.1.2/../../../../nios2-elf/lib\libc.a(lib_a-int_errno.o)
 .bss           0x010196a8        0x0 c:/altera/13.0sp1/nios2eds/bin/gnu/h-i686-mingw32/bin/../lib/gcc/nios2-elf/4.1.2/../../../../nios2-elf/lib\libc.a(lib_a-locale.o)
 .bss           0x010196a8        0x0 c:/altera/13.0sp1/nios2eds/bin/gnu/h-i686-mingw32/bin/../lib/gcc/nios2-elf/4.1.2/../../../../nios2-elf/lib\libc.a(lib_a-makebuf.o)
 .bss           0x010196a8        0x0 c:/altera/13.0sp1/nios2eds/bin/gnu/h-i686-mingw32/bin/../lib/gcc/nios2-elf/4.1.2/../../../../nios2-elf/lib\libc.a(lib_a-memchr.o)
 .bss           0x010196a8        0x0 c:/altera/13.0sp1/nios2eds/bin/gnu/h-i686-mingw32/bin/../lib/gcc/nios2-elf/4.1.2/../../../../nios2-elf/lib\libc.a(lib_a-memmove.o)
 .bss           0x010196a8        0x0 c:/altera/13.0sp1/nios2eds/bin/gnu/h-i686-mingw32/bin/../lib/gcc/nios2-elf/4.1.2/../../../../nios2-elf/lib\libc.a(lib_a-mprec.o)
 .bss           0x010196a8        0x0 c:/altera/13.0sp1/nios2eds/bin/gnu/h-i686-mingw32/bin/../lib/gcc/nios2-elf/4.1.2/../../../../nios2-elf/lib\libc.a(lib_a-putc.o)
 .bss           0x010196a8        0x0 c:/altera/13.0sp1/nios2eds/bin/gnu/h-i686-mingw32/bin/../lib/gcc/nios2-elf/4.1.2/../../../../nios2-elf/lib\libc.a(lib_a-reallocr.o)
 .bss           0x010196a8        0x0 c:/altera/13.0sp1/nios2eds/bin/gnu/h-i686-mingw32/bin/../lib/gcc/nios2-elf/4.1.2/../../../../nios2-elf/lib\libc.a(lib_a-s_isinfd.o)
 .bss           0x010196a8        0x0 c:/altera/13.0sp1/nios2eds/bin/gnu/h-i686-mingw32/bin/../lib/gcc/nios2-elf/4.1.2/../../../../nios2-elf/lib\libc.a(lib_a-s_isnand.o)
 .bss           0x010196a8        0x0 c:/altera/13.0sp1/nios2eds/bin/gnu/h-i686-mingw32/bin/../lib/gcc/nios2-elf/4.1.2/../../../../nios2-elf/lib\libc.a(lib_a-signal.o)
 .bss           0x010196a8        0x0 c:/altera/13.0sp1/nios2eds/bin/gnu/h-i686-mingw32/bin/../lib/gcc/nios2-elf/4.1.2/../../../../nios2-elf/lib\libc.a(lib_a-signalr.o)
 .bss           0x010196a8        0x0 c:/altera/13.0sp1/nios2eds/bin/gnu/h-i686-mingw32/bin/../lib/gcc/nios2-elf/4.1.2/../../../../nios2-elf/lib\libc.a(lib_a-stdio.o)
 .bss           0x010196a8        0x0 c:/altera/13.0sp1/nios2eds/bin/gnu/h-i686-mingw32/bin/../lib/gcc/nios2-elf/4.1.2/../../../../nios2-elf/lib\libc.a(lib_a-vfiprintf.o)
 .bss           0x010196a8        0x0 c:/altera/13.0sp1/nios2eds/bin/gnu/h-i686-mingw32/bin/../lib/gcc/nios2-elf/4.1.2/../../../../nios2-elf/lib\libc.a(lib_a-wbuf.o)
 .bss           0x010196a8        0x0 c:/altera/13.0sp1/nios2eds/bin/gnu/h-i686-mingw32/bin/../lib/gcc/nios2-elf/4.1.2/../../../../nios2-elf/lib\libc.a(lib_a-writer.o)
 .bss           0x010196a8        0x0 c:/altera/13.0sp1/nios2eds/bin/gnu/h-i686-mingw32/bin/../lib/gcc/nios2-elf/4.1.2/../../../../nios2-elf/lib\libc.a(lib_a-closer.o)
 .bss           0x010196a8        0x0 c:/altera/13.0sp1/nios2eds/bin/gnu/h-i686-mingw32/bin/../lib/gcc/nios2-elf/4.1.2/../../../../nios2-elf/lib\libc.a(lib_a-fclose.o)
 .bss           0x010196a8        0x0 c:/altera/13.0sp1/nios2eds/bin/gnu/h-i686-mingw32/bin/../lib/gcc/nios2-elf/4.1.2/../../../../nios2-elf/lib\libc.a(lib_a-fstatr.o)
 .bss           0x010196a8        0x0 c:/altera/13.0sp1/nios2eds/bin/gnu/h-i686-mingw32/bin/../lib/gcc/nios2-elf/4.1.2/../../../../nios2-elf/lib\libc.a(lib_a-isattyr.o)
 .bss           0x010196a8        0x0 c:/altera/13.0sp1/nios2eds/bin/gnu/h-i686-mingw32/bin/../lib/gcc/nios2-elf/4.1.2/../../../../nios2-elf/lib\libc.a(lib_a-lseekr.o)
 .bss           0x010196a8        0x0 c:/altera/13.0sp1/nios2eds/bin/gnu/h-i686-mingw32/bin/../lib/gcc/nios2-elf/4.1.2/../../../../nios2-elf/lib\libc.a(lib_a-readr.o)
 .bss           0x010196a8        0x0 c:/altera/13.0sp1/nios2eds/bin/gnu/h-i686-mingw32/bin/../lib/gcc/nios2-elf/4.1.2\libgcc.a(_udivdi3.o)
 .bss           0x010196a8        0x0 c:/altera/13.0sp1/nios2eds/bin/gnu/h-i686-mingw32/bin/../lib/gcc/nios2-elf/4.1.2\libgcc.a(_umoddi3.o)
 .bss           0x010196a8        0x0 c:/altera/13.0sp1/nios2eds/bin/gnu/h-i686-mingw32/bin/../lib/gcc/nios2-elf/4.1.2\libgcc.a(_addsub_df.o)
 .bss           0x010196a8        0x0 c:/altera/13.0sp1/nios2eds/bin/gnu/h-i686-mingw32/bin/../lib/gcc/nios2-elf/4.1.2\libgcc.a(_mul_df.o)
 .bss           0x010196a8        0x0 c:/altera/13.0sp1/nios2eds/bin/gnu/h-i686-mingw32/bin/../lib/gcc/nios2-elf/4.1.2\libgcc.a(_div_df.o)
 .bss           0x010196a8        0x0 c:/altera/13.0sp1/nios2eds/bin/gnu/h-i686-mingw32/bin/../lib/gcc/nios2-elf/4.1.2\libgcc.a(_eq_df.o)
 .bss           0x010196a8        0x0 c:/altera/13.0sp1/nios2eds/bin/gnu/h-i686-mingw32/bin/../lib/gcc/nios2-elf/4.1.2\libgcc.a(_ne_df.o)
 .bss           0x010196a8        0x0 c:/altera/13.0sp1/nios2eds/bin/gnu/h-i686-mingw32/bin/../lib/gcc/nios2-elf/4.1.2\libgcc.a(_gt_df.o)
 .bss           0x010196a8        0x0 c:/altera/13.0sp1/nios2eds/bin/gnu/h-i686-mingw32/bin/../lib/gcc/nios2-elf/4.1.2\libgcc.a(_ge_df.o)
 .bss           0x010196a8        0x0 c:/altera/13.0sp1/nios2eds/bin/gnu/h-i686-mingw32/bin/../lib/gcc/nios2-elf/4.1.2\libgcc.a(_lt_df.o)
 .bss           0x010196a8        0x0 c:/altera/13.0sp1/nios2eds/bin/gnu/h-i686-mingw32/bin/../lib/gcc/nios2-elf/4.1.2\libgcc.a(_si_to_df.o)
 .bss           0x010196a8        0x0 c:/altera/13.0sp1/nios2eds/bin/gnu/h-i686-mingw32/bin/../lib/gcc/nios2-elf/4.1.2\libgcc.a(_df_to_si.o)
 .bss           0x010196a8        0x0 c:/altera/13.0sp1/nios2eds/bin/gnu/h-i686-mingw32/bin/../lib/gcc/nios2-elf/4.1.2\libgcc.a(_thenan_df.o)
 .bss           0x010196a8        0x0 c:/altera/13.0sp1/nios2eds/bin/gnu/h-i686-mingw32/bin/../lib/gcc/nios2-elf/4.1.2\libgcc.a(_usi_to_df.o)
 .bss           0x010196a8        0x0 c:/altera/13.0sp1/nios2eds/bin/gnu/h-i686-mingw32/bin/../lib/gcc/nios2-elf/4.1.2\libgcc.a(lib2-divmod.o)
 .bss           0x010196a8        0x0 c:/altera/13.0sp1/nios2eds/bin/gnu/h-i686-mingw32/bin/../lib/gcc/nios2-elf/4.1.2\libgcc.a(_muldi3.o)
 .bss           0x010196a8        0x0 c:/altera/13.0sp1/nios2eds/bin/gnu/h-i686-mingw32/bin/../lib/gcc/nios2-elf/4.1.2\libgcc.a(_clz.o)
 .bss           0x010196a8        0x0 c:/altera/13.0sp1/nios2eds/bin/gnu/h-i686-mingw32/bin/../lib/gcc/nios2-elf/4.1.2\libgcc.a(_clzsi2.o)
 .bss           0x010196a8        0x0 c:/altera/13.0sp1/nios2eds/bin/gnu/h-i686-mingw32/bin/../lib/gcc/nios2-elf/4.1.2\libgcc.a(_pack_df.o)
 .bss           0x010196a8        0x0 c:/altera/13.0sp1/nios2eds/bin/gnu/h-i686-mingw32/bin/../lib/gcc/nios2-elf/4.1.2\libgcc.a(_unpack_df.o)
 .bss           0x010196a8        0x0 c:/altera/13.0sp1/nios2eds/bin/gnu/h-i686-mingw32/bin/../lib/gcc/nios2-elf/4.1.2\libgcc.a(_fpcmp_parts_df.o)
 .bss           0x010196a8        0x0 ../DuelDraw_interrupt_bsp/\libhal_bsp.a(alt_close.o)
 .bss           0x010196a8        0x0 ../DuelDraw_interrupt_bsp/\libhal_bsp.a(alt_dev.o)
 .bss           0x010196a8        0x0 ../DuelDraw_interrupt_bsp/\libhal_bsp.a(alt_errno.o)
 .bss           0x010196a8        0x0 ../DuelDraw_interrupt_bsp/\libhal_bsp.a(alt_exit.o)
 .bss           0x010196a8        0x0 ../DuelDraw_interrupt_bsp/\libhal_bsp.a(alt_fstat.o)
 .bss           0x010196a8        0x0 ../DuelDraw_interrupt_bsp/\libhal_bsp.a(alt_getpid.o)
 .bss           0x010196a8        0x0 ../DuelDraw_interrupt_bsp/\libhal_bsp.a(alt_irq_register.o)
 .bss           0x010196a8        0x0 ../DuelDraw_interrupt_bsp/\libhal_bsp.a(alt_irq_vars.o)
 .bss           0x010196a8        0x0 ../DuelDraw_interrupt_bsp/\libhal_bsp.a(alt_isatty.o)
 .bss           0x010196a8        0x0 ../DuelDraw_interrupt_bsp/\libhal_bsp.a(alt_kill.o)
 .bss           0x010196a8        0x0 ../DuelDraw_interrupt_bsp/\libhal_bsp.a(alt_load.o)
 .bss           0x010196a8        0x0 ../DuelDraw_interrupt_bsp/\libhal_bsp.a(alt_lseek.o)
 .bss           0x010196a8        0x0 ../DuelDraw_interrupt_bsp/\libhal_bsp.a(alt_main.o)
 .bss           0x010196a8        0x0 ../DuelDraw_interrupt_bsp/\libhal_bsp.a(alt_malloc_lock.o)
 .bss           0x010196a8        0x0 ../DuelDraw_interrupt_bsp/\libhal_bsp.a(alt_read.o)
 .bss           0x010196a8        0x0 ../DuelDraw_interrupt_bsp/\libhal_bsp.a(alt_release_fd.o)
 .bss           0x010196a8        0x0 ../DuelDraw_interrupt_bsp/\libhal_bsp.a(alt_sbrk.o)
 .bss           0x010196a8        0x0 ../DuelDraw_interrupt_bsp/\libhal_bsp.a(alt_usleep.o)
 .bss           0x010196a8        0x0 ../DuelDraw_interrupt_bsp/\libhal_bsp.a(alt_write.o)
 .bss           0x010196a8        0x0 ../DuelDraw_interrupt_bsp/\libhal_bsp.a(alt_sys_init.o)
 .bss           0x010196a8        0x0 ../DuelDraw_interrupt_bsp/\libhal_bsp.a(altera_avalon_jtag_uart_fd.o)
 .bss           0x010196a8        0x0 ../DuelDraw_interrupt_bsp/\libhal_bsp.a(altera_avalon_jtag_uart_init.o)
 .bss           0x010196a8        0x0 ../DuelDraw_interrupt_bsp/\libhal_bsp.a(altera_avalon_jtag_uart_ioctl.o)
 .bss           0x010196a8        0x0 ../DuelDraw_interrupt_bsp/\libhal_bsp.a(altera_avalon_jtag_uart_read.o)
 .bss           0x010196a8        0x0 ../DuelDraw_interrupt_bsp/\libhal_bsp.a(altera_avalon_jtag_uart_write.o)
 .bss           0x010196a8        0x0 ../DuelDraw_interrupt_bsp/\libhal_bsp.a(altera_avalon_timer_ts.o)
 .bss           0x010196a8        0x0 ../DuelDraw_interrupt_bsp/\libhal_bsp.a(altera_avalon_timer_vars.o)
 .bss           0x010196a8        0x0 ../DuelDraw_interrupt_bsp/\libhal_bsp.a(altera_up_avalon_character_lcd.o)
 .bss           0x010196a8        0x0 ../DuelDraw_interrupt_bsp/\libhal_bsp.a(altera_up_avalon_ps2.o)
 .bss           0x010196a8        0x0 ../DuelDraw_interrupt_bsp/\libhal_bsp.a(altera_up_avalon_usb.o)
 .bss           0x010196a8        0x0 ../DuelDraw_interrupt_bsp/\libhal_bsp.a(altera_up_avalon_video_character_buffer_with_dma.o)
 .bss           0x010196a8        0x0 ../DuelDraw_interrupt_bsp/\libhal_bsp.a(alt_alarm_start.o)
 .bss           0x010196a8        0x0 ../DuelDraw_interrupt_bsp/\libhal_bsp.a(alt_busy_sleep.o)
 .bss           0x010196a8        0x0 ../DuelDraw_interrupt_bsp/\libhal_bsp.a(alt_dcache_flush_all.o)
 .bss           0x010196a8        0x0 ../DuelDraw_interrupt_bsp/\libhal_bsp.a(alt_dev_llist_insert.o)
 .bss           0x010196a8        0x0 ../DuelDraw_interrupt_bsp/\libhal_bsp.a(alt_do_ctors.o)
 .bss           0x010196a8        0x0 ../DuelDraw_interrupt_bsp/\libhal_bsp.a(alt_do_dtors.o)
 .bss           0x010196a8        0x0 ../DuelDraw_interrupt_bsp/\libhal_bsp.a(alt_find_dev.o)
 .bss           0x010196a8        0x0 ../DuelDraw_interrupt_bsp/\libhal_bsp.a(alt_icache_flush_all.o)
 .bss           0x010196a8        0x0 ../DuelDraw_interrupt_bsp/\libhal_bsp.a(alt_io_redirect.o)
 .bss           0x010196a8        0x0 ../DuelDraw_interrupt_bsp/\libhal_bsp.a(alt_irq_entry.o)
 .bss           0x010196a8        0x0 ../DuelDraw_interrupt_bsp/\libhal_bsp.a(alt_irq_handler.o)
 .bss           0x010196a8        0x0 ../DuelDraw_interrupt_bsp/\libhal_bsp.a(alt_open.o)
 .bss           0x010196a8        0x0 ../DuelDraw_interrupt_bsp/\libhal_bsp.a(alt_tick.o)
 .bss           0x010196a8        0x0 ../DuelDraw_interrupt_bsp/\libhal_bsp.a(altera_nios2_qsys_irq.o)
 .bss           0x010196a8        0x0 ../DuelDraw_interrupt_bsp/\libhal_bsp.a(alt_exception_entry.o)
 .bss           0x010196a8        0x0 ../DuelDraw_interrupt_bsp/\libhal_bsp.a(alt_find_file.o)
 .bss           0x010196a8        0x0 ../DuelDraw_interrupt_bsp/\libhal_bsp.a(alt_get_fd.o)
 .bss           0x010196a8        0x0 ../DuelDraw_interrupt_bsp/\libhal_bsp.a(alt_icache_flush.o)
 .bss           0x010196a8        0x0 c:/altera/13.0sp1/nios2eds/bin/gnu/h-i686-mingw32/bin/../lib/gcc/nios2-elf/4.1.2/../../../../nios2-elf/lib\libc.a(lib_a-atexit.o)
 .bss           0x010196a8        0x0 c:/altera/13.0sp1/nios2eds/bin/gnu/h-i686-mingw32/bin/../lib/gcc/nios2-elf/4.1.2/../../../../nios2-elf/lib\libc.a(lib_a-memcmp.o)
 .bss           0x010196a8        0x0 c:/altera/13.0sp1/nios2eds/bin/gnu/h-i686-mingw32/bin/../lib/gcc/nios2-elf/4.1.2/../../../../nios2-elf/lib\libc.a(lib_a-__atexit.o)
 *(COMMON)
 COMMON         0x010196a8       0x24 obj/default/usb/usb.o
                0x010196a8                ControlData
 COMMON         0x010196cc      0x800 obj/default/usb/usb_ISO.o
                0x010196cc                IsoOutDataBuff
                0x01019acc                IsoInDataBuff
 COMMON         0x01019ecc     0x1000 obj/default/usb/usb_isr.o
                0x01019ecc                return_buf
 COMMON         0x0101aecc      0x100 ../DuelDraw_interrupt_bsp/\libhal_bsp.a(alt_irq_handler.o)
                0x0101aecc                alt_irq
 COMMON         0x0101afcc      0x190 c:/altera/13.0sp1/nios2eds/bin/gnu/h-i686-mingw32/bin/../lib/gcc/nios2-elf/4.1.2/../../../../nios2-elf/lib\libc.a(lib_a-atexit.o)
                0x0101afcc                _atexit0
                0x0101b15c                . = ALIGN (0x4)
                0x0101b15c                __bss_end = ABSOLUTE (.)

.onchip         0x00000000        0x0 load address 0x0101b15c