Archive member included because of file (symbol)

c:/altera/13.0sp1/nios2eds/bin/gnu/h-i686-mingw32/bin/../lib/gcc/nios2-elf/4.1.2/../../../../nios2-elf/lib\libc.a(lib_a-assert.o)
                              obj/default/usb/usb.o (__assert_func)
c:/altera/13.0sp1/nios2eds/bin/gnu/h-i686-mingw32/bin/../lib/gcc/nios2-elf/4.1.2/../../../../nios2-elf/lib\libc.a(lib_a-calloc.o)
                              obj/default/usb/usb.o (calloc)
c:/altera/13.0sp1/nios2eds/bin/gnu/h-i686-mingw32/bin/../lib/gcc/nios2-elf/4.1.2/../../../../nios2-elf/lib\libc.a(lib_a-callocr.o)
                              c:/altera/13.0sp1/nios2eds/bin/gnu/h-i686-mingw32/bin/../lib/gcc/nios2-elf/4.1.2/../../../../nios2-elf/lib\libc.a(lib_a-calloc.o) (_calloc_r)
c:/altera/13.0sp1/nios2eds/bin/gnu/h-i686-mingw32/bin/../lib/gcc/nios2-elf/4.1.2/../../../../nios2-elf/lib\libc.a(lib_a-exit.o)
                              obj/default/usb/usb.o (exit)
c:/altera/13.0sp1/nios2eds/bin/gnu/h-i686-mingw32/bin/../lib/gcc/nios2-elf/4.1.2/../../../../nios2-elf/lib\libc.a(lib_a-fiprintf.o)
                              c:/altera/13.0sp1/nios2eds/bin/gnu/h-i686-mingw32/bin/../lib/gcc/nios2-elf/4.1.2/../../../../nios2-elf/lib\libc.a(lib_a-assert.o) (fiprintf)
c:/altera/13.0sp1/nios2eds/bin/gnu/h-i686-mingw32/bin/../lib/gcc/nios2-elf/4.1.2/../../../../nios2-elf/lib\libc.a(lib_a-impure.o)
                              c:/altera/13.0sp1/nios2eds/bin/gnu/h-i686-mingw32/bin/../lib/gcc/nios2-elf/4.1.2/../../../../nios2-elf/lib\libc.a(lib_a-assert.o) (_impure_ptr)
c:/altera/13.0sp1/nios2eds/bin/gnu/h-i686-mingw32/bin/../lib/gcc/nios2-elf/4.1.2/../../../../nios2-elf/lib\libc.a(lib_a-malloc.o)
                              obj/default/usb/usb.o (free)
c:/altera/13.0sp1/nios2eds/bin/gnu/h-i686-mingw32/bin/../lib/gcc/nios2-elf/4.1.2/../../../../nios2-elf/lib\libc.a(lib_a-mallocr.o)
                              c:/altera/13.0sp1/nios2eds/bin/gnu/h-i686-mingw32/bin/../lib/gcc/nios2-elf/4.1.2/../../../../nios2-elf/lib\libc.a(lib_a-callocr.o) (_malloc_r)
c:/altera/13.0sp1/nios2eds/bin/gnu/h-i686-mingw32/bin/../lib/gcc/nios2-elf/4.1.2/../../../../nios2-elf/lib\libc.a(lib_a-memcpy.o)
                              obj/default/usb/usb.o (memcpy)
c:/altera/13.0sp1/nios2eds/bin/gnu/h-i686-mingw32/bin/../lib/gcc/nios2-elf/4.1.2/../../../../nios2-elf/lib\libc.a(lib_a-memset.o)
                              c:/altera/13.0sp1/nios2eds/bin/gnu/h-i686-mingw32/bin/../lib/gcc/nios2-elf/4.1.2/../../../../nios2-elf/lib\libc.a(lib_a-callocr.o) (memset)
c:/altera/13.0sp1/nios2eds/bin/gnu/h-i686-mingw32/bin/../lib/gcc/nios2-elf/4.1.2/../../../../nios2-elf/lib\libc.a(lib_a-printf.o)
                              obj/default/usb/usb_ISO.o (printf)
c:/altera/13.0sp1/nios2eds/bin/gnu/h-i686-mingw32/bin/../lib/gcc/nios2-elf/4.1.2/../../../../nios2-elf/lib\libc.a(lib_a-putchar.o)
                              obj/default/usb/usb_device_bus.o (putchar)
c:/altera/13.0sp1/nios2eds/bin/gnu/h-i686-mingw32/bin/../lib/gcc/nios2-elf/4.1.2/../../../../nios2-elf/lib\libc.a(lib_a-puts.o)
                              obj/default/main.o (puts)
c:/altera/13.0sp1/nios2eds/bin/gnu/h-i686-mingw32/bin/../lib/gcc/nios2-elf/4.1.2/../../../../nios2-elf/lib\libc.a(lib_a-sbrkr.o)
                              c:/altera/13.0sp1/nios2eds/bin/gnu/h-i686-mingw32/bin/../lib/gcc/nios2-elf/4.1.2/../../../../nios2-elf/lib\libc.a(lib_a-mallocr.o) (_sbrk_r)
c:/altera/13.0sp1/nios2eds/bin/gnu/h-i686-mingw32/bin/../lib/gcc/nios2-elf/4.1.2/../../../../nios2-elf/lib\libc.a(lib_a-strcmp.o)
                              obj/default/player.o (strcmp)
c:/altera/13.0sp1/nios2eds/bin/gnu/h-i686-mingw32/bin/../lib/gcc/nios2-elf/4.1.2/../../../../nios2-elf/lib\libc.a(lib_a-strcpy.o)
                              obj/default/player.o (strcpy)
c:/altera/13.0sp1/nios2eds/bin/gnu/h-i686-mingw32/bin/../lib/gcc/nios2-elf/4.1.2/../../../../nios2-elf/lib\libc.a(lib_a-strlen.o)
                              obj/default/usbio.o (strlen)
c:/altera/13.0sp1/nios2eds/bin/gnu/h-i686-mingw32/bin/../lib/gcc/nios2-elf/4.1.2/../../../../nios2-elf/lib\libc.a(lib_a-vfiprintfr_1.o)
                              c:/altera/13.0sp1/nios2eds/bin/gnu/h-i686-mingw32/bin/../lib/gcc/nios2-elf/4.1.2/../../../../nios2-elf/lib\libc.a(lib_a-fiprintf.o) (_vfiprintf_r)
c:/altera/13.0sp1/nios2eds/bin/gnu/h-i686-mingw32/bin/../lib/gcc/nios2-elf/4.1.2/../../../../nios2-elf/lib\libc.a(lib_a-vfprintf.o)
                              c:/altera/13.0sp1/nios2eds/bin/gnu/h-i686-mingw32/bin/../lib/gcc/nios2-elf/4.1.2/../../../../nios2-elf/lib\libc.a(lib_a-printf.o) (___vfprintf_internal_r)
c:/altera/13.0sp1/nios2eds/bin/gnu/h-i686-mingw32/bin/../lib/gcc/nios2-elf/4.1.2/../../../../nios2-elf/lib\libc.a(lib_a-wsetup.o)
                              c:/altera/13.0sp1/nios2eds/bin/gnu/h-i686-mingw32/bin/../lib/gcc/nios2-elf/4.1.2/../../../../nios2-elf/lib\libc.a(lib_a-vfprintf.o) (__swsetup_r)
[...]
Memory Configuration

Name             Origin             Length             Attributes
onchip           0x00000000         0x00001000
reset            0x01000000         0x00000020
sdram            0x01000020         0x007fffe0
*default*        0x00000000         0xffffffff

Linker script and memory map

LOAD ../DuelDraw_interrupt_bsp//obj/HAL/src/crt0.o
LOAD obj/default/main.o
LOAD obj/default/packet.o
LOAD obj/default/player.o
LOAD obj/default/usb/usb.o
LOAD obj/default/usb/usb_ISO.o
LOAD obj/default/usb/usb_chap_9.o
LOAD obj/default/usb/usb_config.o
LOAD obj/default/usb/usb_device_bus.o
LOAD obj/default/usb/usb_device_hal.o
LOAD obj/default/usb/usb_isr.o
LOAD obj/default/usb/usb_queue.o
LOAD obj/default/usbio.o
LOAD c:/altera/13.0sp1/nios2eds/bin/gnu/h-i686-mingw32/bin/../lib/gcc/nios2-elf/4.1.2/../../../../nios2-elf/lib\libstdc++.a
LOAD c:/altera/13.0sp1/nios2eds/bin/gnu/h-i686-mingw32/bin/../lib/gcc/nios2-elf/4.1.2/../../../../nios2-elf/lib\libm.a
LOAD c:/altera/13.0sp1/nios2eds/bin/gnu/h-i686-mingw32/bin/../lib/gcc/nios2-elf/4.1.2\libgcc.a
START GROUP
LOAD c:/altera/13.0sp1/nios2eds/bin/gnu/h-i686-mingw32/bin/../lib/gcc/nios2-elf/4.1.2/../../../../nios2-elf/lib\libc.a
LOAD c:/altera/13.0sp1/nios2eds/bin/gnu/h-i686-mingw32/bin/../lib/gcc/nios2-elf/4.1.2\libgcc.a
LOAD ../DuelDraw_interrupt_bsp/\libhal_bsp.a
END GROUP
LOAD c:/altera/13.0sp1/nios2eds/bin/gnu/h-i686-mingw32/bin/../lib/gcc/nios2-elf/4.1.2\libgcc.a
                0x00000000                __alt_mem_onchip = 0x0
                0x01000000                __alt_mem_sdram = 0x1000000

.entry          0x01000000       0x20
 *(.entry)
 .entry         0x01000000       0x20 ../DuelDraw_interrupt_bsp//obj/HAL/src/crt0.o
                0x01000000                __reset

.exceptions     0x01000020      0x198
                0x01000020                PROVIDE (__ram_exceptions_start, ABSOLUTE (.))
                0x01000020                . = ALIGN (0x20)
 *(.irq)
 *(.exceptions.entry.label)
 .exceptions.entry.label
                0x01000020        0x0 ../DuelDraw_interrupt_bsp/\libhal_bsp.a(alt_irq_entry.o)
                0x01000020                alt_irq_entry
 .exceptions.entry.label
                0x01000020        0x0 ../DuelDraw_interrupt_bsp/\libhal_bsp.a(alt_exception_entry.o)
                0x01000020                alt_exception
 *(.exceptions.entry.user)
 *(.exceptions.entry)
 .exceptions.entry
                0x01000020       0x54 ../DuelDraw_interrupt_bsp/\libhal_bsp.a(alt_exception_entry.o)
 *(.exceptions.irqtest.user)
 *(.exceptions.irqtest)
 .exceptions.irqtest
                0x01000074       0x10 ../DuelDraw_interrupt_bsp/\libhal_bsp.a(alt_irq_entry.o)
 *(.exceptions.irqhandler.user)
 *(.exceptions.irqhandler)
 .exceptions.irqhandler
                0x01000084        0x4 ../DuelDraw_interrupt_bsp/\libhal_bsp.a(alt_irq_entry.o)
 *(.exceptions.irqreturn.user)
 *(.exceptions.irqreturn)
 .exceptions.irqreturn
                0x01000088        0x4 ../DuelDraw_interrupt_bsp/\libhal_bsp.a(alt_irq_entry.o)
 *(.exceptions.notirq.label)
 .exceptions.notirq.label
                0x0100008c        0x0 ../DuelDraw_interrupt_bsp/\libhal_bsp.a(alt_irq_entry.o)
 *(.exceptions.notirq.user)
 *(.exceptions.notirq)
 .exceptions.notirq
                0x0100008c        0x8 ../DuelDraw_interrupt_bsp/\libhal_bsp.a(alt_exception_entry.o)
 *(.exceptions.soft.user)
 *(.exceptions.soft)
 *(.exceptions.unknown.user)
 *(.exceptions.unknown)
 .exceptions.unknown
                0x01000094        0x4 ../DuelDraw_interrupt_bsp/\libhal_bsp.a(alt_exception_entry.o)
 *(.exceptions.exit.label)
 .exceptions.exit.label
                0x01000098        0x0 ../DuelDraw_interrupt_bsp/\libhal_bsp.a(alt_irq_entry.o)
 .exceptions.exit.label
                0x01000098        0x0 ../DuelDraw_interrupt_bsp/\libhal_bsp.a(alt_exception_entry.o)
 *(.exceptions.exit.user)
 *(.exceptions.exit)
 .exceptions.exit
                0x01000098       0x54 ../DuelDraw_interrupt_bsp/\libhal_bsp.a(alt_exception_entry.o)
 *(.exceptions)
 .exceptions    0x010000ec       0xcc ../DuelDraw_interrupt_bsp/\libhal_bsp.a(alt_irq_handler.o)
                0x010000ec                alt_irq_handler
                0x010001b8                PROVIDE (__ram_exceptions_end, ABSOLUTE (.))
                0x01000020                PROVIDE (__flash_exceptions_start, LOADADDR (.exceptions))

.text           0x010001b8    0x14654
                0x010001b8                PROVIDE (stext, ABSOLUTE (.))
 *(.interp)
 *(.hash)
 *(.dynsym)
 *(.dynstr)
 *(.gnu.version)
 *(.gnu.version_d)
 *(.gnu.version_r)
 *(.rel.init)
 *(.rela.init)
 *(.rel.text .rel.text.* .rel.gnu.linkonce.t.*)
 *(.rela.text .rela.text.* .rela.gnu.linkonce.t.*)
 *(.rel.fini)
 *(.rela.fini)
 *(.rel.rodata .rel.rodata.* .rel.gnu.linkonce.r.*)
 *(.rela.rodata .rela.rodata.* .rela.gnu.linkonce.r.*)
 *(.rel.data .rel.data.* .rel.gnu.linkonce.d.*)
 *(.rela.data .rela.data.* .rela.gnu.linkonce.d.*)
 *(.rel.tdata .rel.tdata.* .rel.gnu.linkonce.td.*)
 *(.rela.tdata .rela.tdata.* .rela.gnu.linkonce.td.*)
 *(.rel.tbss .rel.tbss.* .rel.gnu.linkonce.tb.*)
 *(.rela.tbss .rela.tbss.* .rela.gnu.linkonce.tb.*)
 *(.rel.ctors)
 *(.rela.ctors)
 *(.rel.dtors)
 *(.rela.dtors)
 *(.rel.got)
 *(.rela.got)
 *(.rel.sdata .rel.sdata.* .rel.gnu.linkonce.s.*)
 *(.rela.sdata .rela.sdata.* .rela.gnu.linkonce.s.*)
 *(.rel.sbss .rel.sbss.* .rel.gnu.linkonce.sb.*)
 *(.rela.sbss .rela.sbss.* .rela.gnu.linkonce.sb.*)
 *(.rel.sdata2 .rel.sdata2.* .rel.gnu.linkonce.s2.*)
 *(.rela.sdata2 .rela.sdata2.* .rela.gnu.linkonce.s2.*)
 *(.rel.sbss2 .rel.sbss2.* .rel.gnu.linkonce.sb2.*)
 *(.rela.sbss2 .rela.sbss2.* .rela.gnu.linkonce.sb2.*)
 *(.rel.bss .rel.bss.* .rel.gnu.linkonce.b.*)
 *(.rela.bss .rela.bss.* .rela.gnu.linkonce.b.*)
 *(.rel.plt)
 *(.rela.plt)
 *(.rel.dyn)
 *(.init)
 *(.plt)
 *(.text .stub .text.* .gnu.linkonce.t.*)
 .text          0x010001b8       0x4c ../DuelDraw_interrupt_bsp//obj/HAL/src/crt0.o
                0x010001b8                _start
 .text          0x01000204      0x250 obj/default/main.o
                0x01000204                timer_isr
                0x0100027c                main
 .text          0x01000454        0x0 obj/default/packet.o
 .text          0x01000454      0x1f8 obj/default/player.o
                0x01000454                makeNewPlayer
                0x0100052c                isNewPlayer
                0x010005bc                findChallengeIndex
 .text          0x0100064c      0x790 obj/default/usb/usb.o
                0x0100064c                usb_register_recv_callback
                0x01000680                usb_register_send_callback
                0x010006b4                usb_recv_queue_push
                0x01000738                usb_send_queue_pop
                0x010007d4                usb_recv_queue_pop
                0x01000870                usb_device_send
                0x010009a0                usb_device_recv
                0x01000b28                usb_send_queue_push
                0x01000bac                usb_send_queue_is_empty
                0x01000bd8                usb_recv_queue_is_empty
                0x01000c04                usb_device_init
                0x01000cec                usb_device_poll
 .text          0x01000ddc      0x468 obj/default/usb/usb_ISO.o
                0x01000ddc                EnableIsoMode
                0x01000fc4                Wait4Ns
                0x01000ff4                ISOLOOP
                0x0100106c                Hal4D13_ReadISOEndpoint
                0x01001150                Hal4D13_WriteISOEndpoint
 .text          0x01001244     0x12dc obj/default/usb/usb_chap_9.o
                0x01001244                Chap9_GetStatus
                0x010014d4                Chap9_ClearFeature
                0x0100170c                Chap9_SetFeature
                0x01001934                Chap9_SetAddress
                0x01001b64                Chap9_GetDescriptor
                0x01001d40                Chap9_GetConfiguration
                0x01001e00                Chap9_SetConfiguration
                0x0100200c                Chap9_GetInterface
                0x010020b0                Chap9_SetInterface
                0x010021b0                Chap9_StallEP0
                0x01002240                Chap9_StallEP0InControlWrite
                0x010022a4                Chap9_StallEP0InControlRead
                0x01002308                Chap9_SingleTransmitEP0
                0x010023a4                Chap9_BurstTransmitEP0
 .text          0x01002520      0x74c obj/default/usb/usb_config.o
                0x01002520                SetupToken_Handler
                0x01002794                DeviceRequest_Handler
                0x01002858                help_devreq
                0x01002980                disconnect_USB
                0x010029b4                connect_USB
                0x01002a10                config_endpoint
                0x01002b04                reconnect_USB
                0x01002b30                suspend_change
                0x01002b4c                ML_AcknowledgeSETUP
                0x01002ba8                ML_Reserved
                0x01002bd4                CHECK_CHIP_ID
 .text          0x01002c6c      0x5d0 obj/default/usb/usb_device_bus.o
                0x01002c6c                D13Bus_ControlEntry
                0x01002c94                reserved
                0x01002cbc                read_write_register
                0x01002ecc                setup_dma_request
                0x01002fbc                get_firmware_version
                0x01002ff4                D13Bus_StallEP0
                0x0100301c                D13Bus_SingleTransmitEP0
                0x010030b8                D13Bus_BurstTransmitEP0
 .text          0x0100323c     0x1474 obj/default/usb/usb_device_hal.o
                0x0100323c                Hal4D13_AcquireD13
                0x01003278                Hal4D13_ResetDevice
                0x010032b0                Hal4D13_GetDevConfig
                0x01003304                Hal4D13_SetDevConfig
                0x01003358                Hal4D13_SetMode
                0x010033ac                Hal4D13_GetMode
                0x0100340c                Hal4D13_GetAddress
                0x0100346c                Hal4D13_SetAddressEnable
                0x010034f0                Hal4D13_SoftConnect
                0x010035b0                Hal4D13_AcknowledgeSETUP
                0x010035e8                Hal4D13_ClearBuffer
                0x01003628                Hal4D13_ValidBuffer
                0x01003668                Hal4D13_ReadEndpoint
                0x0100378c                Hal4D13_ReadBulkEndpoint
                0x010038b0                Hal4D13_ReadEndpointWOClearBuffer
                0x010039d4                Hal4D13_WriteEndpoint
                0x01003b30                Hal4D13_WriteBulkEndpoint
                0x01003c4c                Hal4D13_GetIntEnable
                0x01003cc4                Hal4D13_SetIntEnable
                0x01003d58                Hal4D13_ReadInterruptRegister
                0x01003de4                Hal4D13_GetEndpointStatusWInteruptClear
                0x01003e4c                Hal4D13_GetEndpointStatusWOInteruptClear
                0x01003eb4                Hal4D13_SetEndpointStatus
                0x01003f34                Hal4D13_SetDMAConfig
                0x01003f88                Hal4D13_GetDMAConfig
                0x01003fdc                Hal4D13_SetDMACounter
                0x01004030                Hal4D13_GetDMACounter
                0x01004084                Hal4D13_GetDataFromChipRam
                0x010040d8                Hal4D13_SetDataToChipRam
                0x0100412c                Hal4D13_ReadCurrentFrameNumber
                0x01004180                Hal4D13_LockDevice
                0x010041f0                Hal4D13_ReadChipID
                0x01004244                Hal4D13_GetErrorCode
                0x010042ac                Hal4D13_GetEndpointConfig
                0x01004314                Hal4D13_SetEndpointConfig
                0x01004374                Hal4D13_UnconfigDevice
                0x01004390                Hal4D13_ConfigDevice
                0x010043ac                Hal4D13_SingleTransmitEP0
                0x010043f4                Hal4D13_RegAccess
                0x0100455c                Hal4D13_StallEP0InControlWrite
                0x01004598                Hal4D13_StallEP0InControlRead
                0x010045d4                Hal4D13_IsSetupPktInvalid
                0x01004614                Write_HC_Config_Reg
                0x01004664                Read_HC_Config_Reg
 .text          0x010046b0      0xbd8 obj/default/usb/usb_isr.o
                0x010046b0                usb_disable_all_interrupts
                0x01004700                usb_reenable_all_interrupts
                0x01004744                fn_usb_isr
                0x01004778                usb_isr
                0x01004930                Isr_BusReset
                0x010049d4                Isr_SuspendChange
                0x01004a04                Isr_SHORT_PACKET
                0x01004a34                Isr_DmaEot
                0x01004b00                Isr_SOF
                0x01004b1c                Isr_Ep00RxDone
                0x01004d20                Isr_Ep00TxDone
                0x01004f38                usb_check_send
                0x01004ff4                Isr_Ep01Done
                0x01005054                Isr_Ep02Done
                0x010050bc                Isr_Ep03Done
                0x010050ec                Isr_Ep04Done
                0x0100511c                Isr_Ep05Done
                0x01005178                Isr_Ep06Done
                0x010051a8                Isr_Ep07Done
                0x010051c4                Isr_Ep08Done
                0x010051e0                Isr_Ep09Done
                0x010051fc                Isr_Ep0ADone
                0x01005218                Isr_Ep0BDone
                0x01005234                Isr_Ep0CDone
                0x01005250                Isr_Ep0DDone
                0x0100526c                Isr_Ep0EDone
 .text          0x01005288      0x24c obj/default/usb/usb_queue.o
                0x01005288                usb_fifo_init
                0x010052b8                usb_fifo_push
                0x01005390                usb_fifo_is_empty
                0x010053d4                usb_fifo_pop
                0x010054ac                usb_fifo_peek
 .text          0x010054d4      0x27c obj/default/usbio.o
                0x010054d4                make_packet
                0x0100554c                usb_send
                0x01005610                usb_recv
 .text          0x01005750       0x78 c:/altera/13.0sp1/nios2eds/bin/gnu/h-i686-mingw32/bin/../lib/gcc/nios2-elf/4.1.2/../../../../nios2-elf/lib\libc.a(lib_a-assert.o)
                0x01005750                __assert_func
                0x010057b4                __assert
 .text          0x010057c8       0x1c c:/altera/13.0sp1/nios2eds/bin/gnu/h-i686-mingw32/bin/../lib/gcc/nios2-elf/4.1.2/../../../../nios2-elf/lib\libc.a(lib_a-calloc.o)
                0x010057c8                calloc
 .text          0x010057e4       0xb4 c:/altera/13.0sp1/nios2eds/bin/gnu/h-i686-mingw32/bin/../lib/gcc/nios2-elf/4.1.2/../../../../nios2-elf/lib\libc.a(lib_a-callocr.o)
                0x010057e4                _calloc_r
 .text          0x01005898       0x38 c:/altera/13.0sp1/nios2eds/bin/gnu/h-i686-mingw32/bin/../lib/gcc/nios2-elf/4.1.2/../../../../nios2-elf/lib\libc.a(lib_a-exit.o)
                0x01005898                exit
 .text          0x010058d0       0x6c c:/altera/13.0sp1/nios2eds/bin/gnu/h-i686-mingw32/bin/../lib/gcc/nios2-elf/4.1.2/../../../../nios2-elf/lib\libc.a(lib_a-fiprintf.o)
                0x010058d0                fiprintf
                0x01005914                _fiprintf_r
 .text          0x0100593c        0x0 c:/altera/13.0sp1/nios2eds/bin/gnu/h-i686-mingw32/bin/../lib/gcc/nios2-elf/4.1.2/../../../../nios2-elf/lib\libc.a(lib_a-impure.o)
 .text          0x0100593c       0x28 c:/altera/13.0sp1/nios2eds/bin/gnu/h-i686-mingw32/bin/../lib/gcc/nios2-elf/4.1.2/../../../../nios2-elf/lib\libc.a(lib_a-malloc.o)
                0x0100593c                free
                0x01005950                malloc
 .text          0x01005964      0x740 c:/altera/13.0sp1/nios2eds/bin/gnu/h-i686-mingw32/bin/../lib/gcc/nios2-elf/4.1.2/../../../../nios2-elf/lib\libc.a(lib_a-mallocr.o)
                0x01005964                _malloc_r
 .text          0x010060a4       0xa0 c:/altera/13.0sp1/nios2eds/bin/gnu/h-i686-mingw32/bin/../lib/gcc/nios2-elf/4.1.2/../../../../nios2-elf/lib\libc.a(lib_a-memcpy.o)
                0x010060a4                memcpy
 .text          0x01006144       0x98 c:/altera/13.0sp1/nios2eds/bin/gnu/h-i686-mingw32/bin/../lib/gcc/nios2-elf/4.1.2/../../../../nios2-elf/lib\libc.a(lib_a-memset.o)
                0x01006144                memset
 .text          0x010061dc       0x78 c:/altera/13.0sp1/nios2eds/bin/gnu/h-i686-mingw32/bin/../lib/gcc/nios2-elf/4.1.2/../../../../nios2-elf/lib\libc.a(lib_a-printf.o)
                0x010061dc                printf
                0x01006220                _printf_r
 .text          0x01006254       0x24 c:/altera/13.0sp1/nios2eds/bin/gnu/h-i686-mingw32/bin/../lib/gcc/nios2-elf/4.1.2/../../../../nios2-elf/lib\libc.a(lib_a-putchar.o)
                0x01006254                putchar
                0x01006270                _putchar_r
 .text          0x01006278       0xb4 c:/altera/13.0sp1/nios2eds/bin/gnu/h-i686-mingw32/bin/../lib/gcc/nios2-elf/4.1.2/../../../../nios2-elf/lib\libc.a(lib_a-puts.o)
                0x01006278                _puts_r
                0x01006318                puts
 .text          0x0100632c       0x70 c:/altera/13.0sp1/nios2eds/bin/gnu/h-i686-mingw32/bin/../lib/gcc/nios2-elf/4.1.2/../../../../nios2-elf/lib\libc.a(lib_a-sbrkr.o)
                0x0100632c                _sbrk_r
 .text          0x0100639c       0xbc c:/altera/13.0sp1/nios2eds/bin/gnu/h-i686-mingw32/bin/../lib/gcc/nios2-elf/4.1.2/../../../../nios2-elf/lib\libc.a(lib_a-strcmp.o)
                0x0100639c                strcmp
 .text          0x01006458       0x8c c:/altera/13.0sp1/nios2eds/bin/gnu/h-i686-mingw32/bin/../lib/gcc/nios2-elf/4.1.2/../../../../nios2-elf/lib\libc.a(lib_a-strcpy.o)
                0x01006458                strcpy
 .text          0x010064e4       0x74 c:/altera/13.0sp1/nios2eds/bin/gnu/h-i686-mingw32/bin/../lib/gcc/nios2-elf/4.1.2/../../../../nios2-elf/lib\libc.a(lib_a-strlen.o)
                0x010064e4                strlen
 .text          0x01006558       0x1c c:/altera/13.0sp1/nios2eds/bin/gnu/h-i686-mingw32/bin/../lib/gcc/nios2-elf/4.1.2/../../../../nios2-elf/lib\libc.a(lib_a-vfiprintfr_1.o)
                0x01006558                _vfiprintf_r
 .text          0x01006574     0x1f28 c:/altera/13.0sp1/nios2eds/bin/gnu/h-i686-mingw32/bin/../lib/gcc/nios2-elf/4.1.2/../../../../nios2-elf/lib\libc.a(lib_a-vfprintf.o)
                0x010065cc                ___vfprintf_internal_r
                0x01008478                __vfprintf_internal
 .text          0x0100849c      0x13c c:/altera/13.0sp1/nios2eds/bin/gnu/h-i686-mingw32/bin/../lib/gcc/nios2-elf/4.1.2/../../../../nios2-elf/lib\libc.a(lib_a-wsetup.o)
                0x0100849c                __swsetup_r
 .text          0x010085d8      0x1b4 c:/altera/13.0sp1/nios2eds/bin/gnu/h-i686-mingw32/bin/../lib/gcc/nios2-elf/4.1.2/../../../../nios2-elf/lib\libc.a(lib_a-__call_atexit.o)
                0x010085dc                __call_exitprocs
 .text          0x0100878c       0x18 c:/altera/13.0sp1/nios2eds/bin/gnu/h-i686-mingw32/bin/../lib/gcc/nios2-elf/4.1.2/../../../../nios2-elf/lib\libc.a(lib_a-abort.o)
                0x0100878c                abort
 .text          0x010087a4     0x17cc c:/altera/13.0sp1/nios2eds/bin/gnu/h-i686-mingw32/bin/../lib/gcc/nios2-elf/4.1.2/../../../../nios2-elf/lib\libc.a(lib_a-dtoa.o)
                0x010089bc                _dtoa_r
 .text          0x01009f70      0x230 c:/altera/13.0sp1/nios2eds/bin/gnu/h-i686-mingw32/bin/../lib/gcc/nios2-elf/4.1.2/../../../../nios2-elf/lib\libc.a(lib_a-fflush.o)
                0x01009f70                _fflush_r
                0x0100a16c                fflush
 .text          0x0100a1a0      0x2c0 c:/altera/13.0sp1/nios2eds/bin/gnu/h-i686-mingw32/bin/../lib/gcc/nios2-elf/4.1.2/../../../../nios2-elf/lib\libc.a(lib_a-findfp.o)
                0x0100a1f8                __sfp_lock_acquire
                0x0100a1fc                __sfp_lock_release
                0x0100a200                __sinit_lock_acquire
                0x0100a204                __sinit_lock_release
                0x0100a208                __sinit
                0x0100a2bc                __fp_unlock_all
                0x0100a2d4                __fp_lock_all
                0x0100a2ec                _cleanup_r
                0x0100a2f8                _cleanup
                0x0100a308                __sfmoreglue
                0x0100a370                __sfp
 .text          0x0100a460      0x440 c:/altera/13.0sp1/nios2eds/bin/gnu/h-i686-mingw32/bin/../lib/gcc/nios2-elf/4.1.2/../../../../nios2-elf/lib\libc.a(lib_a-freer.o)
                0x0100a460                _malloc_trim_r
                0x0100a58c                _free_r
 .text          0x0100a8a0      0x49c c:/altera/13.0sp1/nios2eds/bin/gnu/h-i686-mingw32/bin/../lib/gcc/nios2-elf/4.1.2/../../../../nios2-elf/lib\libc.a(lib_a-fvwrite.o)
                0x0100a8a0                __sfvwrite_r
 .text          0x0100ad3c      0x180 c:/altera/13.0sp1/nios2eds/bin/gnu/h-i686-mingw32/bin/../lib/gcc/nios2-elf/4.1.2/../../../../nios2-elf/lib\libc.a(lib_a-fwalk.o)
                0x0100ad3c                _fwalk_reent
                0x0100ae04                _fwalk
 .text          0x0100aebc        0x0 c:/altera/13.0sp1/nios2eds/bin/gnu/h-i686-mingw32/bin/../lib/gcc/nios2-elf/4.1.2/../../../../nios2-elf/lib\libc.a(lib_a-int_errno.o)
 .text          0x0100aebc       0xc4 c:/altera/13.0sp1/nios2eds/bin/gnu/h-i686-mingw32/bin/../lib/gcc/nios2-elf/4.1.2/../../../../nios2-elf/lib\libc.a(lib_a-locale.o)
                0x0100aebc                __locale_charset
                0x0100aec4                _localeconv_r
                0x0100aed0                localeconv
                0x0100aee0                _setlocale_r
                0x0100af64                setlocale
 .text          0x0100af80      0x194 c:/altera/13.0sp1/nios2eds/bin/gnu/h-i686-mingw32/bin/../lib/gcc/nios2-elf/4.1.2/../../../../nios2-elf/lib\libc.a(lib_a-makebuf.o)
                0x0100af80                __smakebuf_r
 .text          0x0100b114       0xe4 c:/altera/13.0sp1/nios2eds/bin/gnu/h-i686-mingw32/bin/../lib/gcc/nios2-elf/4.1.2/../../../../nios2-elf/lib\libc.a(lib_a-memchr.o)
                0x0100b114                memchr
 .text          0x0100b1f8       0xe0 c:/altera/13.0sp1/nios2eds/bin/gnu/h-i686-mingw32/bin/../lib/gcc/nios2-elf/4.1.2/../../../../nios2-elf/lib\libc.a(lib_a-memmove.o)
                0x0100b1f8                memmove
 .text          0x0100b2d8      0xff4 c:/altera/13.0sp1/nios2eds/bin/gnu/h-i686-mingw32/bin/../lib/gcc/nios2-elf/4.1.2/../../../../nios2-elf/lib\libc.a(lib_a-mprec.o)
                0x0100b2d8                _Bfree
                0x0100b300                __hi0bits
                0x0100b370                __lo0bits
                0x0100b434                __mcmp
                0x0100b494                __ulp
                0x0100b514                __b2d
                0x0100b634                __ratio
                0x0100b6e4                _mprec_log10
                0x0100b778                __copybits
                0x0100b7d0                __any_on
                0x0100b858                _Balloc
                0x0100b914                __d2b
                0x0100ba90                __mdiff
                0x0100bc1c                __lshift
                0x0100bd68                __multiply
                0x0100bf50                __i2b
                0x0100bf8c                __multadd
                0x0100c08c                __pow5mult
                0x0100c1ac                __s2b
 .text          0x0100c2cc      0x1ec c:/altera/13.0sp1/nios2eds/bin/gnu/h-i686-mingw32/bin/../lib/gcc/nios2-elf/4.1.2/../../../../nios2-elf/lib\libc.a(lib_a-putc.o)
                0x0100c2cc                putc
                0x0100c3d0                _putc_r
 .text          0x0100c4b8      0x5f4 c:/altera/13.0sp1/nios2eds/bin/gnu/h-i686-mingw32/bin/../lib/gcc/nios2-elf/4.1.2/../../../../nios2-elf/lib\libc.a(lib_a-reallocr.o)
                0x0100c4b8                _realloc_r
 .text          0x0100caac       0x40 c:/altera/13.0sp1/nios2eds/bin/gnu/h-i686-mingw32/bin/../lib/gcc/nios2-elf/4.1.2/../../../../nios2-elf/lib\libc.a(lib_a-s_isinfd.o)
                0x0100caac                __isinfd
 .text          0x0100caec       0x30 c:/altera/13.0sp1/nios2eds/bin/gnu/h-i686-mingw32/bin/../lib/gcc/nios2-elf/4.1.2/../../../../nios2-elf/lib\libc.a(lib_a-s_isnand.o)
                0x0100caec                __isnand
 .text          0x0100cb1c      0x2d8 c:/altera/13.0sp1/nios2eds/bin/gnu/h-i686-mingw32/bin/../lib/gcc/nios2-elf/4.1.2/../../../../nios2-elf/lib\libc.a(lib_a-signal.o)
                0x0100cb1c                _raise_r
                0x0100cbe8                raise
                0x0100cbfc                _init_signal_r
                0x0100cc60                _init_signal
                0x0100cc70                __sigtramp_r
                0x0100cd24                __sigtramp
                0x0100cd38                _signal_r
                0x0100cdd8                signal
 .text          0x0100cdf4       0x78 c:/altera/13.0sp1/nios2eds/bin/gnu/h-i686-mingw32/bin/../lib/gcc/nios2-elf/4.1.2/../../../../nios2-elf/lib\libc.a(lib_a-signalr.o)
                0x0100cdf4                _getpid_r
                0x0100cdf8                _kill_r
 .text          0x0100ce6c      0x14c c:/altera/13.0sp1/nios2eds/bin/gnu/h-i686-mingw32/bin/../lib/gcc/nios2-elf/4.1.2/../../../../nios2-elf/lib\libc.a(lib_a-stdio.o)
                0x0100ce6c                __sclose
                0x0100ce74                __sseek
                0x0100cedc                __swrite
                0x0100cf58                __sread
 .text          0x0100cfb8     0x1120 c:/altera/13.0sp1/nios2eds/bin/gnu/h-i686-mingw32/bin/../lib/gcc/nios2-elf/4.1.2/../../../../nios2-elf/lib\libc.a(lib_a-vfiprintf.o)
                0x0100d010                ___vfiprintf_internal_r
                0x0100e0b4                __vfiprintf_internal
 .text          0x0100e0d8      0x14c c:/altera/13.0sp1/nios2eds/bin/gnu/h-i686-mingw32/bin/../lib/gcc/nios2-elf/4.1.2/../../../../nios2-elf/lib\libc.a(lib_a-wbuf.o)
                0x0100e0d8                __swbuf_r
                0x0100e208                __swbuf
 .text          0x0100e224       0x78 c:/altera/13.0sp1/nios2eds/bin/gnu/h-i686-mingw32/bin/../lib/gcc/nios2-elf/4.1.2/../../../../nios2-elf/lib\libc.a(lib_a-writer.o)
                0x0100e224                _write_r
 .text          0x0100e29c       0x70 c:/altera/13.0sp1/nios2eds/bin/gnu/h-i686-mingw32/bin/../lib/gcc/nios2-elf/4.1.2/../../../../nios2-elf/lib\libc.a(lib_a-closer.o)
                0x0100e29c                _close_r
 .text          0x0100e30c      0x124 c:/altera/13.0sp1/nios2eds/bin/gnu/h-i686-mingw32/bin/../lib/gcc/nios2-elf/4.1.2/../../../../nios2-elf/lib\libc.a(lib_a-fclose.o)
                0x0100e30c                _fclose_r
                0x0100e41c                fclose
 .text          0x0100e430       0x74 c:/altera/13.0sp1/nios2eds/bin/gnu/h-i686-mingw32/bin/../lib/gcc/nios2-elf/4.1.2/../../../../nios2-elf/lib\libc.a(lib_a-fstatr.o)
                0x0100e430                _fstat_r
 .text          0x0100e4a4       0x70 c:/altera/13.0sp1/nios2eds/bin/gnu/h-i686-mingw32/bin/../lib/gcc/nios2-elf/4.1.2/../../../../nios2-elf/lib\libc.a(lib_a-isattyr.o)
                0x0100e4a4                _isatty_r
 .text          0x0100e514       0x78 c:/altera/13.0sp1/nios2eds/bin/gnu/h-i686-mingw32/bin/../lib/gcc/nios2-elf/4.1.2/../../../../nios2-elf/lib\libc.a(lib_a-lseekr.o)
                0x0100e514                _lseek_r
 .text          0x0100e58c       0x78 c:/altera/13.0sp1/nios2eds/bin/gnu/h-i686-mingw32/bin/../lib/gcc/nios2-elf/4.1.2/../../../../nios2-elf/lib\libc.a(lib_a-readr.o)
                0x0100e58c                _read_r
 .text          0x0100e604      0x5dc c:/altera/13.0sp1/nios2eds/bin/gnu/h-i686-mingw32/bin/../lib/gcc/nios2-elf/4.1.2\libgcc.a(_udivdi3.o)
                0x0100e604                __udivdi3
 .text          0x0100ebe0      0x5b0 c:/altera/13.0sp1/nios2eds/bin/gnu/h-i686-mingw32/bin/../lib/gcc/nios2-elf/4.1.2\libgcc.a(_umoddi3.o)
                0x0100ebe0                __umoddi3
 .text          0x0100f190      0x504 c:/altera/13.0sp1/nios2eds/bin/gnu/h-i686-mingw32/bin/../lib/gcc/nios2-elf/4.1.2\libgcc.a(_addsub_df.o)
                0x0100f5a0                __subdf3
                0x0100f620                __adddf3
 .text          0x0100f694      0x3c4 c:/altera/13.0sp1/nios2eds/bin/gnu/h-i686-mingw32/bin/../lib/gcc/nios2-elf/4.1.2\libgcc.a(_mul_df.o)
                0x0100f694                __muldf3
 .text          0x0100fa58      0x258 c:/altera/13.0sp1/nios2eds/bin/gnu/h-i686-mingw32/bin/../lib/gcc/nios2-elf/4.1.2\libgcc.a(_div_df.o)
                0x0100fa58                __divdf3
 .text          0x0100fcb0       0x88 c:/altera/13.0sp1/nios2eds/bin/gnu/h-i686-mingw32/bin/../lib/gcc/nios2-elf/4.1.2\libgcc.a(_eq_df.o)
                0x0100fcb0                __eqdf2
 .text          0x0100fd38       0x88 c:/altera/13.0sp1/nios2eds/bin/gnu/h-i686-mingw32/bin/../lib/gcc/nios2-elf/4.1.2\libgcc.a(_ne_df.o)
                0x0100fd38                __nedf2
 .text          0x0100fdc0       0x88 c:/altera/13.0sp1/nios2eds/bin/gnu/h-i686-mingw32/bin/../lib/gcc/nios2-elf/4.1.2\libgcc.a(_gt_df.o)
                0x0100fdc0                __gtdf2
 .text          0x0100fe48       0x88 c:/altera/13.0sp1/nios2eds/bin/gnu/h-i686-mingw32/bin/../lib/gcc/nios2-elf/4.1.2\libgcc.a(_ge_df.o)
                0x0100fe48                __gedf2
 .text          0x0100fed0       0x88 c:/altera/13.0sp1/nios2eds/bin/gnu/h-i686-mingw32/bin/../lib/gcc/nios2-elf/4.1.2\libgcc.a(_lt_df.o)
                0x0100fed0                __ltdf2
 .text          0x0100ff58       0xf8 c:/altera/13.0sp1/nios2eds/bin/gnu/h-i686-mingw32/bin/../lib/gcc/nios2-elf/4.1.2\libgcc.a(_si_to_df.o)
                0x0100ff58                __floatsidf
 .text          0x01010050       0xd8 c:/altera/13.0sp1/nios2eds/bin/gnu/h-i686-mingw32/bin/../lib/gcc/nios2-elf/4.1.2\libgcc.a(_df_to_si.o)
                0x01010050                __fixdfsi
 .text          0x01010128        0x0 c:/altera/13.0sp1/nios2eds/bin/gnu/h-i686-mingw32/bin/../lib/gcc/nios2-elf/4.1.2\libgcc.a(_thenan_df.o)
 .text          0x01010128      0x194 c:/altera/13.0sp1/nios2eds/bin/gnu/h-i686-mingw32/bin/../lib/gcc/nios2-elf/4.1.2\libgcc.a(_usi_to_df.o)
                0x01010128                __floatunsidf
 .text          0x010102bc      0x14c c:/altera/13.0sp1/nios2eds/bin/gnu/h-i686-mingw32/bin/../lib/gcc/nios2-elf/4.1.2\libgcc.a(lib2-divmod.o)
                0x01010338                __divsi3
                0x01010398                __modsi3
                0x010103f8                __udivsi3
                0x01010400                __umodsi3
 .text          0x01010408       0x98 c:/altera/13.0sp1/nios2eds/bin/gnu/h-i686-mingw32/bin/../lib/gcc/nios2-elf/4.1.2\libgcc.a(_muldi3.o)
                0x01010408                __muldi3
 .text          0x010104a0        0x0 c:/altera/13.0sp1/nios2eds/bin/gnu/h-i686-mingw32/bin/../lib/gcc/nios2-elf/4.1.2\libgcc.a(_clz.o)
 .text          0x010104a0       0x80 c:/altera/13.0sp1/nios2eds/bin/gnu/h-i686-mingw32/bin/../lib/gcc/nios2-elf/4.1.2\libgcc.a(_clzsi2.o)
                0x010104a0                __clzsi2
 .text          0x01010520      0x314 c:/altera/13.0sp1/nios2eds/bin/gnu/h-i686-mingw32/bin/../lib/gcc/nios2-elf/4.1.2\libgcc.a(_pack_df.o)
                0x01010520                __pack_d
 .text          0x01010834      0x138 c:/altera/13.0sp1/nios2eds/bin/gnu/h-i686-mingw32/bin/../lib/gcc/nios2-elf/4.1.2\libgcc.a(_unpack_df.o)
                0x01010834                __unpack_d
 .text          0x0101096c       0xc8 c:/altera/13.0sp1/nios2eds/bin/gnu/h-i686-mingw32/bin/../lib/gcc/nios2-elf/4.1.2\libgcc.a(_fpcmp_parts_df.o)
                0x0101096c                __fpcmp_parts_d
 .text          0x01010a34      0x15c ../DuelDraw_interrupt_bsp/\libhal_bsp.a(alt_close.o)
                0x01010a34                close
 .text          0x01010b90       0x2c ../DuelDraw_interrupt_bsp/\libhal_bsp.a(alt_dev.o)
 .text          0x01010bbc        0x0 ../DuelDraw_interrupt_bsp/\libhal_bsp.a(alt_errno.o)
 .text          0x01010bbc       0x60 ../DuelDraw_interrupt_bsp/\libhal_bsp.a(alt_exit.o)
                0x01010bfc                _exit
 .text          0x01010c1c      0x134 ../DuelDraw_interrupt_bsp/\libhal_bsp.a(alt_fstat.o)
                0x01010c1c                fstat
 .text          0x01010d50       0x20 ../DuelDraw_interrupt_bsp/\libhal_bsp.a(alt_getpid.o)
                0x01010d50                getpid
 .text          0x01010d70      0x1c0 ../DuelDraw_interrupt_bsp/\libhal_bsp.a(alt_irq_register.o)
                0x01010d70                alt_irq_register
 .text          0x01010f30        0x0 ../DuelDraw_interrupt_bsp/\libhal_bsp.a(alt_irq_vars.o)
 .text          0x01010f30      0x120 ../DuelDraw_interrupt_bsp/\libhal_bsp.a(alt_isatty.o)
                0x01010f30                isatty
 .text          0x01011050      0x1a0 ../DuelDraw_interrupt_bsp/\libhal_bsp.a(alt_kill.o)
                0x01011050                kill
 .text          0x010111f0       0xec ../DuelDraw_interrupt_bsp/\libhal_bsp.a(alt_load.o)
                0x010111f0                alt_load
 .text          0x010112dc      0x150 ../DuelDraw_interrupt_bsp/\libhal_bsp.a(alt_lseek.o)
                0x010112dc                lseek
 .text          0x0101142c       0x6c ../DuelDraw_interrupt_bsp/\libhal_bsp.a(alt_main.o)
                0x0101142c                alt_main
 .text          0x01011498       0x40 ../DuelDraw_interrupt_bsp/\libhal_bsp.a(alt_malloc_lock.o)
                0x01011498                __malloc_lock
                0x010114b8                __malloc_unlock
 .text          0x010114d8      0x180 ../DuelDraw_interrupt_bsp/\libhal_bsp.a(alt_read.o)
                0x010114d8                read
 .text          0x01011658       0x60 ../DuelDraw_interrupt_bsp/\libhal_bsp.a(alt_release_fd.o)
                0x01011658                alt_release_fd
 .text          0x010116b8       0xbc ../DuelDraw_interrupt_bsp/\libhal_bsp.a(alt_sbrk.o)
                0x010116b8                sbrk
 .text          0x01011774       0x30 ../DuelDraw_interrupt_bsp/\libhal_bsp.a(alt_usleep.o)
                0x01011774                usleep
 .text          0x010117a4      0x180 ../DuelDraw_interrupt_bsp/\libhal_bsp.a(alt_write.o)
                0x010117a4                write
 .text          0x01011924      0x3f4 ../DuelDraw_interrupt_bsp/\libhal_bsp.a(alt_sys_init.o)
                0x01011924                alt_irq_init
                0x01011958                alt_sys_init
 .text          0x01011d18      0x148 ../DuelDraw_interrupt_bsp/\libhal_bsp.a(altera_avalon_jtag_uart_fd.o)
                0x01011d18                altera_avalon_jtag_uart_read_fd
                0x01011d70                altera_avalon_jtag_uart_write_fd
                0x01011dc8                altera_avalon_jtag_uart_close_fd
                0x01011e10                altera_avalon_jtag_uart_ioctl_fd
 .text          0x01011e60      0x408 ../DuelDraw_interrupt_bsp/\libhal_bsp.a(altera_avalon_jtag_uart_init.o)
                0x01011e60                altera_avalon_jtag_uart_init
                0x010121f4                altera_avalon_jtag_uart_close
 .text          0x01012268       0xf4 ../DuelDraw_interrupt_bsp/\libhal_bsp.a(altera_avalon_jtag_uart_ioctl.o)
                0x01012268                altera_avalon_jtag_uart_ioctl
 .text          0x0101235c      0x224 ../DuelDraw_interrupt_bsp/\libhal_bsp.a(altera_avalon_jtag_uart_read.o)
                0x0101235c                altera_avalon_jtag_uart_read
 .text          0x01012580      0x240 ../DuelDraw_interrupt_bsp/\libhal_bsp.a(altera_avalon_jtag_uart_write.o)
                0x01012580                altera_avalon_jtag_uart_write
 .text          0x010127c0      0x168 ../DuelDraw_interrupt_bsp/\libhal_bsp.a(altera_avalon_timer_ts.o)
                0x010127c0                alt_timestamp_start
                0x01012864                alt_timestamp
                0x01012900                alt_timestamp_freq
 .text          0x01012928        0x0 ../DuelDraw_interrupt_bsp/\libhal_bsp.a(altera_avalon_timer_vars.o)
 .text          0x01012928      0x530 ../DuelDraw_interrupt_bsp/\libhal_bsp.a(altera_up_avalon_character_lcd.o)
                0x01012928                get_DDRAM_addr
                0x010129a4                alt_up_character_lcd_send_cmd
                0x010129d8                alt_up_character_lcd_init
                0x01012a0c                alt_up_character_lcd_open_dev
                0x01012a4c                alt_up_character_lcd_write
                0x01012ac4                alt_up_character_lcd_string
                0x01012b3c                alt_up_character_lcd_write_fd
                0x01012b88                alt_up_character_lcd_set_cursor_pos
                0x01012c00                alt_up_character_lcd_shift_cursor
                0x01012cb0                alt_up_character_lcd_shift_display
                0x01012d60                alt_up_character_lcd_erase_pos
                0x01012df0                alt_up_character_lcd_cursor_off
                0x01012e24                alt_up_character_lcd_cursor_blink_on
 .text          0x01012e58      0x700 ../DuelDraw_interrupt_bsp/\libhal_bsp.a(altera_up_avalon_ps2.o)
                0x01012e58                read_RI_bit
                0x01012e8c                read_RE_bit
                0x01012ebc                read_CE_bit
                0x01012ef0                read_num_bytes_available
                0x01012f24                read_data_valid
                0x01012f58                read_data_byte
                0x01012f84                alt_up_ps2_init
                0x01013050                alt_up_ps2_enable_read_interrupt
                0x010130a4                alt_up_ps2_disable_read_interrupt
                0x010130fc                alt_up_ps2_write_data_byte
                0x01013174                alt_up_ps2_wait_for_ack
                0x010131e4                alt_up_ps2_write_data_byte_with_ack
                0x01013250                alt_up_ps2_read_data_byte_timeout
                0x01013300                alt_up_ps2_read_data_byte
                0x0101337c                alt_up_ps2_clear_fifo
                0x010133d4                alt_up_ps2_read_fd
                0x01013470                alt_up_ps2_write_fd
                0x01013518                alt_up_ps2_open_dev
 .text          0x01013558       0x40 ../DuelDraw_interrupt_bsp/\libhal_bsp.a(altera_up_avalon_usb.o)
                0x01013558                alt_up_usb_open_dev
 .text          0x01013598      0x304 ../DuelDraw_interrupt_bsp/\libhal_bsp.a(altera_up_avalon_video_character_buffer_with_dma.o)
                0x01013598                alt_up_char_buffer_init
                0x0101361c                alt_up_char_buffer_open_dev
                0x0101365c                alt_up_char_buffer_draw
                0x0101372c                alt_up_char_buffer_string
                0x01013840                alt_up_char_buffer_clear
 .text          0x0101389c      0x154 ../DuelDraw_interrupt_bsp/\libhal_bsp.a(alt_alarm_start.o)
                0x0101389c                alt_alarm_start
 .text          0x010139f0      0x14c ../DuelDraw_interrupt_bsp/\libhal_bsp.a(alt_busy_sleep.o)
                0x010139f0                alt_busy_sleep
 .text          0x01013b3c       0x44 ../DuelDraw_interrupt_bsp/\libhal_bsp.a(alt_dcache_flush_all.o)
                0x01013b3c                alt_dcache_flush_all
 .text          0x01013b80      0x114 ../DuelDraw_interrupt_bsp/\libhal_bsp.a(alt_dev_llist_insert.o)
                0x01013b80                alt_dev_llist_insert
 .text          0x01013c94       0x64 ../DuelDraw_interrupt_bsp/\libhal_bsp.a(alt_do_ctors.o)
                0x01013c94                _do_ctors
 .text          0x01013cf8       0x64 ../DuelDraw_interrupt_bsp/\libhal_bsp.a(alt_do_dtors.o)
                0x01013cf8                _do_dtors
 .text          0x01013d5c       0x94 ../DuelDraw_interrupt_bsp/\libhal_bsp.a(alt_find_dev.o)
                0x01013d5c                alt_find_dev
 .text          0x01013df0       0x30 ../DuelDraw_interrupt_bsp/\libhal_bsp.a(alt_icache_flush_all.o)
                0x01013df0                alt_icache_flush_all
 .text          0x01013e20      0x13c ../DuelDraw_interrupt_bsp/\libhal_bsp.a(alt_io_redirect.o)
                0x01013ee4                alt_io_redirect
 .text          0x01013f5c        0x0 ../DuelDraw_interrupt_bsp/\libhal_bsp.a(alt_irq_entry.o)
 .text          0x01013f5c        0x0 ../DuelDraw_interrupt_bsp/\libhal_bsp.a(alt_irq_handler.o)
 .text          0x01013f5c      0x2c4 ../DuelDraw_interrupt_bsp/\libhal_bsp.a(alt_open.o)
                0x01014038                open
 .text          0x01014220      0x1a4 ../DuelDraw_interrupt_bsp/\libhal_bsp.a(alt_tick.o)
                0x01014220                alt_alarm_stop
                0x010142b8                alt_tick
 .text          0x010143c4       0x20 ../DuelDraw_interrupt_bsp/\libhal_bsp.a(altera_nios2_qsys_irq.o)
                0x010143c4                altera_nios2_qsys_irq_init
 .text          0x010143e4        0x0 ../DuelDraw_interrupt_bsp/\libhal_bsp.a(alt_exception_entry.o)
 .text          0x010143e4      0x120 ../DuelDraw_interrupt_bsp/\libhal_bsp.a(alt_find_file.o)
                0x010143e4                alt_find_file
 .text          0x01014504       0xb8 ../DuelDraw_interrupt_bsp/\libhal_bsp.a(alt_get_fd.o)
                0x01014504                alt_get_fd
 .text          0x010145bc       0x90 ../DuelDraw_interrupt_bsp/\libhal_bsp.a(alt_icache_flush.o)
                0x010145bc                alt_icache_flush
 .text          0x0101464c       0x14 c:/altera/13.0sp1/nios2eds/bin/gnu/h-i686-mingw32/bin/../lib/gcc/nios2-elf/4.1.2/../../../../nios2-elf/lib\libc.a(lib_a-atexit.o)
                0x0101464c                atexit
 .text          0x01014660       0x74 c:/altera/13.0sp1/nios2eds/bin/gnu/h-i686-mingw32/bin/../lib/gcc/nios2-elf/4.1.2/../../../../nios2-elf/lib\libc.a(lib_a-memcmp.o)
                0x01014660                memcmp
 .text          0x010146d4      0x134 c:/altera/13.0sp1/nios2eds/bin/gnu/h-i686-mingw32/bin/../lib/gcc/nios2-elf/4.1.2/../../../../nios2-elf/lib\libc.a(lib_a-__atexit.o)
                0x010146d4                __register_exitproc
 *(.gnu.warning.*)
 *(.fini)
                0x01014808                PROVIDE (__etext, ABSOLUTE (.))
                0x01014808                PROVIDE (_etext, ABSOLUTE (.))
                0x01014808                PROVIDE (etext, ABSOLUTE (.))
 *(.eh_frame_hdr)
                0x01014808                . = ALIGN (0x4)
                0x01014808                PROVIDE (__preinit_array_start, ABSOLUTE (.))
 *(.preinit_array)
                0x01014808                PROVIDE (__preinit_array_end, ABSOLUTE (.))
                0x01014808                PROVIDE (__init_array_start, ABSOLUTE (.))
 *(.init_array)
                0x01014808                PROVIDE (__init_array_end, ABSOLUTE (.))
                0x01014808                PROVIDE (__fini_array_start, ABSOLUTE (.))
 *(.fini_array)
                0x01014808                PROVIDE (__fini_array_end, ABSOLUTE (.))
 *(.eh_frame)
 *(.gcc_except_table)
 *(.dynamic)
                0x01014808                PROVIDE (__CTOR_LIST__, ABSOLUTE (.))
 *(.ctors)
 *(SORT(.ctors.*))
 .ctors.65535   0x01014808        0x4 c:/altera/13.0sp1/nios2eds/bin/gnu/h-i686-mingw32/bin/../lib/gcc/nios2-elf/4.1.2/../../../../nios2-elf/lib\libc.a(lib_a-__call_atexit.o)
                0x0101480c                PROVIDE (__CTOR_END__, ABSOLUTE (.))
                0x0101480c                PROVIDE (__DTOR_LIST__, ABSOLUTE (.))
 *(.dtors)
 *(SORT(.dtors.*))
                0x0101480c                PROVIDE (__DTOR_END__, ABSOLUTE (.))
 *(.jcr)
                0x0101480c                . = ALIGN (0x4)

.rodata         0x0101480c      0xbb4
                0x0101480c                PROVIDE (__ram_rodata_start, ABSOLUTE (.))
                0x0101480c                . = ALIGN (0x4)
 *(.rodata .rodata.* .gnu.linkonce.r.*)
 .rodata        0x0101480c       0x80 obj/default/main.o
 .rodata        0x0101488c       0xa8 obj/default/usb/usb.o
 .rodata        0x01014934       0x5c obj/default/usb/usb_ISO.o
 .rodata        0x01014990       0x54 obj/default/usb/usb_chap_9.o
 .rodata        0x010149e4      0x20c obj/default/usb/usb_config.o
 .rodata        0x01014bf0       0xd8 obj/default/usb/usb_device_bus.o
 .rodata        0x01014cc8      0x140 obj/default/usb/usb_device_hal.o
 .rodata        0x01014e08       0xdc obj/default/usb/usb_isr.o
 .rodata        0x01014ee4       0x2c obj/default/usb/usb_queue.o
 .rodata.str1.4
                0x01014f10       0x3d c:/altera/13.0sp1/nios2eds/bin/gnu/h-i686-mingw32/bin/../lib/gcc/nios2-elf/4.1.2/../../../../nios2-elf/lib\libc.a(lib_a-assert.o)
                                 0x44 (size before relaxing)
 *fill*         0x01014f4d        0x3 00
 .rodata.str1.4
                0x01014f50        0x2 c:/altera/13.0sp1/nios2eds/bin/gnu/h-i686-mingw32/bin/../lib/gcc/nios2-elf/4.1.2/../../../../nios2-elf/lib\libc.a(lib_a-impure.o)
                                  0x4 (size before relaxing)
 *fill*         0x01014f52        0x2 00
 .rodata.str1.4
                0x01014f54        0x2 c:/altera/13.0sp1/nios2eds/bin/gnu/h-i686-mingw32/bin/../lib/gcc/nios2-elf/4.1.2/../../../../nios2-elf/lib\libc.a(lib_a-puts.o)
                                  0x4 (size before relaxing)
 *fill*         0x01014f56        0x2 00
 .rodata.str1.4
                0x01014f58       0x5e c:/altera/13.0sp1/nios2eds/bin/gnu/h-i686-mingw32/bin/../lib/gcc/nios2-elf/4.1.2/../../../../nios2-elf/lib\libc.a(lib_a-vfprintf.o)
                                 0x60 (size before relaxing)
 .rodata        0x01014fb6       0x20 c:/altera/13.0sp1/nios2eds/bin/gnu/h-i686-mingw32/bin/../lib/gcc/nios2-elf/4.1.2/../../../../nios2-elf/lib\libc.a(lib_a-vfprintf.o)
 *fill*         0x01014fd6        0x2 00
 .rodata.str1.4
                0x01014fd8       0x10 c:/altera/13.0sp1/nios2eds/bin/gnu/h-i686-mingw32/bin/../lib/gcc/nios2-elf/4.1.2/../../../../nios2-elf/lib\libc.a(lib_a-dtoa.o)
                                 0x14 (size before relaxing)
 .rodata.str1.4
                0x01014fe8       0x10 c:/altera/13.0sp1/nios2eds/bin/gnu/h-i686-mingw32/bin/../lib/gcc/nios2-elf/4.1.2/../../../../nios2-elf/lib\libc.a(lib_a-locale.o)
                                 0x18 (size before relaxing)
 .rodata        0x01014ff8       0x30 c:/altera/13.0sp1/nios2eds/bin/gnu/h-i686-mingw32/bin/../lib/gcc/nios2-elf/4.1.2/../../../../nios2-elf/lib\libc.a(lib_a-locale.o)
 .rodata        0x01015028      0x124 c:/altera/13.0sp1/nios2eds/bin/gnu/h-i686-mingw32/bin/../lib/gcc/nios2-elf/4.1.2/../../../../nios2-elf/lib\libc.a(lib_a-mprec.o)
                0x01015028                __mprec_tens
                0x010150f0                __mprec_bigtens
                0x01015118                __mprec_tinytens
 .rodata.str1.4
                0x00000000       0x4c c:/altera/13.0sp1/nios2eds/bin/gnu/h-i686-mingw32/bin/../lib/gcc/nios2-elf/4.1.2/../../../../nios2-elf/lib\libc.a(lib_a-vfiprintf.o)
 .rodata        0x0101514c       0x20 c:/altera/13.0sp1/nios2eds/bin/gnu/h-i686-mingw32/bin/../lib/gcc/nios2-elf/4.1.2/../../../../nios2-elf/lib\libc.a(lib_a-vfiprintf.o)
 .rodata        0x0101516c       0x14 c:/altera/13.0sp1/nios2eds/bin/gnu/h-i686-mingw32/bin/../lib/gcc/nios2-elf/4.1.2\libgcc.a(_thenan_df.o)
                0x0101516c                __thenan_df
 .rodata        0x01015180      0x100 c:/altera/13.0sp1/nios2eds/bin/gnu/h-i686-mingw32/bin/../lib/gcc/nios2-elf/4.1.2\libgcc.a(_clz.o)
                0x01015180                __clz_tab
 .rodata        0x01015280        0xc ../DuelDraw_interrupt_bsp/\libhal_bsp.a(alt_dev.o)
 .rodata        0x0101528c        0xc ../DuelDraw_interrupt_bsp/\libhal_bsp.a(alt_main.o)
 .rodata        0x01015298      0x10c ../DuelDraw_interrupt_bsp/\libhal_bsp.a(alt_sys_init.o)
 .rodata        0x010153a4       0x1c ../DuelDraw_interrupt_bsp/\libhal_bsp.a(altera_up_avalon_video_character_buffer_with_dma.o)
 *(.rodata1)
                0x010153c0                . = ALIGN (0x4)
                0x010153c0                PROVIDE (__ram_rodata_end, ABSOLUTE (.))
                0x0101480c                PROVIDE (__flash_rodata_start, LOADADDR (.rodata))

.rwdata         0x010153c0     0x1f28 load address 0x010172e8
                0x010153c0                PROVIDE (__ram_rwdata_start, ABSOLUTE (.))
                0x010153c0                . = ALIGN (0x4)
 *(.got.plt)
 *(.got)
 *(.data1)
 *(.data .data.* .gnu.linkonce.d.*)
 .data          0x010153c0        0x0 ../DuelDraw_interrupt_bsp//obj/HAL/src/crt0.o
 .data          0x010153c0        0x0 obj/default/main.o
 .data          0x010153c0        0x0 obj/default/packet.o
 .data          0x010153c0        0x0 obj/default/player.o
 .data          0x010153c0        0x0 obj/default/usb/usb.o
 .data          0x010153c0        0x0 obj/default/usb/usb_ISO.o
 .data          0x010153c0      0x1ac obj/default/usb/usb_chap_9.o
                0x010153c0                DeviceDescr
                0x010153d2                ConfigDescr_a
                0x01015400                ConfigDescr
                0x01015448                InterfaceDescr0
                0x01015451                InterfaceDescr1
                0x0101545a                EP_Descr
                0x0101547a                REPORT_DESCRIPTOR
                0x010154ac                strInterface
                0x010154c4                strConfiguration
                0x010154d6                strSerialNum
                0x010154f0                strProduct
                0x01015532                strManufacturer
 .data          0x0101556c      0x108 obj/default/usb/usb_config.o
                0x0101556c                StandardDeviceRequest
                0x010155a0                _NAME_USB_REQUEST_RECIPIENT
                0x010155b0                _NAME_USB_REQUEST_TYPE
                0x010155c0                _NAME_USB_STANDARD_REQUEST
                0x010155f4                VendorDeviceRequest
                0x01015634                _NAME_USB_VENDOR_REQUEST
 .data          0x01015674        0x0 obj/default/usb/usb_device_bus.o
 .data          0x01015674        0x0 obj/default/usb/usb_device_hal.o
 .data          0x01015674        0x0 obj/default/usb/usb_isr.o
 .data          0x01015674        0x0 obj/default/usb/usb_queue.o
 .data          0x01015674        0x0 obj/default/usbio.o
 .data          0x01015674        0x0 c:/altera/13.0sp1/nios2eds/bin/gnu/h-i686-mingw32/bin/../lib/gcc/nios2-elf/4.1.2/../../../../nios2-elf/lib\libc.a(lib_a-assert.o)
 .data          0x01015674        0x0 c:/altera/13.0sp1/nios2eds/bin/gnu/h-i686-mingw32/bin/../lib/gcc/nios2-elf/4.1.2/../../../../nios2-elf/lib\libc.a(lib_a-calloc.o)
 .data          0x01015674        0x0 c:/altera/13.0sp1/nios2eds/bin/gnu/h-i686-mingw32/bin/../lib/gcc/nios2-elf/4.1.2/../../../../nios2-elf/lib\libc.a(lib_a-callocr.o)
 .data          0x01015674        0x0 c:/altera/13.0sp1/nios2eds/bin/gnu/h-i686-mingw32/bin/../lib/gcc/nios2-elf/4.1.2/../../../../nios2-elf/lib\libc.a(lib_a-exit.o)
 .data          0x01015674        0x0 c:/altera/13.0sp1/nios2eds/bin/gnu/h-i686-mingw32/bin/../lib/gcc/nios2-elf/4.1.2/../../../../nios2-elf/lib\libc.a(lib_a-fiprintf.o)
 .data          0x01015674      0x400 c:/altera/13.0sp1/nios2eds/bin/gnu/h-i686-mingw32/bin/../lib/gcc/nios2-elf/4.1.2/../../../../nios2-elf/lib\libc.a(lib_a-impure.o)
 .data          0x01015a74        0x0 c:/altera/13.0sp1/nios2eds/bin/gnu/h-i686-mingw32/bin/../lib/gcc/nios2-elf/4.1.2/../../../../nios2-elf/lib\libc.a(lib_a-malloc.o)
 .data          0x01015a74      0x408 c:/altera/13.0sp1/nios2eds/bin/gnu/h-i686-mingw32/bin/../lib/gcc/nios2-elf/4.1.2/../../../../nios2-elf/lib\libc.a(lib_a-mallocr.o)
                0x01015a74                __malloc_av_
 .data          0x01015e7c        0x0 c:/altera/13.0sp1/nios2eds/bin/gnu/h-i686-mingw32/bin/../lib/gcc/nios2-elf/4.1.2/../../../../nios2-elf/lib\libc.a(lib_a-memcpy.o)
 .data          0x01015e7c        0x0 c:/altera/13.0sp1/nios2eds/bin/gnu/h-i686-mingw32/bin/../lib/gcc/nios2-elf/4.1.2/../../../../nios2-elf/lib\libc.a(lib_a-memset.o)
 .data          0x01015e7c        0x0 c:/altera/13.0sp1/nios2eds/bin/gnu/h-i686-mingw32/bin/../lib/gcc/nios2-elf/4.1.2/../../../../nios2-elf/lib\libc.a(lib_a-printf.o)
 .data          0x01015e7c        0x0 c:/altera/13.0sp1/nios2eds/bin/gnu/h-i686-mingw32/bin/../lib/gcc/nios2-elf/4.1.2/../../../../nios2-elf/lib\libc.a(lib_a-putchar.o)
 .data          0x01015e7c        0x0 c:/altera/13.0sp1/nios2eds/bin/gnu/h-i686-mingw32/bin/../lib/gcc/nios2-elf/4.1.2/../../../../nios2-elf/lib\libc.a(lib_a-puts.o)
 .data          0x01015e7c        0x0 c:/altera/13.0sp1/nios2eds/bin/gnu/h-i686-mingw32/bin/../lib/gcc/nios2-elf/4.1.2/../../../../nios2-elf/lib\libc.a(lib_a-sbrkr.o)
 .data          0x01015e7c        0x0 c:/altera/13.0sp1/nios2eds/bin/gnu/h-i686-mingw32/bin/../lib/gcc/nios2-elf/4.1.2/../../../../nios2-elf/lib\libc.a(lib_a-strcmp.o)
 .data          0x01015e7c        0x0 c:/altera/13.0sp1/nios2eds/bin/gnu/h-i686-mingw32/bin/../lib/gcc/nios2-elf/4.1.2/../../../../nios2-elf/lib\libc.a(lib_a-strcpy.o)
 .data          0x01015e7c        0x0 c:/altera/13.0sp1/nios2eds/bin/gnu/h-i686-mingw32/bin/../lib/gcc/nios2-elf/4.1.2/../../../../nios2-elf/lib\libc.a(lib_a-strlen.o)
 .data          0x01015e7c        0x0 c:/altera/13.0sp1/nios2eds/bin/gnu/h-i686-mingw32/bin/../lib/gcc/nios2-elf/4.1.2/../../../../nios2-elf/lib\libc.a(lib_a-vfiprintfr_1.o)
 .data          0x01015e7c        0x0 c:/altera/13.0sp1/nios2eds/bin/gnu/h-i686-mingw32/bin/../lib/gcc/nios2-elf/4.1.2/../../../../nios2-elf/lib\libc.a(lib_a-vfprintf.o)
 .data          0x01015e7c        0x0 c:/altera/13.0sp1/nios2eds/bin/gnu/h-i686-mingw32/bin/../lib/gcc/nios2-elf/4.1.2/../../../../nios2-elf/lib\libc.a(lib_a-wsetup.o)
 .data          0x01015e7c        0x0 c:/altera/13.0sp1/nios2eds/bin/gnu/h-i686-mingw32/bin/../lib/gcc/nios2-elf/4.1.2/../../../../nios2-elf/lib\libc.a(lib_a-__call_atexit.o)
 .data          0x01015e7c        0x0 c:/altera/13.0sp1/nios2eds/bin/gnu/h-i686-mingw32/bin/../lib/gcc/nios2-elf/4.1.2/../../../../nios2-elf/lib\libc.a(lib_a-abort.o)
 .data          0x01015e7c        0x0 c:/altera/13.0sp1/nios2eds/bin/gnu/h-i686-mingw32/bin/../lib/gcc/nios2-elf/4.1.2/../../../../nios2-elf/lib\libc.a(lib_a-dtoa.o)
 .data          0x01015e7c        0x0 c:/altera/13.0sp1/nios2eds/bin/gnu/h-i686-mingw32/bin/../lib/gcc/nios2-elf/4.1.2/../../../../nios2-elf/lib\libc.a(lib_a-fflush.o)
 .data          0x01015e7c        0x0 c:/altera/13.0sp1/nios2eds/bin/gnu/h-i686-mingw32/bin/../lib/gcc/nios2-elf/4.1.2/../../../../nios2-elf/lib\libc.a(lib_a-findfp.o)
 .data          0x01015e7c        0x0 c:/altera/13.0sp1/nios2eds/bin/gnu/h-i686-mingw32/bin/../lib/gcc/nios2-elf/4.1.2/../../../../nios2-elf/lib\libc.a(lib_a-freer.o)
 .data          0x01015e7c        0x0 c:/altera/13.0sp1/nios2eds/bin/gnu/h-i686-mingw32/bin/../lib/gcc/nios2-elf/4.1.2/../../../../nios2-elf/lib\libc.a(lib_a-fvwrite.o)
 .data          0x01015e7c        0x0 c:/altera/13.0sp1/nios2eds/bin/gnu/h-i686-mingw32/bin/../lib/gcc/nios2-elf/4.1.2/../../../../nios2-elf/lib\libc.a(lib_a-fwalk.o)
 .data          0x01015e7c        0x0 c:/altera/13.0sp1/nios2eds/bin/gnu/h-i686-mingw32/bin/../lib/gcc/nios2-elf/4.1.2/../../../../nios2-elf/lib\libc.a(lib_a-int_errno.o)
 .data          0x01015e7c        0xc c:/altera/13.0sp1/nios2eds/bin/gnu/h-i686-mingw32/bin/../lib/gcc/nios2-elf/4.1.2/../../../../nios2-elf/lib\libc.a(lib_a-locale.o)
                0x01015e7c                __lc_ctype
 .data          0x01015e88        0x0 c:/altera/13.0sp1/nios2eds/bin/gnu/h-i686-mingw32/bin/../lib/gcc/nios2-elf/4.1.2/../../../../nios2-elf/lib\libc.a(lib_a-makebuf.o)
 .data          0x01015e88        0x0 c:/altera/13.0sp1/nios2eds/bin/gnu/h-i686-mingw32/bin/../lib/gcc/nios2-elf/4.1.2/../../../../nios2-elf/lib\libc.a(lib_a-memchr.o)
 .data          0x01015e88        0x0 c:/altera/13.0sp1/nios2eds/bin/gnu/h-i686-mingw32/bin/../lib/gcc/nios2-elf/4.1.2/../../../../nios2-elf/lib\libc.a(lib_a-memmove.o)
 .data          0x01015e88        0x0 c:/altera/13.0sp1/nios2eds/bin/gnu/h-i686-mingw32/bin/../lib/gcc/nios2-elf/4.1.2/../../../../nios2-elf/lib\libc.a(lib_a-mprec.o)
 .data          0x01015e88        0x0 c:/altera/13.0sp1/nios2eds/bin/gnu/h-i686-mingw32/bin/../lib/gcc/nios2-elf/4.1.2/../../../../nios2-elf/lib\libc.a(lib_a-putc.o)
 .data          0x01015e88        0x0 c:/altera/13.0sp1/nios2eds/bin/gnu/h-i686-mingw32/bin/../lib/gcc/nios2-elf/4.1.2/../../../../nios2-elf/lib\libc.a(lib_a-reallocr.o)
 .data          0x01015e88        0x0 c:/altera/13.0sp1/nios2eds/bin/gnu/h-i686-mingw32/bin/../lib/gcc/nios2-elf/4.1.2/../../../../nios2-elf/lib\libc.a(lib_a-s_isinfd.o)
 .data          0x01015e88        0x0 c:/altera/13.0sp1/nios2eds/bin/gnu/h-i686-mingw32/bin/../lib/gcc/nios2-elf/4.1.2/../../../../nios2-elf/lib\libc.a(lib_a-s_isnand.o)
 .data          0x01015e88        0x0 c:/altera/13.0sp1/nios2eds/bin/gnu/h-i686-mingw32/bin/../lib/gcc/nios2-elf/4.1.2/../../../../nios2-elf/lib\libc.a(lib_a-signal.o)
 .data          0x01015e88        0x0 c:/altera/13.0sp1/nios2eds/bin/gnu/h-i686-mingw32/bin/../lib/gcc/nios2-elf/4.1.2/../../../../nios2-elf/lib\libc.a(lib_a-signalr.o)
 .data          0x01015e88        0x0 c:/altera/13.0sp1/nios2eds/bin/gnu/h-i686-mingw32/bin/../lib/gcc/nios2-elf/4.1.2/../../../../nios2-elf/lib\libc.a(lib_a-stdio.o)
 .data          0x01015e88        0x0 c:/altera/13.0sp1/nios2eds/bin/gnu/h-i686-mingw32/bin/../lib/gcc/nios2-elf/4.1.2/../../../../nios2-elf/lib\libc.a(lib_a-vfiprintf.o)
 .data          0x01015e88        0x0 c:/altera/13.0sp1/nios2eds/bin/gnu/h-i686-mingw32/bin/../lib/gcc/nios2-elf/4.1.2/../../../../nios2-elf/lib\libc.a(lib_a-wbuf.o)
 .data          0x01015e88        0x0 c:/altera/13.0sp1/nios2eds/bin/gnu/h-i686-mingw32/bin/../lib/gcc/nios2-elf/4.1.2/../../../../nios2-elf/lib\libc.a(lib_a-writer.o)
 .data          0x01015e88        0x0 c:/altera/13.0sp1/nios2eds/bin/gnu/h-i686-mingw32/bin/../lib/gcc/nios2-elf/4.1.2/../../../../nios2-elf/lib\libc.a(lib_a-closer.o)
 .data          0x01015e88        0x0 c:/altera/13.0sp1/nios2eds/bin/gnu/h-i686-mingw32/bin/../lib/gcc/nios2-elf/4.1.2/../../../../nios2-elf/lib\libc.a(lib_a-fclose.o)
 .data          0x01015e88        0x0 c:/altera/13.0sp1/nios2eds/bin/gnu/h-i686-mingw32/bin/../lib/gcc/nios2-elf/4.1.2/../../../../nios2-elf/lib\libc.a(lib_a-fstatr.o)
 .data          0x01015e88        0x0 c:/altera/13.0sp1/nios2eds/bin/gnu/h-i686-mingw32/bin/../lib/gcc/nios2-elf/4.1.2/../../../../nios2-elf/lib\libc.a(lib_a-isattyr.o)
 .data          0x01015e88        0x0 c:/altera/13.0sp1/nios2eds/bin/gnu/h-i686-mingw32/bin/../lib/gcc/nios2-elf/4.1.2/../../../../nios2-elf/lib\libc.a(lib_a-lseekr.o)
 .data          0x01015e88        0x0 c:/altera/13.0sp1/nios2eds/bin/gnu/h-i686-mingw32/bin/../lib/gcc/nios2-elf/4.1.2/../../../../nios2-elf/lib\libc.a(lib_a-readr.o)
 .data          0x01015e88        0x0 c:/altera/13.0sp1/nios2eds/bin/gnu/h-i686-mingw32/bin/../lib/gcc/nios2-elf/4.1.2\libgcc.a(_udivdi3.o)
 .data          0x01015e88        0x0 c:/altera/13.0sp1/nios2eds/bin/gnu/h-i686-mingw32/bin/../lib/gcc/nios2-elf/4.1.2\libgcc.a(_umoddi3.o)
 .data          0x01015e88        0x0 c:/altera/13.0sp1/nios2eds/bin/gnu/h-i686-mingw32/bin/../lib/gcc/nios2-elf/4.1.2\libgcc.a(_addsub_df.o)
 .data          0x01015e88        0x0 c:/altera/13.0sp1/nios2eds/bin/gnu/h-i686-mingw32/bin/../lib/gcc/nios2-elf/4.1.2\libgcc.a(_mul_df.o)
 .data          0x01015e88        0x0 c:/altera/13.0sp1/nios2eds/bin/gnu/h-i686-mingw32/bin/../lib/gcc/nios2-elf/4.1.2\libgcc.a(_div_df.o)
 .data          0x01015e88        0x0 c:/altera/13.0sp1/nios2eds/bin/gnu/h-i686-mingw32/bin/../lib/gcc/nios2-elf/4.1.2\libgcc.a(_eq_df.o)
 .data          0x01015e88        0x0 c:/altera/13.0sp1/nios2eds/bin/gnu/h-i686-mingw32/bin/../lib/gcc/nios2-elf/4.1.2\libgcc.a(_ne_df.o)
 .data          0x01015e88        0x0 c:/altera/13.0sp1/nios2eds/bin/gnu/h-i686-mingw32/bin/../lib/gcc/nios2-elf/4.1.2\libgcc.a(_gt_df.o)
 .data          0x01015e88        0x0 c:/altera/13.0sp1/nios2eds/bin/gnu/h-i686-mingw32/bin/../lib/gcc/nios2-elf/4.1.2\libgcc.a(_ge_df.o)
 .data          0x01015e88        0x0 c:/altera/13.0sp1/nios2eds/bin/gnu/h-i686-mingw32/bin/../lib/gcc/nios2-elf/4.1.2\libgcc.a(_lt_df.o)
 .data          0x01015e88        0x0 c:/altera/13.0sp1/nios2eds/bin/gnu/h-i686-mingw32/bin/../lib/gcc/nios2-elf/4.1.2\libgcc.a(_si_to_df.o)
 .data          0x01015e88        0x0 c:/altera/13.0sp1/nios2eds/bin/gnu/h-i686-mingw32/bin/../lib/gcc/nios2-elf/4.1.2\libgcc.a(_df_to_si.o)
 .data          0x01015e88        0x0 c:/altera/13.0sp1/nios2eds/bin/gnu/h-i686-mingw32/bin/../lib/gcc/nios2-elf/4.1.2\libgcc.a(_thenan_df.o)
 .data          0x01015e88        0x0 c:/altera/13.0sp1/nios2eds/bin/gnu/h-i686-mingw32/bin/../lib/gcc/nios2-elf/4.1.2\libgcc.a(_usi_to_df.o)
 .data          0x01015e88        0x0 c:/altera/13.0sp1/nios2eds/bin/gnu/h-i686-mingw32/bin/../lib/gcc/nios2-elf/4.1.2\libgcc.a(lib2-divmod.o)
 .data          0x01015e88        0x0 c:/altera/13.0sp1/nios2eds/bin/gnu/h-i686-mingw32/bin/../lib/gcc/nios2-elf/4.1.2\libgcc.a(_muldi3.o)
 .data          0x01015e88        0x0 c:/altera/13.0sp1/nios2eds/bin/gnu/h-i686-mingw32/bin/../lib/gcc/nios2-elf/4.1.2\libgcc.a(_clz.o)
 .data          0x01015e88        0x0 c:/altera/13.0sp1/nios2eds/bin/gnu/h-i686-mingw32/bin/../lib/gcc/nios2-elf/4.1.2\libgcc.a(_clzsi2.o)
 .data          0x01015e88        0x0 c:/altera/13.0sp1/nios2eds/bin/gnu/h-i686-mingw32/bin/../lib/gcc/nios2-elf/4.1.2\libgcc.a(_pack_df.o)
 .data          0x01015e88        0x0 c:/altera/13.0sp1/nios2eds/bin/gnu/h-i686-mingw32/bin/../lib/gcc/nios2-elf/4.1.2\libgcc.a(_unpack_df.o)
 .data          0x01015e88        0x0 c:/altera/13.0sp1/nios2eds/bin/gnu/h-i686-mingw32/bin/../lib/gcc/nios2-elf/4.1.2\libgcc.a(_fpcmp_parts_df.o)
 .data          0x01015e88        0x0 ../DuelDraw_interrupt_bsp/\libhal_bsp.a(alt_close.o)
 .data          0x01015e88      0x1a8 ../DuelDraw_interrupt_bsp/\libhal_bsp.a(alt_dev.o)
                0x01015e88                alt_dev_null
                0x01015eb0                alt_fd_list
 .data          0x01016030        0x0 ../DuelDraw_interrupt_bsp/\libhal_bsp.a(alt_errno.o)
 .data          0x01016030        0x0 ../DuelDraw_interrupt_bsp/\libhal_bsp.a(alt_exit.o)
 .data          0x01016030        0x0 ../DuelDraw_interrupt_bsp/\libhal_bsp.a(alt_fstat.o)
 .data          0x01016030        0x0 ../DuelDraw_interrupt_bsp/\libhal_bsp.a(alt_getpid.o)
 .data          0x01016030        0x0 ../DuelDraw_interrupt_bsp/\libhal_bsp.a(alt_irq_register.o)
 .data          0x01016030        0x0 ../DuelDraw_interrupt_bsp/\libhal_bsp.a(alt_irq_vars.o)
 .data          0x01016030        0x0 ../DuelDraw_interrupt_bsp/\libhal_bsp.a(alt_isatty.o)
 .data          0x01016030        0x0 ../DuelDraw_interrupt_bsp/\libhal_bsp.a(alt_kill.o)
 .data          0x01016030        0x0 ../DuelDraw_interrupt_bsp/\libhal_bsp.a(alt_load.o)
 .data          0x01016030        0x0 ../DuelDraw_interrupt_bsp/\libhal_bsp.a(alt_lseek.o)
 .data          0x01016030        0x0 ../DuelDraw_interrupt_bsp/\libhal_bsp.a(alt_main.o)
 .data          0x01016030        0x0 ../DuelDraw_interrupt_bsp/\libhal_bsp.a(alt_malloc_lock.o)
 .data          0x01016030        0x0 ../DuelDraw_interrupt_bsp/\libhal_bsp.a(alt_read.o)
 .data          0x01016030        0x0 ../DuelDraw_interrupt_bsp/\libhal_bsp.a(alt_release_fd.o)
 .data          0x01016030        0x0 ../DuelDraw_interrupt_bsp/\libhal_bsp.a(alt_sbrk.o)
 .data          0x01016030        0x0 ../DuelDraw_interrupt_bsp/\libhal_bsp.a(alt_usleep.o)
 .data          0x01016030        0x0 ../DuelDraw_interrupt_bsp/\libhal_bsp.a(alt_write.o)
 .data          0x01016030     0x124c ../DuelDraw_interrupt_bsp/\libhal_bsp.a(alt_sys_init.o)
 .data          0x0101727c        0x0 ../DuelDraw_interrupt_bsp/\libhal_bsp.a(altera_avalon_jtag_uart_fd.o)
 .data          0x0101727c        0x0 ../DuelDraw_interrupt_bsp/\libhal_bsp.a(altera_avalon_jtag_uart_init.o)
 .data          0x0101727c        0x0 ../DuelDraw_interrupt_bsp/\libhal_bsp.a(altera_avalon_jtag_uart_ioctl.o)
 .data          0x0101727c        0x0 ../DuelDraw_interrupt_bsp/\libhal_bsp.a(altera_avalon_jtag_uart_read.o)
 .data          0x0101727c        0x0 ../DuelDraw_interrupt_bsp/\libhal_bsp.a(altera_avalon_jtag_uart_write.o)
 .data          0x0101727c        0x0 ../DuelDraw_interrupt_bsp/\libhal_bsp.a(altera_avalon_timer_ts.o)
 .data          0x0101727c        0x0 ../DuelDraw_interrupt_bsp/\libhal_bsp.a(altera_avalon_timer_vars.o)
 .data          0x0101727c        0x0 ../DuelDraw_interrupt_bsp/\libhal_bsp.a(altera_up_avalon_character_lcd.o)
 .data          0x0101727c        0x0 ../DuelDraw_interrupt_bsp/\libhal_bsp.a(altera_up_avalon_ps2.o)
 .data          0x0101727c        0x0 ../DuelDraw_interrupt_bsp/\libhal_bsp.a(altera_up_avalon_usb.o)
 .data          0x0101727c        0x0 ../DuelDraw_interrupt_bsp/\libhal_bsp.a(altera_up_avalon_video_character_buffer_with_dma.o)
 .data          0x0101727c        0x0 ../DuelDraw_interrupt_bsp/\libhal_bsp.a(alt_alarm_start.o)
 .data          0x0101727c        0x0 ../DuelDraw_interrupt_bsp/\libhal_bsp.a(alt_busy_sleep.o)
 .data          0x0101727c        0x0 ../DuelDraw_interrupt_bsp/\libhal_bsp.a(alt_dcache_flush_all.o)
 .data          0x0101727c        0x0 ../DuelDraw_interrupt_bsp/\libhal_bsp.a(alt_dev_llist_insert.o)
 .data          0x0101727c        0x0 ../DuelDraw_interrupt_bsp/\libhal_bsp.a(alt_do_ctors.o)
 .data          0x0101727c        0x0 ../DuelDraw_interrupt_bsp/\libhal_bsp.a(alt_do_dtors.o)
 .data          0x0101727c        0x0 ../DuelDraw_interrupt_bsp/\libhal_bsp.a(alt_find_dev.o)
 .data          0x0101727c        0x0 ../DuelDraw_interrupt_bsp/\libhal_bsp.a(alt_icache_flush_all.o)
 .data          0x0101727c        0x0 ../DuelDraw_interrupt_bsp/\libhal_bsp.a(alt_io_redirect.o)
 .data          0x0101727c        0x0 ../DuelDraw_interrupt_bsp/\libhal_bsp.a(alt_irq_entry.o)
 .data          0x0101727c        0x0 ../DuelDraw_interrupt_bsp/\libhal_bsp.a(alt_irq_handler.o)
 .data          0x0101727c        0x0 ../DuelDraw_interrupt_bsp/\libhal_bsp.a(alt_open.o)
 .data          0x0101727c        0x0 ../DuelDraw_interrupt_bsp/\libhal_bsp.a(alt_tick.o)
 .data          0x0101727c        0x0 ../DuelDraw_interrupt_bsp/\libhal_bsp.a(altera_nios2_qsys_irq.o)
 .data          0x0101727c        0x0 ../DuelDraw_interrupt_bsp/\libhal_bsp.a(alt_exception_entry.o)
 .data          0x0101727c        0x0 ../DuelDraw_interrupt_bsp/\libhal_bsp.a(alt_find_file.o)
 .data          0x0101727c        0x0 ../DuelDraw_interrupt_bsp/\libhal_bsp.a(alt_get_fd.o)
 .data          0x0101727c        0x0 ../DuelDraw_interrupt_bsp/\libhal_bsp.a(alt_icache_flush.o)
 .data          0x0101727c        0x0 c:/altera/13.0sp1/nios2eds/bin/gnu/h-i686-mingw32/bin/../lib/gcc/nios2-elf/4.1.2/../../../../nios2-elf/lib\libc.a(lib_a-atexit.o)
 .data          0x0101727c        0x0 c:/altera/13.0sp1/nios2eds/bin/gnu/h-i686-mingw32/bin/../lib/gcc/nios2-elf/4.1.2/../../../../nios2-elf/lib\libc.a(lib_a-memcmp.o)
 .data          0x0101727c        0x0 c:/altera/13.0sp1/nios2eds/bin/gnu/h-i686-mingw32/bin/../lib/gcc/nios2-elf/4.1.2/../../../../nios2-elf/lib\libc.a(lib_a-__atexit.o)
                0x0101f27c                _gp = ABSOLUTE ((. + 0x8000))
                0x0101f27c                PROVIDE (gp, _gp)
 *(.rwdata .rwdata.*)
 *(.sdata .sdata.* .gnu.linkonce.s.*)
 .sdata         0x0101727c        0x4 obj/default/usb/usb.o
                0x0101727c                packet_size
 .sdata         0x01017280        0x6 obj/default/usb/usb_ISO.o
                0x01017280                IsoDisable
                0x01017282                IsoOutPattern
                0x01017284                IsoInPattern
 .sdata         0x01017286        0x4 obj/default/usb/usb_chap_9.o
                0x01017286                strLanguage
 *fill*         0x0101728a        0x2 00
 .sdata         0x0101728c       0x10 obj/default/usb/usb_config.o
                0x0101728c                _NAME_USB_REQUEST_DIRECTION
                0x01017294                ClassDeviceRequest
                0x01017298                _NAME_USB_CLASS_REQUEST
 .sdata         0x0101729c        0xc obj/default/usb/usb_isr.o
                0x0101729c                INT_Enabled
                0x010172a0                rb_wr_ptr
                0x010172a4                rb_rd_ptr
 .sdata         0x010172a8        0x8 c:/altera/13.0sp1/nios2eds/bin/gnu/h-i686-mingw32/bin/../lib/gcc/nios2-elf/4.1.2/../../../../nios2-elf/lib\libc.a(lib_a-impure.o)
                0x010172a8                _impure_ptr
                0x010172ac                _global_impure_ptr
 .sdata         0x010172b0        0x8 c:/altera/13.0sp1/nios2eds/bin/gnu/h-i686-mingw32/bin/../lib/gcc/nios2-elf/4.1.2/../../../../nios2-elf/lib\libc.a(lib_a-mallocr.o)
                0x010172b0                __malloc_trim_threshold
                0x010172b4                __malloc_sbrk_base
 .sdata         0x010172b8        0x8 c:/altera/13.0sp1/nios2eds/bin/gnu/h-i686-mingw32/bin/../lib/gcc/nios2-elf/4.1.2/../../../../nios2-elf/lib\libc.a(lib_a-locale.o)
                0x010172b8                __mb_cur_max
 .sdata         0x010172c0       0x14 ../DuelDraw_interrupt_bsp/\libhal_bsp.a(alt_dev.o)
                0x010172c0                alt_fs_list
                0x010172c8                alt_dev_list
                0x010172d0                alt_max_fd
 .sdata         0x010172d4        0x4 ../DuelDraw_interrupt_bsp/\libhal_bsp.a(alt_errno.o)
                0x010172d4                alt_errno
 .sdata         0x010172d8        0x4 ../DuelDraw_interrupt_bsp/\libhal_bsp.a(alt_irq_vars.o)
                0x010172d8                alt_priority_mask
 .sdata         0x010172dc        0x4 ../DuelDraw_interrupt_bsp/\libhal_bsp.a(alt_sbrk.o)
 .sdata         0x010172e0        0x8 ../DuelDraw_interrupt_bsp/\libhal_bsp.a(alt_tick.o)
                0x010172e0                alt_alarm_list
 *(.sdata2 .sdata2.* .gnu.linkonce.s2.*)
                0x010172e8                . = ALIGN (0x4)
                0x010172e8                _edata = ABSOLUTE (.)
                0x010172e8                PROVIDE (edata, ABSOLUTE (.))
                0x010172e8                PROVIDE (__ram_rwdata_end, ABSOLUTE (.))
                0x010172e8                PROVIDE (__flash_rwdata_start, LOADADDR (.rwdata))

.bss            0x01019210     0x1b68
                0x01019210                __bss_start = ABSOLUTE (.)
                0x01019210                PROVIDE (__sbss_start, ABSOLUTE (.))
                0x01019210                PROVIDE (___sbss_start, ABSOLUTE (.))
 *(.dynsbss)
 *(.sbss .sbss.* .gnu.linkonce.sb.*)
 .sbss          0x01019210        0x8 obj/default/main.o
                0x01019210                count
                0x01019214                value
 .sbss          0x01019218        0xc obj/default/usb/usb.o
                0x01019218                usb_initialized
                0x0101921c                usb_recv_cb
                0x01019220                usb_send_cb
 .sbss          0x01019224       0x2b obj/default/usb/usb.o
                0x01019224                ISP1362_BASE
                0x01019228                bD13flags
                0x0101922c                usb_send_queue
                0x01019234                usb_recv_queue
                0x0101923c                ioRequest
                0x01019244                usb_send_cb_context
                0x01019248                usb_recv_cb_context
                0x0101924c                bUSBCheck_Device_State
 *fill*         0x0101924f        0x1 00
 .sbss          0x01019250        0x6 obj/default/usb/usb_ISO.o
                0x01019250                IsoMode
                0x01019252                IsoOutPktLen
                0x01019254                IsoInPktLen
 .sbss          0x01019256        0x1 obj/default/usb/usb_chap_9.o
                0x01019256                ALTERNATIVE_SETTING
 *fill*         0x01019257        0x1 00
 .sbss          0x01019258        0x8 obj/default/usb/usb_isr.o
                0x01019258                inflight
                0x0101925c                status
 .sbss          0x01019260        0xc c:/altera/13.0sp1/nios2eds/bin/gnu/h-i686-mingw32/bin/../lib/gcc/nios2-elf/4.1.2/../../../../nios2-elf/lib\libc.a(lib_a-mallocr.o)
                0x01019260                __malloc_top_pad
                0x01019264                __malloc_max_sbrked_mem
                0x01019268                __malloc_max_total_mem
 .sbss          0x0101926c        0x4 c:/altera/13.0sp1/nios2eds/bin/gnu/h-i686-mingw32/bin/../lib/gcc/nios2-elf/4.1.2/../../../../nios2-elf/lib\libc.a(lib_a-int_errno.o)
                0x0101926c                errno
 .sbss          0x01019270        0xc c:/altera/13.0sp1/nios2eds/bin/gnu/h-i686-mingw32/bin/../lib/gcc/nios2-elf/4.1.2/../../../../nios2-elf/lib\libc.a(lib_a-locale.o)
                0x01019270                __nlocale_changed
                0x01019274                __mlocale_changed
                0x01019278                _PathLocale
 .sbss          0x0101927c        0x4 ../DuelDraw_interrupt_bsp/\libhal_bsp.a(alt_irq_vars.o)
                0x0101927c                alt_irq_active
 .sbss          0x01019280        0xc ../DuelDraw_interrupt_bsp/\libhal_bsp.a(alt_main.o)
                0x01019280                alt_argc
                0x01019284                alt_argv
                0x01019288                alt_envp
 .sbss          0x0101928c        0x8 ../DuelDraw_interrupt_bsp/\libhal_bsp.a(altera_avalon_timer_vars.o)
                0x0101928c                altera_avalon_timer_ts_base
                0x01019290                altera_avalon_timer_ts_freq
 .sbss          0x01019294        0x8 ../DuelDraw_interrupt_bsp/\libhal_bsp.a(alt_tick.o)
                0x01019294                _alt_tick_rate
                0x01019298                _alt_nticks
 *(.sbss2 .sbss2.* .gnu.linkonce.sb2.*)
 *(.scommon)
                0x0101929c                PROVIDE (__sbss_end, ABSOLUTE (.))
                0x0101929c                PROVIDE (___sbss_end, ABSOLUTE (.))
 *(.dynbss)
 *(.bss .bss.* .gnu.linkonce.b.*)
 .bss           0x0101929c        0x0 ../DuelDraw_interrupt_bsp//obj/HAL/src/crt0.o
 .bss           0x0101929c        0x0 obj/default/main.o
 .bss           0x0101929c        0x0 obj/default/packet.o
 .bss           0x0101929c        0x0 obj/default/player.o
 .bss           0x0101929c        0x0 obj/default/usb/usb.o
 .bss           0x0101929c        0x0 obj/default/usb/usb_ISO.o
 .bss           0x0101929c        0x0 obj/default/usb/usb_chap_9.o
 .bss           0x0101929c        0x0 obj/default/usb/usb_config.o
 .bss           0x0101929c        0x0 obj/default/usb/usb_device_bus.o
 .bss           0x0101929c        0x0 obj/default/usb/usb_device_hal.o
 .bss           0x0101929c        0x0 obj/default/usb/usb_isr.o
 .bss           0x0101929c        0x0 obj/default/usb/usb_queue.o
 .bss           0x0101929c        0x0 obj/default/usbio.o
 .bss           0x0101929c        0x0 c:/altera/13.0sp1/nios2eds/bin/gnu/h-i686-mingw32/bin/../lib/gcc/nios2-elf/4.1.2/../../../../nios2-elf/lib\libc.a(lib_a-assert.o)
 .bss           0x0101929c        0x0 c:/altera/13.0sp1/nios2eds/bin/gnu/h-i686-mingw32/bin/../lib/gcc/nios2-elf/4.1.2/../../../../nios2-elf/lib\libc.a(lib_a-calloc.o)
 .bss           0x0101929c        0x0 c:/altera/13.0sp1/nios2eds/bin/gnu/h-i686-mingw32/bin/../lib/gcc/nios2-elf/4.1.2/../../../../nios2-elf/lib\libc.a(lib_a-callocr.o)
 .bss           0x0101929c        0x0 c:/altera/13.0sp1/nios2eds/bin/gnu/h-i686-mingw32/bin/../lib/gcc/nios2-elf/4.1.2/../../../../nios2-elf/lib\libc.a(lib_a-exit.o)
 .bss           0x0101929c        0x0 c:/altera/13.0sp1/nios2eds/bin/gnu/h-i686-mingw32/bin/../lib/gcc/nios2-elf/4.1.2/../../../../nios2-elf/lib\libc.a(lib_a-fiprintf.o)
 .bss           0x0101929c        0x0 c:/altera/13.0sp1/nios2eds/bin/gnu/h-i686-mingw32/bin/../lib/gcc/nios2-elf/4.1.2/../../../../nios2-elf/lib\libc.a(lib_a-impure.o)
 .bss           0x0101929c        0x0 c:/altera/13.0sp1/nios2eds/bin/gnu/h-i686-mingw32/bin/../lib/gcc/nios2-elf/4.1.2/../../../../nios2-elf/lib\libc.a(lib_a-malloc.o)
 .bss           0x0101929c       0x28 c:/altera/13.0sp1/nios2eds/bin/gnu/h-i686-mingw32/bin/../lib/gcc/nios2-elf/4.1.2/../../../../nios2-elf/lib\libc.a(lib_a-mallocr.o)
                0x0101929c                __malloc_current_mallinfo
 .bss           0x010192c4        0x0 c:/altera/13.0sp1/nios2eds/bin/gnu/h-i686-mingw32/bin/../lib/gcc/nios2-elf/4.1.2/../../../../nios2-elf/lib\libc.a(lib_a-memcpy.o)
 .bss           0x010192c4        0x0 c:/altera/13.0sp1/nios2eds/bin/gnu/h-i686-mingw32/bin/../lib/gcc/nios2-elf/4.1.2/../../../../nios2-elf/lib\libc.a(lib_a-memset.o)
 .bss           0x010192c4        0x0 c:/altera/13.0sp1/nios2eds/bin/gnu/h-i686-mingw32/bin/../lib/gcc/nios2-elf/4.1.2/../../../../nios2-elf/lib\libc.a(lib_a-printf.o)
 .bss           0x010192c4        0x0 c:/altera/13.0sp1/nios2eds/bin/gnu/h-i686-mingw32/bin/../lib/gcc/nios2-elf/4.1.2/../../../../nios2-elf/lib\libc.a(lib_a-putchar.o)
 .bss           0x010192c4        0x0 c:/altera/13.0sp1/nios2eds/bin/gnu/h-i686-mingw32/bin/../lib/gcc/nios2-elf/4.1.2/../../../../nios2-elf/lib\libc.a(lib_a-puts.o)
 .bss           0x010192c4        0x0 c:/altera/13.0sp1/nios2eds/bin/gnu/h-i686-mingw32/bin/../lib/gcc/nios2-elf/4.1.2/../../../../nios2-elf/lib\libc.a(lib_a-sbrkr.o)
 .bss           0x010192c4        0x0 c:/altera/13.0sp1/nios2eds/bin/gnu/h-i686-mingw32/bin/../lib/gcc/nios2-elf/4.1.2/../../../../nios2-elf/lib\libc.a(lib_a-strcmp.o)
 .bss           0x010192c4        0x0 c:/altera/13.0sp1/nios2eds/bin/gnu/h-i686-mingw32/bin/../lib/gcc/nios2-elf/4.1.2/../../../../nios2-elf/lib\libc.a(lib_a-strcpy.o)
 .bss           0x010192c4        0x0 c:/altera/13.0sp1/nios2eds/bin/gnu/h-i686-mingw32/bin/../lib/gcc/nios2-elf/4.1.2/../../../../nios2-elf/lib\libc.a(lib_a-strlen.o)
 .bss           0x010192c4        0x0 c:/altera/13.0sp1/nios2eds/bin/gnu/h-i686-mingw32/bin/../lib/gcc/nios2-elf/4.1.2/../../../../nios2-elf/lib\libc.a(lib_a-vfiprintfr_1.o)
 .bss           0x010192c4        0x0 c:/altera/13.0sp1/nios2eds/bin/gnu/h-i686-mingw32/bin/../lib/gcc/nios2-elf/4.1.2/../../../../nios2-elf/lib\libc.a(lib_a-vfprintf.o)
 .bss           0x010192c4        0x0 c:/altera/13.0sp1/nios2eds/bin/gnu/h-i686-mingw32/bin/../lib/gcc/nios2-elf/4.1.2/../../../../nios2-elf/lib\libc.a(lib_a-wsetup.o)
 .bss           0x010192c4        0x0 c:/altera/13.0sp1/nios2eds/bin/gnu/h-i686-mingw32/bin/../lib/gcc/nios2-elf/4.1.2/../../../../nios2-elf/lib\libc.a(lib_a-__call_atexit.o)
 .bss           0x010192c4        0x0 c:/altera/13.0sp1/nios2eds/bin/gnu/h-i686-mingw32/bin/../lib/gcc/nios2-elf/4.1.2/../../../../nios2-elf/lib\libc.a(lib_a-abort.o)
 .bss           0x010192c4        0x0 c:/altera/13.0sp1/nios2eds/bin/gnu/h-i686-mingw32/bin/../lib/gcc/nios2-elf/4.1.2/../../../../nios2-elf/lib\libc.a(lib_a-dtoa.o)
 .bss           0x010192c4        0x0 c:/altera/13.0sp1/nios2eds/bin/gnu/h-i686-mingw32/bin/../lib/gcc/nios2-elf/4.1.2/../../../../nios2-elf/lib\libc.a(lib_a-fflush.o)
 .bss           0x010192c4        0x0 c:/altera/13.0sp1/nios2eds/bin/gnu/h-i686-mingw32/bin/../lib/gcc/nios2-elf/4.1.2/../../../../nios2-elf/lib\libc.a(lib_a-findfp.o)
 .bss           0x010192c4        0x0 c:/altera/13.0sp1/nios2eds/bin/gnu/h-i686-mingw32/bin/../lib/gcc/nios2-elf/4.1.2/../../../../nios2-elf/lib\libc.a(lib_a-freer.o)
 .bss           0x010192c4        0x0 c:/altera/13.0sp1/nios2eds/bin/gnu/h-i686-mingw32/bin/../lib/gcc/nios2-elf/4.1.2/../../../../nios2-elf/lib\libc.a(lib_a-fvwrite.o)
 .bss           0x010192c4        0x0 c:/altera/13.0sp1/nios2eds/bin/gnu/h-i686-mingw32/bin/../lib/gcc/nios2-elf/4.1.2/../../../../nios2-elf/lib\libc.a(lib_a-fwalk.o)
 .bss           0x010192c4        0x0 c:/altera/13.0sp1/nios2eds/bin/gnu/h-i686-mingw32/bin/../lib/gcc/nios2-elf/4.1.2/../../../../nios2-elf/lib\libc.a(lib_a-int_errno.o)
 .bss           0x010192c4        0x0 c:/altera/13.0sp1/nios2eds/bin/gnu/h-i686-mingw32/bin/../lib/gcc/nios2-elf/4.1.2/../../../../nios2-elf/lib\libc.a(lib_a-locale.o)
 .bss           0x010192c4        0x0 c:/altera/13.0sp1/nios2eds/bin/gnu/h-i686-mingw32/bin/../lib/gcc/nios2-elf/4.1.2/../../../../nios2-elf/lib\libc.a(lib_a-makebuf.o)
 .bss           0x010192c4        0x0 c:/altera/13.0sp1/nios2eds/bin/gnu/h-i686-mingw32/bin/../lib/gcc/nios2-elf/4.1.2/../../../../nios2-elf/lib\libc.a(lib_a-memchr.o)
 .bss           0x010192c4        0x0 c:/altera/13.0sp1/nios2eds/bin/gnu/h-i686-mingw32/bin/../lib/gcc/nios2-elf/4.1.2/../../../../nios2-elf/lib\libc.a(lib_a-memmove.o)
 .bss           0x010192c4        0x0 c:/altera/13.0sp1/nios2eds/bin/gnu/h-i686-mingw32/bin/../lib/gcc/nios2-elf/4.1.2/../../../../nios2-elf/lib\libc.a(lib_a-mprec.o)
 .bss           0x010192c4        0x0 c:/altera/13.0sp1/nios2eds/bin/gnu/h-i686-mingw32/bin/../lib/gcc/nios2-elf/4.1.2/../../../../nios2-elf/lib\libc.a(lib_a-putc.o)
 .bss           0x010192c4        0x0 c:/altera/13.0sp1/nios2eds/bin/gnu/h-i686-mingw32/bin/../lib/gcc/nios2-elf/4.1.2/../../../../nios2-elf/lib\libc.a(lib_a-reallocr.o)
 .bss           0x010192c4        0x0 c:/altera/13.0sp1/nios2eds/bin/gnu/h-i686-mingw32/bin/../lib/gcc/nios2-elf/4.1.2/../../../../nios2-elf/lib\libc.a(lib_a-s_isinfd.o)
 .bss           0x010192c4        0x0 c:/altera/13.0sp1/nios2eds/bin/gnu/h-i686-mingw32/bin/../lib/gcc/nios2-elf/4.1.2/../../../../nios2-elf/lib\libc.a(lib_a-s_isnand.o)
 .bss           0x010192c4        0x0 c:/altera/13.0sp1/nios2eds/bin/gnu/h-i686-mingw32/bin/../lib/gcc/nios2-elf/4.1.2/../../../../nios2-elf/lib\libc.a(lib_a-signal.o)
 .bss           0x010192c4        0x0 c:/altera/13.0sp1/nios2eds/bin/gnu/h-i686-mingw32/bin/../lib/gcc/nios2-elf/4.1.2/../../../../nios2-elf/lib\libc.a(lib_a-signalr.o)
 .bss           0x010192c4        0x0 c:/altera/13.0sp1/nios2eds/bin/gnu/h-i686-mingw32/bin/../lib/gcc/nios2-elf/4.1.2/../../../../nios2-elf/lib\libc.a(lib_a-stdio.o)
 .bss           0x010192c4        0x0 c:/altera/13.0sp1/nios2eds/bin/gnu/h-i686-mingw32/bin/../lib/gcc/nios2-elf/4.1.2/../../../../nios2-elf/lib\libc.a(lib_a-vfiprintf.o)
 .bss           0x010192c4        0x0 c:/altera/13.0sp1/nios2eds/bin/gnu/h-i686-mingw32/bin/../lib/gcc/nios2-elf/4.1.2/../../../../nios2-elf/lib\libc.a(lib_a-wbuf.o)
 .bss           0x010192c4        0x0 c:/altera/13.0sp1/nios2eds/bin/gnu/h-i686-mingw32/bin/../lib/gcc/nios2-elf/4.1.2/../../../../nios2-elf/lib\libc.a(lib_a-writer.o)
 .bss           0x010192c4        0x0 c:/altera/13.0sp1/nios2eds/bin/gnu/h-i686-mingw32/bin/../lib/gcc/nios2-elf/4.1.2/../../../../nios2-elf/lib\libc.a(lib_a-closer.o)
 .bss           0x010192c4        0x0 c:/altera/13.0sp1/nios2eds/bin/gnu/h-i686-mingw32/bin/../lib/gcc/nios2-elf/4.1.2/../../../../nios2-elf/lib\libc.a(lib_a-fclose.o)
 .bss           0x010192c4        0x0 c:/altera/13.0sp1/nios2eds/bin/gnu/h-i686-mingw32/bin/../lib/gcc/nios2-elf/4.1.2/../../../../nios2-elf/lib\libc.a(lib_a-fstatr.o)
 .bss           0x010192c4        0x0 c:/altera/13.0sp1/nios2eds/bin/gnu/h-i686-mingw32/bin/../lib/gcc/nios2-elf/4.1.2/../../../../nios2-elf/lib\libc.a(lib_a-isattyr.o)
 .bss           0x010192c4        0x0 c:/altera/13.0sp1/nios2eds/bin/gnu/h-i686-mingw32/bin/../lib/gcc/nios2-elf/4.1.2/../../../../nios2-elf/lib\libc.a(lib_a-lseekr.o)
 .bss           0x010192c4        0x0 c:/altera/13.0sp1/nios2eds/bin/gnu/h-i686-mingw32/bin/../lib/gcc/nios2-elf/4.1.2/../../../../nios2-elf/lib\libc.a(lib_a-readr.o)
 .bss           0x010192c4        0x0 c:/altera/13.0sp1/nios2eds/bin/gnu/h-i686-mingw32/bin/../lib/gcc/nios2-elf/4.1.2\libgcc.a(_udivdi3.o)
 .bss           0x010192c4        0x0 c:/altera/13.0sp1/nios2eds/bin/gnu/h-i686-mingw32/bin/../lib/gcc/nios2-elf/4.1.2\libgcc.a(_umoddi3.o)
 .bss           0x010192c4        0x0 c:/altera/13.0sp1/nios2eds/bin/gnu/h-i686-mingw32/bin/../lib/gcc/nios2-elf/4.1.2\libgcc.a(_addsub_df.o)
 .bss           0x010192c4        0x0 c:/altera/13.0sp1/nios2eds/bin/gnu/h-i686-mingw32/bin/../lib/gcc/nios2-elf/4.1.2\libgcc.a(_mul_df.o)
 .bss           0x010192c4        0x0 c:/altera/13.0sp1/nios2eds/bin/gnu/h-i686-mingw32/bin/../lib/gcc/nios2-elf/4.1.2\libgcc.a(_div_df.o)
 .bss           0x010192c4        0x0 c:/altera/13.0sp1/nios2eds/bin/gnu/h-i686-mingw32/bin/../lib/gcc/nios2-elf/4.1.2\libgcc.a(_eq_df.o)
 .bss           0x010192c4        0x0 c:/altera/13.0sp1/nios2eds/bin/gnu/h-i686-mingw32/bin/../lib/gcc/nios2-elf/4.1.2\libgcc.a(_ne_df.o)
 .bss           0x010192c4        0x0 c:/altera/13.0sp1/nios2eds/bin/gnu/h-i686-mingw32/bin/../lib/gcc/nios2-elf/4.1.2\libgcc.a(_gt_df.o)
 .bss           0x010192c4        0x0 c:/altera/13.0sp1/nios2eds/bin/gnu/h-i686-mingw32/bin/../lib/gcc/nios2-elf/4.1.2\libgcc.a(_ge_df.o)
 .bss           0x010192c4        0x0 c:/altera/13.0sp1/nios2eds/bin/gnu/h-i686-mingw32/bin/../lib/gcc/nios2-elf/4.1.2\libgcc.a(_lt_df.o)
 .bss           0x010192c4        0x0 c:/altera/13.0sp1/nios2eds/bin/gnu/h-i686-mingw32/bin/../lib/gcc/nios2-elf/4.1.2\libgcc.a(_si_to_df.o)
 .bss           0x010192c4        0x0 c:/altera/13.0sp1/nios2eds/bin/gnu/h-i686-mingw32/bin/../lib/gcc/nios2-elf/4.1.2\libgcc.a(_df_to_si.o)
 .bss           0x010192c4        0x0 c:/altera/13.0sp1/nios2eds/bin/gnu/h-i686-mingw32/bin/../lib/gcc/nios2-elf/4.1.2\libgcc.a(_thenan_df.o)
 .bss           0x010192c4        0x0 c:/altera/13.0sp1/nios2eds/bin/gnu/h-i686-mingw32/bin/../lib/gcc/nios2-elf/4.1.2\libgcc.a(_usi_to_df.o)
 .bss           0x010192c4        0x0 c:/altera/13.0sp1/nios2eds/bin/gnu/h-i686-mingw32/bin/../lib/gcc/nios2-elf/4.1.2\libgcc.a(lib2-divmod.o)
 .bss           0x010192c4        0x0 c:/altera/13.0sp1/nios2eds/bin/gnu/h-i686-mingw32/bin/../lib/gcc/nios2-elf/4.1.2\libgcc.a(_muldi3.o)
 .bss           0x010192c4        0x0 c:/altera/13.0sp1/nios2eds/bin/gnu/h-i686-mingw32/bin/../lib/gcc/nios2-elf/4.1.2\libgcc.a(_clz.o)
 .bss           0x010192c4        0x0 c:/altera/13.0sp1/nios2eds/bin/gnu/h-i686-mingw32/bin/../lib/gcc/nios2-elf/4.1.2\libgcc.a(_clzsi2.o)
 .bss           0x010192c4        0x0 c:/altera/13.0sp1/nios2eds/bin/gnu/h-i686-mingw32/bin/../lib/gcc/nios2-elf/4.1.2\libgcc.a(_pack_df.o)
 .bss           0x010192c4        0x0 c:/altera/13.0sp1/nios2eds/bin/gnu/h-i686-mingw32/bin/../lib/gcc/nios2-elf/4.1.2\libgcc.a(_unpack_df.o)
 .bss           0x010192c4        0x0 c:/altera/13.0sp1/nios2eds/bin/gnu/h-i686-mingw32/bin/../lib/gcc/nios2-elf/4.1.2\libgcc.a(_fpcmp_parts_df.o)
 .bss           0x010192c4        0x0 ../DuelDraw_interrupt_bsp/\libhal_bsp.a(alt_close.o)
 .bss           0x010192c4        0x0 ../DuelDraw_interrupt_bsp/\libhal_bsp.a(alt_dev.o)
 .bss           0x010192c4        0x0 ../DuelDraw_interrupt_bsp/\libhal_bsp.a(alt_errno.o)
 .bss           0x010192c4        0x0 ../DuelDraw_interrupt_bsp/\libhal_bsp.a(alt_exit.o)
 .bss           0x010192c4        0x0 ../DuelDraw_interrupt_bsp/\libhal_bsp.a(alt_fstat.o)
 .bss           0x010192c4        0x0 ../DuelDraw_interrupt_bsp/\libhal_bsp.a(alt_getpid.o)
 .bss           0x010192c4        0x0 ../DuelDraw_interrupt_bsp/\libhal_bsp.a(alt_irq_register.o)
 .bss           0x010192c4        0x0 ../DuelDraw_interrupt_bsp/\libhal_bsp.a(alt_irq_vars.o)
 .bss           0x010192c4        0x0 ../DuelDraw_interrupt_bsp/\libhal_bsp.a(alt_isatty.o)
 .bss           0x010192c4        0x0 ../DuelDraw_interrupt_bsp/\libhal_bsp.a(alt_kill.o)
 .bss           0x010192c4        0x0 ../DuelDraw_interrupt_bsp/\libhal_bsp.a(alt_load.o)
 .bss           0x010192c4        0x0 ../DuelDraw_interrupt_bsp/\libhal_bsp.a(alt_lseek.o)
 .bss           0x010192c4        0x0 ../DuelDraw_interrupt_bsp/\libhal_bsp.a(alt_main.o)
 .bss           0x010192c4        0x0 ../DuelDraw_interrupt_bsp/\libhal_bsp.a(alt_malloc_lock.o)
 .bss           0x010192c4        0x0 ../DuelDraw_interrupt_bsp/\libhal_bsp.a(alt_read.o)
 .bss           0x010192c4        0x0 ../DuelDraw_interrupt_bsp/\libhal_bsp.a(alt_release_fd.o)
 .bss           0x010192c4        0x0 ../DuelDraw_interrupt_bsp/\libhal_bsp.a(alt_sbrk.o)
 .bss           0x010192c4        0x0 ../DuelDraw_interrupt_bsp/\libhal_bsp.a(alt_usleep.o)
 .bss           0x010192c4        0x0 ../DuelDraw_interrupt_bsp/\libhal_bsp.a(alt_write.o)
 .bss           0x010192c4        0x0 ../DuelDraw_interrupt_bsp/\libhal_bsp.a(alt_sys_init.o)
 .bss           0x010192c4        0x0 ../DuelDraw_interrupt_bsp/\libhal_bsp.a(altera_avalon_jtag_uart_fd.o)
 .bss           0x010192c4        0x0 ../DuelDraw_interrupt_bsp/\libhal_bsp.a(altera_avalon_jtag_uart_init.o)
 .bss           0x010192c4        0x0 ../DuelDraw_interrupt_bsp/\libhal_bsp.a(altera_avalon_jtag_uart_ioctl.o)
 .bss           0x010192c4        0x0 ../DuelDraw_interrupt_bsp/\libhal_bsp.a(altera_avalon_jtag_uart_read.o)
 .bss           0x010192c4        0x0 ../DuelDraw_interrupt_bsp/\libhal_bsp.a(altera_avalon_jtag_uart_write.o)
 .bss           0x010192c4        0x0 ../DuelDraw_interrupt_bsp/\libhal_bsp.a(altera_avalon_timer_ts.o)
 .bss           0x010192c4        0x0 ../DuelDraw_interrupt_bsp/\libhal_bsp.a(altera_avalon_timer_vars.o)
 .bss           0x010192c4        0x0 ../DuelDraw_interrupt_bsp/\libhal_bsp.a(altera_up_avalon_character_lcd.o)
 .bss           0x010192c4        0x0 ../DuelDraw_interrupt_bsp/\libhal_bsp.a(altera_up_avalon_ps2.o)
 .bss           0x010192c4        0x0 ../DuelDraw_interrupt_bsp/\libhal_bsp.a(altera_up_avalon_usb.o)
 .bss           0x010192c4        0x0 ../DuelDraw_interrupt_bsp/\libhal_bsp.a(altera_up_avalon_video_character_buffer_with_dma.o)
 .bss           0x010192c4        0x0 ../DuelDraw_interrupt_bsp/\libhal_bsp.a(alt_alarm_start.o)
 .bss           0x010192c4        0x0 ../DuelDraw_interrupt_bsp/\libhal_bsp.a(alt_busy_sleep.o)
 .bss           0x010192c4        0x0 ../DuelDraw_interrupt_bsp/\libhal_bsp.a(alt_dcache_flush_all.o)
 .bss           0x010192c4        0x0 ../DuelDraw_interrupt_bsp/\libhal_bsp.a(alt_dev_llist_insert.o)
 .bss           0x010192c4        0x0 ../DuelDraw_interrupt_bsp/\libhal_bsp.a(alt_do_ctors.o)
 .bss           0x010192c4        0x0 ../DuelDraw_interrupt_bsp/\libhal_bsp.a(alt_do_dtors.o)
 .bss           0x010192c4        0x0 ../DuelDraw_interrupt_bsp/\libhal_bsp.a(alt_find_dev.o)
 .bss           0x010192c4        0x0 ../DuelDraw_interrupt_bsp/\libhal_bsp.a(alt_icache_flush_all.o)
 .bss           0x010192c4        0x0 ../DuelDraw_interrupt_bsp/\libhal_bsp.a(alt_io_redirect.o)
 .bss           0x010192c4        0x0 ../DuelDraw_interrupt_bsp/\libhal_bsp.a(alt_irq_entry.o)
 .bss           0x010192c4        0x0 ../DuelDraw_interrupt_bsp/\libhal_bsp.a(alt_irq_handler.o)
 .bss           0x010192c4        0x0 ../DuelDraw_interrupt_bsp/\libhal_bsp.a(alt_open.o)
 .bss           0x010192c4        0x0 ../DuelDraw_interrupt_bsp/\libhal_bsp.a(alt_tick.o)
 .bss           0x010192c4        0x0 ../DuelDraw_interrupt_bsp/\libhal_bsp.a(altera_nios2_qsys_irq.o)
 .bss           0x010192c4        0x0 ../DuelDraw_interrupt_bsp/\libhal_bsp.a(alt_exception_entry.o)
 .bss           0x010192c4        0x0 ../DuelDraw_interrupt_bsp/\libhal_bsp.a(alt_find_file.o)
 .bss           0x010192c4        0x0 ../DuelDraw_interrupt_bsp/\libhal_bsp.a(alt_get_fd.o)
 .bss           0x010192c4        0x0 ../DuelDraw_interrupt_bsp/\libhal_bsp.a(alt_icache_flush.o)
 .bss           0x010192c4        0x0 c:/altera/13.0sp1/nios2eds/bin/gnu/h-i686-mingw32/bin/../lib/gcc/nios2-elf/4.1.2/../../../../nios2-elf/lib\libc.a(lib_a-atexit.o)
 .bss           0x010192c4        0x0 c:/altera/13.0sp1/nios2eds/bin/gnu/h-i686-mingw32/bin/../lib/gcc/nios2-elf/4.1.2/../../../../nios2-elf/lib\libc.a(lib_a-memcmp.o)
 .bss           0x010192c4        0x0 c:/altera/13.0sp1/nios2eds/bin/gnu/h-i686-mingw32/bin/../lib/gcc/nios2-elf/4.1.2/../../../../nios2-elf/lib\libc.a(lib_a-__atexit.o)
 *(COMMON)
 COMMON         0x010192c4       0x24 obj/default/usb/usb.o
                0x010192c4                ControlData
 COMMON         0x010192e8      0x800 obj/default/usb/usb_ISO.o
                0x010192e8                IsoOutDataBuff
                0x010196e8                IsoInDataBuff
 COMMON         0x01019ae8     0x1000 obj/default/usb/usb_isr.o
                0x01019ae8                return_buf
 COMMON         0x0101aae8      0x100 ../DuelDraw_interrupt_bsp/\libhal_bsp.a(alt_irq_handler.o)
                0x0101aae8                alt_irq
 COMMON         0x0101abe8      0x190 c:/altera/13.0sp1/nios2eds/bin/gnu/h-i686-mingw32/bin/../lib/gcc/nios2-elf/4.1.2/../../../../nios2-elf/lib\libc.a(lib_a-atexit.o)
                0x0101abe8                _atexit0
                0x0101ad78                . = ALIGN (0x4)
                0x0101ad78                __bss_end = ABSOLUTE (.)

.onchip         0x00000000        0x0 load address 0x0101ad78
                0x00000000                PROVIDE (_alt_partition_onchip_start, ABSOLUTE (.))
 *(.onchip. onchip.*)
                0x00000000                . = ALIGN (0x4)
                0x00000000                PROVIDE (_alt_partition_onchip_end, ABSOLUTE (.))
                0x0101ad78                PROVIDE (_alt_partition_onchip_load_addr, LOADADDR (.onchip))

.sdram          0x0101ad78        0x0
                0x0101ad78                PROVIDE (_alt_partition_sdram_start, ABSOLUTE (.))
 *(.sdram. sdram.*)
                0x0101ad78                . = ALIGN (0x4)
                0x0101ad78                PROVIDE (_alt_partition_sdram_end, ABSOLUTE (.))
                0x0101ad78                _end = ABSOLUTE (.)