Archive member included because of file (symbol)

c:/altera/13.0sp1/nios2eds/bin/gnu/h-i686-mingw32/bin/../lib/gcc/nios2-elf/4.1.2/../../../../nios2-elf/lib\libc.a(lib_a-assert.o)
                              obj/default/usb/usb.o (__assert_func)
c:/altera/13.0sp1/nios2eds/bin/gnu/h-i686-mingw32/bin/../lib/gcc/nios2-elf/4.1.2/../../../../nios2-elf/lib\libc.a(lib_a-calloc.o)
                              obj/default/usb/usb.o (calloc)
c:/altera/13.0sp1/nios2eds/bin/gnu/h-i686-mingw32/bin/../lib/gcc/nios2-elf/4.1.2/../../../../nios2-elf/lib\libc.a(lib_a-callocr.o)
                              c:/altera/13.0sp1/nios2eds/bin/gnu/h-i686-mingw32/bin/../lib/gcc/nios2-elf/4.1.2/../../../../nios2-elf/lib\libc.a(lib_a-calloc.o) (_calloc_r)
c:/altera/13.0sp1/nios2eds/bin/gnu/h-i686-mingw32/bin/../lib/gcc/nios2-elf/4.1.2/../../../../nios2-elf/lib\libc.a(lib_a-exit.o)
                              obj/default/usb/usb.o (exit)
c:/altera/13.0sp1/nios2eds/bin/gnu/h-i686-mingw32/bin/../lib/gcc/nios2-elf/4.1.2/../../../../nios2-elf/lib\libc.a(lib_a-fiprintf.o)
                              c:/altera/13.0sp1/nios2eds/bin/gnu/h-i686-mingw32/bin/../lib/gcc/nios2-elf/4.1.2/../../../../nios2-elf/lib\libc.a(lib_a-assert.o) (fiprintf)
c:/altera/13.0sp1/nios2eds/bin/gnu/h-i686-mingw32/bin/../lib/gcc/nios2-elf/4.1.2/../../../../nios2-elf/lib\libc.a(lib_a-impure.o)
                              c:/altera/13.0sp1/nios2eds/bin/gnu/h-i686-mingw32/bin/../lib/gcc/nios2-elf/4.1.2/../../../../nios2-elf/lib\libc.a(lib_a-assert.o) (_impure_ptr)
c:/altera/13.0sp1/nios2eds/bin/gnu/h-i686-mingw32/bin/../lib/gcc/nios2-elf/4.1.2/../../../../nios2-elf/lib\libc.a(lib_a-malloc.o)
                              obj/default/usb/usb.o (free)
c:/altera/13.0sp1/nios2eds/bin/gnu/h-i686-mingw32/bin/../lib/gcc/nios2-elf/4.1.2/../../../../nios2-elf/lib\libc.a(lib_a-mallocr.o)
                              c:/altera/13.0sp1/nios2eds/bin/gnu/h-i686-mingw32/bin/../lib/gcc/nios2-elf/4.1.2/../../../../nios2-elf/lib\libc.a(lib_a-callocr.o) (_malloc_r)
c:/altera/13.0sp1/nios2eds/bin/gnu/h-i686-mingw32/bin/../lib/gcc/nios2-elf/4.1.2/../../../../nios2-elf/lib\libc.a(lib_a-memcpy.o)
                              obj/default/usb/usb.o (memcpy)
c:/altera/13.0sp1/nios2eds/bin/gnu/h-i686-mingw32/bin/../lib/gcc/nios2-elf/4.1.2/../../../../nios2-elf/lib\libc.a(lib_a-memset.o)
                              c:/altera/13.0sp1/nios2eds/bin/gnu/h-i686-mingw32/bin/../lib/gcc/nios2-elf/4.1.2/../../../../nios2-elf/lib\libc.a(lib_a-callocr.o) (memset)
c:/altera/13.0sp1/nios2eds/bin/gnu/h-i686-mingw32/bin/../lib/gcc/nios2-elf/4.1.2/../../../../nios2-elf/lib\libc.a(lib_a-printf.o)
                              obj/default/main.o (printf)
c:/altera/13.0sp1/nios2eds/bin/gnu/h-i686-mingw32/bin/../lib/gcc/nios2-elf/4.1.2/../../../../nios2-elf/lib\libc.a(lib_a-putchar.o)
                              obj/default/usb/usb_device_bus.o (putchar)
c:/altera/13.0sp1/nios2eds/bin/gnu/h-i686-mingw32/bin/../lib/gcc/nios2-elf/4.1.2/../../../../nios2-elf/lib\libc.a(lib_a-puts.o)
                              obj/default/main.o (puts)
c:/altera/13.0sp1/nios2eds/bin/gnu/h-i686-mingw32/bin/../lib/gcc/nios2-elf/4.1.2/../../../../nios2-elf/lib\libc.a(lib_a-sbrkr.o)
                              c:/altera/13.0sp1/nios2eds/bin/gnu/h-i686-mingw32/bin/../lib/gcc/nios2-elf/4.1.2/../../../../nios2-elf/lib\libc.a(lib_a-mallocr.o) (_sbrk_r)
c:/altera/13.0sp1/nios2eds/bin/gnu/h-i686-mingw32/bin/../lib/gcc/nios2-elf/4.1.2/../../../../nios2-elf/lib\libc.a(lib_a-scanf.o)
                              obj/default/main.o (scanf)
c:/altera/13.0sp1/nios2eds/bin/gnu/h-i686-mingw32/bin/../lib/gcc/nios2-elf/4.1.2/../../../../nios2-elf/lib\libc.a(lib_a-strcmp.o)
                              obj/default/player.o (strcmp)
c:/altera/13.0sp1/nios2eds/bin/gnu/h-i686-mingw32/bin/../lib/gcc/nios2-elf/4.1.2/../../../../nios2-elf/lib\libc.a(lib_a-strcpy.o)
                              obj/default/player.o (strcpy)
c:/altera/13.0sp1/nios2eds/bin/gnu/h-i686-mingw32/bin/../lib/gcc/nios2-elf/4.1.2/../../../../nios2-elf/lib\libc.a(lib_a-strlen.o)
                              obj/default/usbio.o (strlen)
c:/altera/13.0sp1/nios2eds/bin/gnu/h-i686-mingw32/bin/../lib/gcc/nios2-elf/4.1.2/../../../../nios2-elf/lib\libc.a(lib_a-vfiprintfr_1.o)
                              c:/altera/13.0sp1/nios2eds/bin/gnu/h-i686-mingw32/bin/../lib/gcc/nios2-elf/4.1.2/../../../../nios2-elf/lib\libc.a(lib_a-fiprintf.o) (_vfiprintf_r)
c:/altera/13.0sp1/nios2eds/bin/gnu/h-i686-mingw32/bin/../lib/gcc/nios2-elf/4.1.2/../../../../nios2-elf/lib\libc.a(lib_a-vfprintf.o)
                              c:/altera/13.0sp1/nios2eds/bin/gnu/h-i686-mingw32/bin/../lib/gcc/nios2-elf/4.1.2/../../../../nios2-elf/lib\libc.a(lib_a-printf.o) (___vfprintf_internal_r)
c:/altera/13.0sp1/nios2eds/bin/gnu/h-i686-mingw32/bin/../lib/gcc/nios2-elf/4.1.2/../../../../nios2-elf/lib\libc.a(lib_a-vfscanf.o)
[...]
Memory Configuration

Name             Origin             Length             Attributes
onchip           0x00000000         0x00001000
reset            0x01000000         0x00000020
sdram            0x01000020         0x007ff7e0
interrupt_stack  0x017ff800         0x00000400
exception_stack  0x017ffc00         0x00000400
*default*        0x00000000         0xffffffff

Linker script and memory map

LOAD ../DuelDraw_bsp//obj/HAL/src/crt0.o
LOAD obj/default/main.o
LOAD obj/default/packet.o
LOAD obj/default/player.o
LOAD obj/default/usb/usb.o
LOAD obj/default/usb/usb_ISO.o
LOAD obj/default/usb/usb_chap_9.o
LOAD obj/default/usb/usb_config.o
LOAD obj/default/usb/usb_device_bus.o
LOAD obj/default/usb/usb_device_hal.o
LOAD obj/default/usb/usb_isr.o
LOAD obj/default/usb/usb_queue.o
LOAD obj/default/usbio.o
LOAD c:/altera/13.0sp1/nios2eds/bin/gnu/h-i686-mingw32/bin/../lib/gcc/nios2-elf/4.1.2/../../../../nios2-elf/lib\libstdc++.a
LOAD c:/altera/13.0sp1/nios2eds/bin/gnu/h-i686-mingw32/bin/../lib/gcc/nios2-elf/4.1.2/../../../../nios2-elf/lib\libm.a
LOAD c:/altera/13.0sp1/nios2eds/bin/gnu/h-i686-mingw32/bin/../lib/gcc/nios2-elf/4.1.2\libgcc.a
START GROUP
LOAD c:/altera/13.0sp1/nios2eds/bin/gnu/h-i686-mingw32/bin/../lib/gcc/nios2-elf/4.1.2/../../../../nios2-elf/lib\libc.a
LOAD c:/altera/13.0sp1/nios2eds/bin/gnu/h-i686-mingw32/bin/../lib/gcc/nios2-elf/4.1.2\libgcc.a
LOAD ../DuelDraw_bsp/\libhal_bsp.a
END GROUP
LOAD c:/altera/13.0sp1/nios2eds/bin/gnu/h-i686-mingw32/bin/../lib/gcc/nios2-elf/4.1.2\libgcc.a
                0x00000000                __alt_mem_onchip = 0x0
                0x01000000                __alt_mem_sdram = 0x1000000

.entry          0x01000000       0x20
 *(.entry)
 .entry         0x01000000       0x20 ../DuelDraw_bsp//obj/HAL/src/crt0.o
                0x01000000                __reset

.exceptions     0x01000020      0x1a4
                0x01000020                PROVIDE (__ram_exceptions_start, ABSOLUTE (.))
                0x01000020                . = ALIGN (0x20)
 *(.irq)
 *(.exceptions.entry.label)
 .exceptions.entry.label
                0x01000020        0x0 ../DuelDraw_bsp/\libhal_bsp.a(alt_irq_entry.o)
                0x01000020                alt_irq_entry
 .exceptions.entry.label
                0x01000020        0x0 ../DuelDraw_bsp/\libhal_bsp.a(alt_exception_entry.o)
                0x01000020                alt_exception
 *(.exceptions.entry.user)
 *(.exceptions.entry)
 .exceptions.entry
                0x01000020       0x60 ../DuelDraw_bsp/\libhal_bsp.a(alt_exception_entry.o)
 *(.exceptions.irqtest.user)
 *(.exceptions.irqtest)
 .exceptions.irqtest
                0x01000080       0x10 ../DuelDraw_bsp/\libhal_bsp.a(alt_irq_entry.o)
 *(.exceptions.irqhandler.user)
 *(.exceptions.irqhandler)
 .exceptions.irqhandler
                0x01000090        0x4 ../DuelDraw_bsp/\libhal_bsp.a(alt_irq_entry.o)
 *(.exceptions.irqreturn.user)
 *(.exceptions.irqreturn)
 .exceptions.irqreturn
                0x01000094        0x4 ../DuelDraw_bsp/\libhal_bsp.a(alt_irq_entry.o)
 *(.exceptions.notirq.label)
 .exceptions.notirq.label
                0x01000098        0x0 ../DuelDraw_bsp/\libhal_bsp.a(alt_irq_entry.o)
 *(.exceptions.notirq.user)
 *(.exceptions.notirq)
 .exceptions.notirq
                0x01000098        0x8 ../DuelDraw_bsp/\libhal_bsp.a(alt_exception_entry.o)
 *(.exceptions.soft.user)
 *(.exceptions.soft)
 *(.exceptions.unknown.user)
 *(.exceptions.unknown)
 .exceptions.unknown
                0x010000a0        0x4 ../DuelDraw_bsp/\libhal_bsp.a(alt_exception_entry.o)
 *(.exceptions.exit.label)
 .exceptions.exit.label
                0x010000a4        0x0 ../DuelDraw_bsp/\libhal_bsp.a(alt_irq_entry.o)
 .exceptions.exit.label
                0x010000a4        0x0 ../DuelDraw_bsp/\libhal_bsp.a(alt_exception_entry.o)
 *(.exceptions.exit.user)
 *(.exceptions.exit)
 .exceptions.exit
                0x010000a4       0x54 ../DuelDraw_bsp/\libhal_bsp.a(alt_exception_entry.o)
 *(.exceptions)
 .exceptions    0x010000f8       0xcc ../DuelDraw_bsp/\libhal_bsp.a(alt_irq_handler.o)
                0x010000f8                alt_irq_handler
                0x010001c4                PROVIDE (__ram_exceptions_end, ABSOLUTE (.))
                0x01000020                PROVIDE (__flash_exceptions_start, LOADADDR (.exceptions))

.text           0x010001c4    0x199d8
                0x010001c4                PROVIDE (stext, ABSOLUTE (.))
 *(.interp)
 *(.hash)
 *(.dynsym)
 *(.dynstr)
 *(.gnu.version)
 *(.gnu.version_d)
 *(.gnu.version_r)
 *(.rel.init)
 *(.rela.init)
 *(.rel.text .rel.text.* .rel.gnu.linkonce.t.*)
 *(.rela.text .rela.text.* .rela.gnu.linkonce.t.*)
 *(.rel.fini)
 *(.rela.fini)
 *(.rel.rodata .rel.rodata.* .rel.gnu.linkonce.r.*)
 *(.rela.rodata .rela.rodata.* .rela.gnu.linkonce.r.*)
 *(.rel.data .rel.data.* .rel.gnu.linkonce.d.*)
 *(.rela.data .rela.data.* .rela.gnu.linkonce.d.*)
 *(.rel.tdata .rel.tdata.* .rel.gnu.linkonce.td.*)
 *(.rela.tdata .rela.tdata.* .rela.gnu.linkonce.td.*)
 *(.rel.tbss .rel.tbss.* .rel.gnu.linkonce.tb.*)
 *(.rela.tbss .rela.tbss.* .rela.gnu.linkonce.tb.*)
 *(.rel.ctors)
 *(.rela.ctors)
 *(.rel.dtors)
 *(.rela.dtors)
 *(.rel.got)
 *(.rela.got)
 *(.rel.sdata .rel.sdata.* .rel.gnu.linkonce.s.*)
 *(.rela.sdata .rela.sdata.* .rela.gnu.linkonce.s.*)
 *(.rel.sbss .rel.sbss.* .rel.gnu.linkonce.sb.*)
 *(.rela.sbss .rela.sbss.* .rela.gnu.linkonce.sb.*)
 *(.rel.sdata2 .rel.sdata2.* .rel.gnu.linkonce.s2.*)
 *(.rela.sdata2 .rela.sdata2.* .rela.gnu.linkonce.s2.*)
 *(.rel.sbss2 .rel.sbss2.* .rel.gnu.linkonce.sb2.*)
 *(.rela.sbss2 .rela.sbss2.* .rela.gnu.linkonce.sb2.*)
 *(.rel.bss .rel.bss.* .rel.gnu.linkonce.b.*)
 *(.rela.bss .rela.bss.* .rela.gnu.linkonce.b.*)
 *(.rel.plt)
 *(.rela.plt)
 *(.rel.dyn)
 *(.init)
 *(.plt)
 *(.text .stub .text.* .gnu.linkonce.t.*)
 .text          0x010001c4       0x4c ../DuelDraw_bsp//obj/HAL/src/crt0.o
                0x010001c4                _start
 .text          0x01000210      0x1b0 obj/default/main.o
                0x01000210                asciify
                0x01000270                main
 .text          0x010003c0        0x0 obj/default/packet.o
 .text          0x010003c0      0x1f8 obj/default/player.o
                0x010003c0                makeNewPlayer
                0x01000498                isNewPlayer
                0x01000528                findChallengeIndex
 .text          0x010005b8      0x790 obj/default/usb/usb.o
                0x010005b8                usb_register_recv_callback
                0x010005ec                usb_register_send_callback
                0x01000620                usb_recv_queue_push
                0x010006a4                usb_send_queue_pop
                0x01000740                usb_recv_queue_pop
                0x010007dc                usb_device_send
                0x0100090c                usb_device_recv
                0x01000a94                usb_send_queue_push
                0x01000b18                usb_send_queue_is_empty
                0x01000b44                usb_recv_queue_is_empty
                0x01000b70                usb_device_init
                0x01000c58                usb_device_poll
 .text          0x01000d48      0x468 obj/default/usb/usb_ISO.o
                0x01000d48                EnableIsoMode
                0x01000f30                Wait4Ns
                0x01000f60                ISOLOOP
                0x01000fd8                Hal4D13_ReadISOEndpoint
                0x010010bc                Hal4D13_WriteISOEndpoint
 .text          0x010011b0     0x12dc obj/default/usb/usb_chap_9.o
                0x010011b0                Chap9_GetStatus
                0x01001440                Chap9_ClearFeature
                0x01001678                Chap9_SetFeature
                0x010018a0                Chap9_SetAddress
                0x01001ad0                Chap9_GetDescriptor
                0x01001cac                Chap9_GetConfiguration
                0x01001d6c                Chap9_SetConfiguration
                0x01001f78                Chap9_GetInterface
                0x0100201c                Chap9_SetInterface
                0x0100211c                Chap9_StallEP0
                0x010021ac                Chap9_StallEP0InControlWrite
                0x01002210                Chap9_StallEP0InControlRead
                0x01002274                Chap9_SingleTransmitEP0
                0x01002310                Chap9_BurstTransmitEP0
 .text          0x0100248c      0x74c obj/default/usb/usb_config.o
                0x0100248c                SetupToken_Handler
                0x01002700                DeviceRequest_Handler
                0x010027c4                help_devreq
                0x010028ec                disconnect_USB
                0x01002920                connect_USB
                0x0100297c                config_endpoint
                0x01002a70                reconnect_USB
                0x01002a9c                suspend_change
                0x01002ab8                ML_AcknowledgeSETUP
                0x01002b14                ML_Reserved
                0x01002b40                CHECK_CHIP_ID
 .text          0x01002bd8      0x5d0 obj/default/usb/usb_device_bus.o
                0x01002bd8                D13Bus_ControlEntry
                0x01002c00                reserved
                0x01002c28                read_write_register
                0x01002e38                setup_dma_request
                0x01002f28                get_firmware_version
                0x01002f60                D13Bus_StallEP0
                0x01002f88                D13Bus_SingleTransmitEP0
                0x01003024                D13Bus_BurstTransmitEP0
 .text          0x010031a8     0x1474 obj/default/usb/usb_device_hal.o
                0x010031a8                Hal4D13_AcquireD13
                0x010031e4                Hal4D13_ResetDevice
                0x0100321c                Hal4D13_GetDevConfig
                0x01003270                Hal4D13_SetDevConfig
                0x010032c4                Hal4D13_SetMode
                0x01003318                Hal4D13_GetMode
                0x01003378                Hal4D13_GetAddress
                0x010033d8                Hal4D13_SetAddressEnable
                0x0100345c                Hal4D13_SoftConnect
                0x0100351c                Hal4D13_AcknowledgeSETUP
                0x01003554                Hal4D13_ClearBuffer
                0x01003594                Hal4D13_ValidBuffer
                0x010035d4                Hal4D13_ReadEndpoint
                0x010036f8                Hal4D13_ReadBulkEndpoint
                0x0100381c                Hal4D13_ReadEndpointWOClearBuffer
                0x01003940                Hal4D13_WriteEndpoint
                0x01003a9c                Hal4D13_WriteBulkEndpoint
                0x01003bb8                Hal4D13_GetIntEnable
                0x01003c30                Hal4D13_SetIntEnable
                0x01003cc4                Hal4D13_ReadInterruptRegister
                0x01003d50                Hal4D13_GetEndpointStatusWInteruptClear
                0x01003db8                Hal4D13_GetEndpointStatusWOInteruptClear
                0x01003e20                Hal4D13_SetEndpointStatus
                0x01003ea0                Hal4D13_SetDMAConfig
                0x01003ef4                Hal4D13_GetDMAConfig
                0x01003f48                Hal4D13_SetDMACounter
                0x01003f9c                Hal4D13_GetDMACounter
                0x01003ff0                Hal4D13_GetDataFromChipRam
                0x01004044                Hal4D13_SetDataToChipRam
                0x01004098                Hal4D13_ReadCurrentFrameNumber
                0x010040ec                Hal4D13_LockDevice
                0x0100415c                Hal4D13_ReadChipID
                0x010041b0                Hal4D13_GetErrorCode
                0x01004218                Hal4D13_GetEndpointConfig
                0x01004280                Hal4D13_SetEndpointConfig
                0x010042e0                Hal4D13_UnconfigDevice
                0x010042fc                Hal4D13_ConfigDevice
                0x01004318                Hal4D13_SingleTransmitEP0
                0x01004360                Hal4D13_RegAccess
                0x010044c8                Hal4D13_StallEP0InControlWrite
                0x01004504                Hal4D13_StallEP0InControlRead
                0x01004540                Hal4D13_IsSetupPktInvalid
                0x01004580                Write_HC_Config_Reg
                0x010045d0                Read_HC_Config_Reg
 .text          0x0100461c      0xbd8 obj/default/usb/usb_isr.o
                0x0100461c                usb_disable_all_interrupts
                0x0100466c                usb_reenable_all_interrupts
                0x010046b0                fn_usb_isr
                0x010046e4                usb_isr
                0x0100489c                Isr_BusReset
                0x01004940                Isr_SuspendChange
                0x01004970                Isr_SHORT_PACKET
                0x010049a0                Isr_DmaEot
                0x01004a6c                Isr_SOF
                0x01004a88                Isr_Ep00RxDone
                0x01004c8c                Isr_Ep00TxDone
                0x01004ea4                usb_check_send
                0x01004f60                Isr_Ep01Done
                0x01004fc0                Isr_Ep02Done
                0x01005028                Isr_Ep03Done
                0x01005058                Isr_Ep04Done
                0x01005088                Isr_Ep05Done
                0x010050e4                Isr_Ep06Done
                0x01005114                Isr_Ep07Done
                0x01005130                Isr_Ep08Done
                0x0100514c                Isr_Ep09Done
                0x01005168                Isr_Ep0ADone
                0x01005184                Isr_Ep0BDone
                0x010051a0                Isr_Ep0CDone
                0x010051bc                Isr_Ep0DDone
                0x010051d8                Isr_Ep0EDone
 .text          0x010051f4      0x24c obj/default/usb/usb_queue.o
                0x010051f4                usb_fifo_init
                0x01005224                usb_fifo_push
                0x010052fc                usb_fifo_is_empty
                0x01005340                usb_fifo_pop
                0x01005418                usb_fifo_peek
 .text          0x01005440      0x27c obj/default/usbio.o
                0x01005440                make_packet
                0x010054b8                usb_send
                0x0100557c                usb_recv
 .text          0x010056bc       0x78 c:/altera/13.0sp1/nios2eds/bin/gnu/h-i686-mingw32/bin/../lib/gcc/nios2-elf/4.1.2/../../../../nios2-elf/lib\libc.a(lib_a-assert.o)
                0x010056bc                __assert_func
                0x01005720                __assert
 .text          0x01005734       0x1c c:/altera/13.0sp1/nios2eds/bin/gnu/h-i686-mingw32/bin/../lib/gcc/nios2-elf/4.1.2/../../../../nios2-elf/lib\libc.a(lib_a-calloc.o)
                0x01005734                calloc
 .text          0x01005750       0xb4 c:/altera/13.0sp1/nios2eds/bin/gnu/h-i686-mingw32/bin/../lib/gcc/nios2-elf/4.1.2/../../../../nios2-elf/lib\libc.a(lib_a-callocr.o)
                0x01005750                _calloc_r
 .text          0x01005804       0x38 c:/altera/13.0sp1/nios2eds/bin/gnu/h-i686-mingw32/bin/../lib/gcc/nios2-elf/4.1.2/../../../../nios2-elf/lib\libc.a(lib_a-exit.o)
                0x01005804                exit
 .text          0x0100583c       0x6c c:/altera/13.0sp1/nios2eds/bin/gnu/h-i686-mingw32/bin/../lib/gcc/nios2-elf/4.1.2/../../../../nios2-elf/lib\libc.a(lib_a-fiprintf.o)
                0x0100583c                fiprintf
                0x01005880                _fiprintf_r
 .text          0x010058a8        0x0 c:/altera/13.0sp1/nios2eds/bin/gnu/h-i686-mingw32/bin/../lib/gcc/nios2-elf/4.1.2/../../../../nios2-elf/lib\libc.a(lib_a-impure.o)
 .text          0x010058a8       0x28 c:/altera/13.0sp1/nios2eds/bin/gnu/h-i686-mingw32/bin/../lib/gcc/nios2-elf/4.1.2/../../../../nios2-elf/lib\libc.a(lib_a-malloc.o)
                0x010058a8                free
                0x010058bc                malloc
 .text          0x010058d0      0x740 c:/altera/13.0sp1/nios2eds/bin/gnu/h-i686-mingw32/bin/../lib/gcc/nios2-elf/4.1.2/../../../../nios2-elf/lib\libc.a(lib_a-mallocr.o)
                0x010058d0                _malloc_r
 .text          0x01006010       0xa0 c:/altera/13.0sp1/nios2eds/bin/gnu/h-i686-mingw32/bin/../lib/gcc/nios2-elf/4.1.2/../../../../nios2-elf/lib\libc.a(lib_a-memcpy.o)
                0x01006010                memcpy
 .text          0x010060b0       0x98 c:/altera/13.0sp1/nios2eds/bin/gnu/h-i686-mingw32/bin/../lib/gcc/nios2-elf/4.1.2/../../../../nios2-elf/lib\libc.a(lib_a-memset.o)
                0x010060b0                memset
 .text          0x01006148       0x78 c:/altera/13.0sp1/nios2eds/bin/gnu/h-i686-mingw32/bin/../lib/gcc/nios2-elf/4.1.2/../../../../nios2-elf/lib\libc.a(lib_a-printf.o)
                0x01006148                printf
                0x0100618c                _printf_r
 .text          0x010061c0       0x24 c:/altera/13.0sp1/nios2eds/bin/gnu/h-i686-mingw32/bin/../lib/gcc/nios2-elf/4.1.2/../../../../nios2-elf/lib\libc.a(lib_a-putchar.o)
                0x010061c0                putchar
                0x010061dc                _putchar_r
 .text          0x010061e4       0xb4 c:/altera/13.0sp1/nios2eds/bin/gnu/h-i686-mingw32/bin/../lib/gcc/nios2-elf/4.1.2/../../../../nios2-elf/lib\libc.a(lib_a-puts.o)
                0x010061e4                _puts_r
                0x01006284                puts
 .text          0x01006298       0x70 c:/altera/13.0sp1/nios2eds/bin/gnu/h-i686-mingw32/bin/../lib/gcc/nios2-elf/4.1.2/../../../../nios2-elf/lib\libc.a(lib_a-sbrkr.o)
                0x01006298                _sbrk_r
 .text          0x01006308       0x7c c:/altera/13.0sp1/nios2eds/bin/gnu/h-i686-mingw32/bin/../lib/gcc/nios2-elf/4.1.2/../../../../nios2-elf/lib\libc.a(lib_a-scanf.o)
                0x01006308                _scanf_r
                0x0100633c                scanf
 .text          0x01006384       0xbc c:/altera/13.0sp1/nios2eds/bin/gnu/h-i686-mingw32/bin/../lib/gcc/nios2-elf/4.1.2/../../../../nios2-elf/lib\libc.a(lib_a-strcmp.o)
                0x01006384                strcmp
 .text          0x01006440       0x8c c:/altera/13.0sp1/nios2eds/bin/gnu/h-i686-mingw32/bin/../lib/gcc/nios2-elf/4.1.2/../../../../nios2-elf/lib\libc.a(lib_a-strcpy.o)
                0x01006440                strcpy
 .text          0x010064cc       0x74 c:/altera/13.0sp1/nios2eds/bin/gnu/h-i686-mingw32/bin/../lib/gcc/nios2-elf/4.1.2/../../../../nios2-elf/lib\libc.a(lib_a-strlen.o)
                0x010064cc                strlen
 .text          0x01006540       0x1c c:/altera/13.0sp1/nios2eds/bin/gnu/h-i686-mingw32/bin/../lib/gcc/nios2-elf/4.1.2/../../../../nios2-elf/lib\libc.a(lib_a-vfiprintfr_1.o)
                0x01006540                _vfiprintf_r
 .text          0x0100655c     0x1f28 c:/altera/13.0sp1/nios2eds/bin/gnu/h-i686-mingw32/bin/../lib/gcc/nios2-elf/4.1.2/../../../../nios2-elf/lib\libc.a(lib_a-vfprintf.o)
                0x010065b4                ___vfprintf_internal_r
                0x01008460                __vfprintf_internal
 .text          0x01008484     0x1780 c:/altera/13.0sp1/nios2eds/bin/gnu/h-i686-mingw32/bin/../lib/gcc/nios2-elf/4.1.2/../../../../nios2-elf/lib\libc.a(lib_a-vfscanf.o)
                0x01008484                __svfscanf_r
                0x01009b04                __svfscanf
                0x01009b28                _vfscanf_r
                0x01009b90                vfscanf
 .text          0x01009c04      0x13c c:/altera/13.0sp1/nios2eds/bin/gnu/h-i686-mingw32/bin/../lib/gcc/nios2-elf/4.1.2/../../../../nios2-elf/lib\libc.a(lib_a-wsetup.o)
                0x01009c04                __swsetup_r
 .text          0x01009d40      0x1b4 c:/altera/13.0sp1/nios2eds/bin/gnu/h-i686-mingw32/bin/../lib/gcc/nios2-elf/4.1.2/../../../../nios2-elf/lib\libc.a(lib_a-__call_atexit.o)
                0x01009d44                __call_exitprocs
 .text          0x01009ef4       0x18 c:/altera/13.0sp1/nios2eds/bin/gnu/h-i686-mingw32/bin/../lib/gcc/nios2-elf/4.1.2/../../../../nios2-elf/lib\libc.a(lib_a-abort.o)
                0x01009ef4                abort
 .text          0x01009f0c        0x0 c:/altera/13.0sp1/nios2eds/bin/gnu/h-i686-mingw32/bin/../lib/gcc/nios2-elf/4.1.2/../../../../nios2-elf/lib\libc.a(lib_a-ctype_.o)
 .text          0x01009f0c     0x17cc c:/altera/13.0sp1/nios2eds/bin/gnu/h-i686-mingw32/bin/../lib/gcc/nios2-elf/4.1.2/../../../../nios2-elf/lib\libc.a(lib_a-dtoa.o)
                0x0100a124                _dtoa_r
 .text          0x0100b6d8      0x230 c:/altera/13.0sp1/nios2eds/bin/gnu/h-i686-mingw32/bin/../lib/gcc/nios2-elf/4.1.2/../../../../nios2-elf/lib\libc.a(lib_a-fflush.o)
                0x0100b6d8                _fflush_r
                0x0100b8d4                fflush
 .text          0x0100b908      0x2c0 c:/altera/13.0sp1/nios2eds/bin/gnu/h-i686-mingw32/bin/../lib/gcc/nios2-elf/4.1.2/../../../../nios2-elf/lib\libc.a(lib_a-findfp.o)
                0x0100b960                __sfp_lock_acquire
                0x0100b964                __sfp_lock_release
                0x0100b968                __sinit_lock_acquire
                0x0100b96c                __sinit_lock_release
                0x0100b970                __sinit
                0x0100ba24                __fp_unlock_all
                0x0100ba3c                __fp_lock_all
                0x0100ba54                _cleanup_r
                0x0100ba60                _cleanup
                0x0100ba70                __sfmoreglue
                0x0100bad8                __sfp
 .text          0x0100bbc8      0x23c c:/altera/13.0sp1/nios2eds/bin/gnu/h-i686-mingw32/bin/../lib/gcc/nios2-elf/4.1.2/../../../../nios2-elf/lib\libc.a(lib_a-fread.o)
                0x0100bbc8                _fread_r
                0x0100bdc4                fread
 .text          0x0100be04      0x440 c:/altera/13.0sp1/nios2eds/bin/gnu/h-i686-mingw32/bin/../lib/gcc/nios2-elf/4.1.2/../../../../nios2-elf/lib\libc.a(lib_a-freer.o)
                0x0100be04                _malloc_trim_r
                0x0100bf30                _free_r
 .text          0x0100c244      0x49c c:/altera/13.0sp1/nios2eds/bin/gnu/h-i686-mingw32/bin/../lib/gcc/nios2-elf/4.1.2/../../../../nios2-elf/lib\libc.a(lib_a-fvwrite.o)
                0x0100c244                __sfvwrite_r
 .text          0x0100c6e0      0x180 c:/altera/13.0sp1/nios2eds/bin/gnu/h-i686-mingw32/bin/../lib/gcc/nios2-elf/4.1.2/../../../../nios2-elf/lib\libc.a(lib_a-fwalk.o)
                0x0100c6e0                _fwalk_reent
                0x0100c7a8                _fwalk
 .text          0x0100c860        0x0 c:/altera/13.0sp1/nios2eds/bin/gnu/h-i686-mingw32/bin/../lib/gcc/nios2-elf/4.1.2/../../../../nios2-elf/lib\libc.a(lib_a-int_errno.o)
 .text          0x0100c860       0x2c c:/altera/13.0sp1/nios2eds/bin/gnu/h-i686-mingw32/bin/../lib/gcc/nios2-elf/4.1.2/../../../../nios2-elf/lib\libc.a(lib_a-iswspace.o)
                0x0100c860                iswspace
 .text          0x0100c88c       0xc4 c:/altera/13.0sp1/nios2eds/bin/gnu/h-i686-mingw32/bin/../lib/gcc/nios2-elf/4.1.2/../../../../nios2-elf/lib\libc.a(lib_a-locale.o)
                0x0100c88c                __locale_charset
                0x0100c894                _localeconv_r
                0x0100c8a0                localeconv
                0x0100c8b0                _setlocale_r
                0x0100c934                setlocale
 .text          0x0100c950      0x194 c:/altera/13.0sp1/nios2eds/bin/gnu/h-i686-mingw32/bin/../lib/gcc/nios2-elf/4.1.2/../../../../nios2-elf/lib\libc.a(lib_a-makebuf.o)
                0x0100c950                __smakebuf_r
 .text          0x0100cae4       0xc0 c:/altera/13.0sp1/nios2eds/bin/gnu/h-i686-mingw32/bin/../lib/gcc/nios2-elf/4.1.2/../../../../nios2-elf/lib\libc.a(lib_a-mbrtowc.o)
                0x0100cae4                _mbrtowc_r
                0x0100cb64                mbrtowc
 .text          0x0100cba4       0x40 c:/altera/13.0sp1/nios2eds/bin/gnu/h-i686-mingw32/bin/../lib/gcc/nios2-elf/4.1.2/../../../../nios2-elf/lib\libc.a(lib_a-mbtowc_r.o)
                0x0100cba4                _mbtowc_r
 .text          0x0100cbe4       0xe4 c:/altera/13.0sp1/nios2eds/bin/gnu/h-i686-mingw32/bin/../lib/gcc/nios2-elf/4.1.2/../../../../nios2-elf/lib\libc.a(lib_a-memchr.o)
                0x0100cbe4                memchr
 .text          0x0100ccc8       0xe0 c:/altera/13.0sp1/nios2eds/bin/gnu/h-i686-mingw32/bin/../lib/gcc/nios2-elf/4.1.2/../../../../nios2-elf/lib\libc.a(lib_a-memmove.o)
                0x0100ccc8                memmove
 .text          0x0100cda8      0xff4 c:/altera/13.0sp1/nios2eds/bin/gnu/h-i686-mingw32/bin/../lib/gcc/nios2-elf/4.1.2/../../../../nios2-elf/lib\libc.a(lib_a-mprec.o)
                0x0100cda8                _Bfree
                0x0100cdd0                __hi0bits
                0x0100ce40                __lo0bits
                0x0100cf04                __mcmp
                0x0100cf64                __ulp
                0x0100cfe4                __b2d
                0x0100d104                __ratio
                0x0100d1b4                _mprec_log10
                0x0100d248                __copybits
                0x0100d2a0                __any_on
                0x0100d328                _Balloc
                0x0100d3e4                __d2b
                0x0100d560                __mdiff
                0x0100d6ec                __lshift
                0x0100d838                __multiply
                0x0100da20                __i2b
                0x0100da5c                __multadd
                0x0100db5c                __pow5mult
                0x0100dc7c                __s2b
 .text          0x0100dd9c      0x1ec c:/altera/13.0sp1/nios2eds/bin/gnu/h-i686-mingw32/bin/../lib/gcc/nios2-elf/4.1.2/../../../../nios2-elf/lib\libc.a(lib_a-putc.o)
                0x0100dd9c                putc
                0x0100dea0                _putc_r
 .text          0x0100df88      0x5f4 c:/altera/13.0sp1/nios2eds/bin/gnu/h-i686-mingw32/bin/../lib/gcc/nios2-elf/4.1.2/../../../../nios2-elf/lib\libc.a(lib_a-reallocr.o)
                0x0100df88                _realloc_r
 .text          0x0100e57c      0x1e0 c:/altera/13.0sp1/nios2eds/bin/gnu/h-i686-mingw32/bin/../lib/gcc/nios2-elf/4.1.2/../../../../nios2-elf/lib\libc.a(lib_a-refill.o)
                0x0100e57c                __srefill_r
 .text          0x0100e75c       0x40 c:/altera/13.0sp1/nios2eds/bin/gnu/h-i686-mingw32/bin/../lib/gcc/nios2-elf/4.1.2/../../../../nios2-elf/lib\libc.a(lib_a-s_isinfd.o)
                0x0100e75c                __isinfd
 .text          0x0100e79c       0x30 c:/altera/13.0sp1/nios2eds/bin/gnu/h-i686-mingw32/bin/../lib/gcc/nios2-elf/4.1.2/../../../../nios2-elf/lib\libc.a(lib_a-s_isnand.o)
                0x0100e79c                __isnand
 .text          0x0100e7cc       0xc0 c:/altera/13.0sp1/nios2eds/bin/gnu/h-i686-mingw32/bin/../lib/gcc/nios2-elf/4.1.2/../../../../nios2-elf/lib\libc.a(lib_a-sccl.o)
                0x0100e7cc                __sccl
 .text          0x0100e88c        0x8 c:/altera/13.0sp1/nios2eds/bin/gnu/h-i686-mingw32/bin/../lib/gcc/nios2-elf/4.1.2/../../../../nios2-elf/lib\libc.a(lib_a-sf_nan.o)
                0x0100e88c                nanf
 .text          0x0100e894      0x2d8 c:/altera/13.0sp1/nios2eds/bin/gnu/h-i686-mingw32/bin/../lib/gcc/nios2-elf/4.1.2/../../../../nios2-elf/lib\libc.a(lib_a-signal.o)
                0x0100e894                _raise_r
                0x0100e960                raise
                0x0100e974                _init_signal_r
                0x0100e9d8                _init_signal
                0x0100e9e8                __sigtramp_r
                0x0100ea9c                __sigtramp
                0x0100eab0                _signal_r
                0x0100eb50                signal
 .text          0x0100eb6c       0x78 c:/altera/13.0sp1/nios2eds/bin/gnu/h-i686-mingw32/bin/../lib/gcc/nios2-elf/4.1.2/../../../../nios2-elf/lib\libc.a(lib_a-signalr.o)
                0x0100eb6c                _getpid_r
                0x0100eb70                _kill_r
 .text          0x0100ebe4       0xd4 c:/altera/13.0sp1/nios2eds/bin/gnu/h-i686-mingw32/bin/../lib/gcc/nios2-elf/4.1.2/../../../../nios2-elf/lib\libc.a(lib_a-sprintf.o)
                0x0100ebe4                sprintf
                0x0100ec58                _sprintf_r
 .text          0x0100ecb8      0x14c c:/altera/13.0sp1/nios2eds/bin/gnu/h-i686-mingw32/bin/../lib/gcc/nios2-elf/4.1.2/../../../../nios2-elf/lib\libc.a(lib_a-stdio.o)
                0x0100ecb8                __sclose
                0x0100ecc0                __sseek
                0x0100ed28                __swrite
                0x0100eda4                __sread
 .text          0x0100ee04     0x166c c:/altera/13.0sp1/nios2eds/bin/gnu/h-i686-mingw32/bin/../lib/gcc/nios2-elf/4.1.2/../../../../nios2-elf/lib\libc.a(lib_a-strtod.o)
                0x0100ee4c                _strtod_r
                0x01010330                strtof
                0x01010454                strtod
 .text          0x01010470      0x268 c:/altera/13.0sp1/nios2eds/bin/gnu/h-i686-mingw32/bin/../lib/gcc/nios2-elf/4.1.2/../../../../nios2-elf/lib\libc.a(lib_a-strtol.o)
                0x01010470                _strtol_r
                0x010106b4                strtol
 .text          0x010106d8      0x318 c:/altera/13.0sp1/nios2eds/bin/gnu/h-i686-mingw32/bin/../lib/gcc/nios2-elf/4.1.2/../../../../nios2-elf/lib\libc.a(lib_a-strtoll_r.o)
                0x010106d8                _strtoll_r
 .text          0x010109f0      0x254 c:/altera/13.0sp1/nios2eds/bin/gnu/h-i686-mingw32/bin/../lib/gcc/nios2-elf/4.1.2/../../../../nios2-elf/lib\libc.a(lib_a-strtoul.o)
                0x010109f0                _strtoul_r
                0x01010c20                strtoul
 .text          0x01010c44      0x2f0 c:/altera/13.0sp1/nios2eds/bin/gnu/h-i686-mingw32/bin/../lib/gcc/nios2-elf/4.1.2/../../../../nios2-elf/lib\libc.a(lib_a-strtoull_r.o)
                0x01010c44                _strtoull_r
 .text          0x01010f34      0x294 c:/altera/13.0sp1/nios2eds/bin/gnu/h-i686-mingw32/bin/../lib/gcc/nios2-elf/4.1.2/../../../../nios2-elf/lib\libc.a(lib_a-ungetc.o)
                0x01010f34                __submore
                0x01011010                _ungetc_r
                0x010111ac                ungetc
 .text          0x010111c8     0x1120 c:/altera/13.0sp1/nios2eds/bin/gnu/h-i686-mingw32/bin/../lib/gcc/nios2-elf/4.1.2/../../../../nios2-elf/lib\libc.a(lib_a-vfiprintf.o)
                0x01011220                ___vfiprintf_internal_r
                0x010122c4                __vfiprintf_internal
 .text          0x010122e8      0x14c c:/altera/13.0sp1/nios2eds/bin/gnu/h-i686-mingw32/bin/../lib/gcc/nios2-elf/4.1.2/../../../../nios2-elf/lib\libc.a(lib_a-wbuf.o)
                0x010122e8                __swbuf_r
                0x01012418                __swbuf
 .text          0x01012434       0x78 c:/altera/13.0sp1/nios2eds/bin/gnu/h-i686-mingw32/bin/../lib/gcc/nios2-elf/4.1.2/../../../../nios2-elf/lib\libc.a(lib_a-writer.o)
                0x01012434                _write_r
 .text          0x010124ac       0x70 c:/altera/13.0sp1/nios2eds/bin/gnu/h-i686-mingw32/bin/../lib/gcc/nios2-elf/4.1.2/../../../../nios2-elf/lib\libc.a(lib_a-closer.o)
                0x010124ac                _close_r
 .text          0x0101251c      0x124 c:/altera/13.0sp1/nios2eds/bin/gnu/h-i686-mingw32/bin/../lib/gcc/nios2-elf/4.1.2/../../../../nios2-elf/lib\libc.a(lib_a-fclose.o)
                0x0101251c                _fclose_r
                0x0101262c                fclose
 .text          0x01012640       0x74 c:/altera/13.0sp1/nios2eds/bin/gnu/h-i686-mingw32/bin/../lib/gcc/nios2-elf/4.1.2/../../../../nios2-elf/lib\libc.a(lib_a-fstatr.o)
                0x01012640                _fstat_r
 .text          0x010126b4      0x8f4 c:/altera/13.0sp1/nios2eds/bin/gnu/h-i686-mingw32/bin/../lib/gcc/nios2-elf/4.1.2/../../../../nios2-elf/lib\libc.a(lib_a-gdtoa-gethex.o)
                0x010126d8                __hexdig_init
                0x010127f0                __gethex
 .text          0x01012fa8      0x294 c:/altera/13.0sp1/nios2eds/bin/gnu/h-i686-mingw32/bin/../lib/gcc/nios2-elf/4.1.2/../../../../nios2-elf/lib\libc.a(lib_a-gdtoa-hexnan.o)
                0x01012ff4                __hexnan
 .text          0x0101323c       0x70 c:/altera/13.0sp1/nios2eds/bin/gnu/h-i686-mingw32/bin/../lib/gcc/nios2-elf/4.1.2/../../../../nios2-elf/lib\libc.a(lib_a-isattyr.o)
                0x0101323c                _isatty_r
 .text          0x010132ac       0x78 c:/altera/13.0sp1/nios2eds/bin/gnu/h-i686-mingw32/bin/../lib/gcc/nios2-elf/4.1.2/../../../../nios2-elf/lib\libc.a(lib_a-lseekr.o)
                0x010132ac                _lseek_r
 .text          0x01013324       0x78 c:/altera/13.0sp1/nios2eds/bin/gnu/h-i686-mingw32/bin/../lib/gcc/nios2-elf/4.1.2/../../../../nios2-elf/lib\libc.a(lib_a-readr.o)
                0x01013324                _read_r
 .text          0x0101339c       0x98 c:/altera/13.0sp1/nios2eds/bin/gnu/h-i686-mingw32/bin/../lib/gcc/nios2-elf/4.1.2\libgcc.a(_muldi3.o)
                0x0101339c                __muldi3
 .text          0x01013434       0xa4 c:/altera/13.0sp1/nios2eds/bin/gnu/h-i686-mingw32/bin/../lib/gcc/nios2-elf/4.1.2\libgcc.a(_fixunsdfsi.o)
                0x01013434                __fixunsdfsi
 .text          0x010134d8      0x5dc c:/altera/13.0sp1/nios2eds/bin/gnu/h-i686-mingw32/bin/../lib/gcc/nios2-elf/4.1.2\libgcc.a(_udivdi3.o)
                0x010134d8                __udivdi3
 .text          0x01013ab4      0x5b0 c:/altera/13.0sp1/nios2eds/bin/gnu/h-i686-mingw32/bin/../lib/gcc/nios2-elf/4.1.2\libgcc.a(_umoddi3.o)
                0x01013ab4                __umoddi3
 .text          0x01014064       0x78 c:/altera/13.0sp1/nios2eds/bin/gnu/h-i686-mingw32/bin/../lib/gcc/nios2-elf/4.1.2\libgcc.a(_ne_sf.o)
                0x01014064                __nesf2
 .text          0x010140dc       0x78 c:/altera/13.0sp1/nios2eds/bin/gnu/h-i686-mingw32/bin/../lib/gcc/nios2-elf/4.1.2\libgcc.a(_gt_sf.o)
                0x010140dc                __gtsf2
 .text          0x01014154       0x78 c:/altera/13.0sp1/nios2eds/bin/gnu/h-i686-mingw32/bin/../lib/gcc/nios2-elf/4.1.2\libgcc.a(_lt_sf.o)
                0x01014154                __ltsf2
 .text          0x010141cc      0x504 c:/altera/13.0sp1/nios2eds/bin/gnu/h-i686-mingw32/bin/../lib/gcc/nios2-elf/4.1.2\libgcc.a(_addsub_df.o)
                0x010145dc                __subdf3
                0x0101465c                __adddf3
 .text          0x010146d0      0x3c4 c:/altera/13.0sp1/nios2eds/bin/gnu/h-i686-mingw32/bin/../lib/gcc/nios2-elf/4.1.2\libgcc.a(_mul_df.o)
                0x010146d0                __muldf3
 .text          0x01014a94      0x258 c:/altera/13.0sp1/nios2eds/bin/gnu/h-i686-mingw32/bin/../lib/gcc/nios2-elf/4.1.2\libgcc.a(_div_df.o)
                0x01014a94                __divdf3
 .text          0x01014cec       0x88 c:/altera/13.0sp1/nios2eds/bin/gnu/h-i686-mingw32/bin/../lib/gcc/nios2-elf/4.1.2\libgcc.a(_eq_df.o)
                0x01014cec                __eqdf2
 .text          0x01014d74       0x88 c:/altera/13.0sp1/nios2eds/bin/gnu/h-i686-mingw32/bin/../lib/gcc/nios2-elf/4.1.2\libgcc.a(_ne_df.o)
                0x01014d74                __nedf2
 .text          0x01014dfc       0x88 c:/altera/13.0sp1/nios2eds/bin/gnu/h-i686-mingw32/bin/../lib/gcc/nios2-elf/4.1.2\libgcc.a(_gt_df.o)
                0x01014dfc                __gtdf2
 .text          0x01014e84       0x88 c:/altera/13.0sp1/nios2eds/bin/gnu/h-i686-mingw32/bin/../lib/gcc/nios2-elf/4.1.2\libgcc.a(_ge_df.o)
                0x01014e84                __gedf2
 .text          0x01014f0c       0x88 c:/altera/13.0sp1/nios2eds/bin/gnu/h-i686-mingw32/bin/../lib/gcc/nios2-elf/4.1.2\libgcc.a(_lt_df.o)
                0x01014f0c                __ltdf2
 .text          0x01014f94       0x88 c:/altera/13.0sp1/nios2eds/bin/gnu/h-i686-mingw32/bin/../lib/gcc/nios2-elf/4.1.2\libgcc.a(_le_df.o)
                0x01014f94                __ledf2
 .text          0x0101501c       0xf8 c:/altera/13.0sp1/nios2eds/bin/gnu/h-i686-mingw32/bin/../lib/gcc/nios2-elf/4.1.2\libgcc.a(_si_to_df.o)
                0x0101501c                __floatsidf
 .text          0x01015114       0xd8 c:/altera/13.0sp1/nios2eds/bin/gnu/h-i686-mingw32/bin/../lib/gcc/nios2-elf/4.1.2\libgcc.a(_df_to_si.o)
                0x01015114                __fixdfsi
 .text          0x010151ec       0x74 c:/altera/13.0sp1/nios2eds/bin/gnu/h-i686-mingw32/bin/../lib/gcc/nios2-elf/4.1.2\libgcc.a(_df_to_sf.o)
                0x010151ec                __truncdfsf2
 .text          0x01015260        0x0 c:/altera/13.0sp1/nios2eds/bin/gnu/h-i686-mingw32/bin/../lib/gcc/nios2-elf/4.1.2\libgcc.a(_thenan_df.o)
 .text          0x01015260      0x194 c:/altera/13.0sp1/nios2eds/bin/gnu/h-i686-mingw32/bin/../lib/gcc/nios2-elf/4.1.2\libgcc.a(_usi_to_df.o)
                0x01015260                __floatunsidf
 .text          0x010153f4      0x14c c:/altera/13.0sp1/nios2eds/bin/gnu/h-i686-mingw32/bin/../lib/gcc/nios2-elf/4.1.2\libgcc.a(lib2-divmod.o)
                0x01015470                __divsi3
                0x010154d0                __modsi3
                0x01015530                __udivsi3
                0x01015538                __umodsi3
 .text          0x01015540        0x0 c:/altera/13.0sp1/nios2eds/bin/gnu/h-i686-mingw32/bin/../lib/gcc/nios2-elf/4.1.2\libgcc.a(_clz.o)
 .text          0x01015540       0x80 c:/altera/13.0sp1/nios2eds/bin/gnu/h-i686-mingw32/bin/../lib/gcc/nios2-elf/4.1.2\libgcc.a(_clzsi2.o)
                0x01015540                __clzsi2
 .text          0x010155c0       0xc8 c:/altera/13.0sp1/nios2eds/bin/gnu/h-i686-mingw32/bin/../lib/gcc/nios2-elf/4.1.2\libgcc.a(_unpack_sf.o)
                0x010155c0                __unpack_f
 .text          0x01015688       0xa8 c:/altera/13.0sp1/nios2eds/bin/gnu/h-i686-mingw32/bin/../lib/gcc/nios2-elf/4.1.2\libgcc.a(_fpcmp_parts_sf.o)
                0x01015688                __fpcmp_parts_f
 .text          0x01015730       0x2c c:/altera/13.0sp1/nios2eds/bin/gnu/h-i686-mingw32/bin/../lib/gcc/nios2-elf/4.1.2\libgcc.a(_make_sf.o)
                0x01015730                __make_fp
 .text          0x0101575c      0x314 c:/altera/13.0sp1/nios2eds/bin/gnu/h-i686-mingw32/bin/../lib/gcc/nios2-elf/4.1.2\libgcc.a(_pack_df.o)
                0x0101575c                __pack_d
 .text          0x01015a70      0x138 c:/altera/13.0sp1/nios2eds/bin/gnu/h-i686-mingw32/bin/../lib/gcc/nios2-elf/4.1.2\libgcc.a(_unpack_df.o)
                0x01015a70                __unpack_d
 .text          0x01015ba8       0xc8 c:/altera/13.0sp1/nios2eds/bin/gnu/h-i686-mingw32/bin/../lib/gcc/nios2-elf/4.1.2\libgcc.a(_fpcmp_parts_df.o)
                0x01015ba8                __fpcmp_parts_d
 .text          0x01015c70      0x160 c:/altera/13.0sp1/nios2eds/bin/gnu/h-i686-mingw32/bin/../lib/gcc/nios2-elf/4.1.2\libgcc.a(_pack_sf.o)
                0x01015c70                __pack_f
 .text          0x01015dd0      0x15c ../DuelDraw_bsp/\libhal_bsp.a(alt_close.o)
                0x01015dd0                close
 .text          0x01015f2c       0x2c ../DuelDraw_bsp/\libhal_bsp.a(alt_dev.o)
 .text          0x01015f58        0x0 ../DuelDraw_bsp/\libhal_bsp.a(alt_errno.o)
 .text          0x01015f58       0x60 ../DuelDraw_bsp/\libhal_bsp.a(alt_exit.o)
                0x01015f98                _exit
 .text          0x01015fb8      0x134 ../DuelDraw_bsp/\libhal_bsp.a(alt_fstat.o)
                0x01015fb8                fstat
 .text          0x010160ec       0x20 ../DuelDraw_bsp/\libhal_bsp.a(alt_getpid.o)
                0x010160ec                getpid
 .text          0x0101610c      0x1c0 ../DuelDraw_bsp/\libhal_bsp.a(alt_irq_register.o)
                0x0101610c                alt_irq_register
 .text          0x010162cc        0x0 ../DuelDraw_bsp/\libhal_bsp.a(alt_irq_vars.o)
 .text          0x010162cc      0x120 ../DuelDraw_bsp/\libhal_bsp.a(alt_isatty.o)
                0x010162cc                isatty
 .text          0x010163ec      0x1a0 ../DuelDraw_bsp/\libhal_bsp.a(alt_kill.o)
                0x010163ec                kill
 .text          0x0101658c       0xec ../DuelDraw_bsp/\libhal_bsp.a(alt_load.o)
                0x0101658c                alt_load
 .text          0x01016678      0x150 ../DuelDraw_bsp/\libhal_bsp.a(alt_lseek.o)
                0x01016678                lseek
 .text          0x010167c8       0x6c ../DuelDraw_bsp/\libhal_bsp.a(alt_main.o)
                0x010167c8                alt_main
 .text          0x01016834       0x40 ../DuelDraw_bsp/\libhal_bsp.a(alt_malloc_lock.o)
                0x01016834                __malloc_lock
                0x01016854                __malloc_unlock
 .text          0x01016874      0x180 ../DuelDraw_bsp/\libhal_bsp.a(alt_read.o)
                0x01016874                read
 .text          0x010169f4       0x60 ../DuelDraw_bsp/\libhal_bsp.a(alt_release_fd.o)
                0x010169f4                alt_release_fd
 .text          0x01016a54       0xbc ../DuelDraw_bsp/\libhal_bsp.a(alt_sbrk.o)
                0x01016a54                sbrk
 .text          0x01016b10       0x30 ../DuelDraw_bsp/\libhal_bsp.a(alt_usleep.o)
                0x01016b10                usleep
 .text          0x01016b40      0x180 ../DuelDraw_bsp/\libhal_bsp.a(alt_write.o)
                0x01016b40                write
 .text          0x01016cc0      0x3e8 ../DuelDraw_bsp/\libhal_bsp.a(alt_sys_init.o)
                0x01016cc0                alt_irq_init
                0x01016cf4                alt_sys_init
 .text          0x010170a8      0x148 ../DuelDraw_bsp/\libhal_bsp.a(altera_avalon_jtag_uart_fd.o)
                0x010170a8                altera_avalon_jtag_uart_read_fd
                0x01017100                altera_avalon_jtag_uart_write_fd
                0x01017158                altera_avalon_jtag_uart_close_fd
                0x010171a0                altera_avalon_jtag_uart_ioctl_fd
 .text          0x010171f0      0x408 ../DuelDraw_bsp/\libhal_bsp.a(altera_avalon_jtag_uart_init.o)
                0x010171f0                altera_avalon_jtag_uart_init
                0x01017584                altera_avalon_jtag_uart_close
 .text          0x010175f8       0xf4 ../DuelDraw_bsp/\libhal_bsp.a(altera_avalon_jtag_uart_ioctl.o)
                0x010175f8                altera_avalon_jtag_uart_ioctl
 .text          0x010176ec      0x224 ../DuelDraw_bsp/\libhal_bsp.a(altera_avalon_jtag_uart_read.o)
                0x010176ec                altera_avalon_jtag_uart_read
 .text          0x01017910      0x240 ../DuelDraw_bsp/\libhal_bsp.a(altera_avalon_jtag_uart_write.o)
                0x01017910                altera_avalon_jtag_uart_write
 .text          0x01017b50      0x168 ../DuelDraw_bsp/\libhal_bsp.a(altera_avalon_timer_ts.o)
                0x01017b50                alt_timestamp_start
                0x01017bf4                alt_timestamp
                0x01017c90                alt_timestamp_freq
 .text          0x01017cb8        0x0 ../DuelDraw_bsp/\libhal_bsp.a(altera_avalon_timer_vars.o)
 .text          0x01017cb8      0x530 ../DuelDraw_bsp/\libhal_bsp.a(altera_up_avalon_character_lcd.o)
                0x01017cb8                get_DDRAM_addr
                0x01017d34                alt_up_character_lcd_send_cmd
                0x01017d68                alt_up_character_lcd_init
                0x01017d9c                alt_up_character_lcd_open_dev
                0x01017ddc                alt_up_character_lcd_write
                0x01017e54                alt_up_character_lcd_string
                0x01017ecc                alt_up_character_lcd_write_fd
                0x01017f18                alt_up_character_lcd_set_cursor_pos
                0x01017f90                alt_up_character_lcd_shift_cursor
                0x01018040                alt_up_character_lcd_shift_display
                0x010180f0                alt_up_character_lcd_erase_pos
                0x01018180                alt_up_character_lcd_cursor_off
                0x010181b4                alt_up_character_lcd_cursor_blink_on
 .text          0x010181e8      0x700 ../DuelDraw_bsp/\libhal_bsp.a(altera_up_avalon_ps2.o)
                0x010181e8                read_RI_bit
                0x0101821c                read_RE_bit
                0x0101824c                read_CE_bit
                0x01018280                read_num_bytes_available
                0x010182b4                read_data_valid
                0x010182e8                read_data_byte
                0x01018314                alt_up_ps2_init
                0x010183e0                alt_up_ps2_enable_read_interrupt
                0x01018434                alt_up_ps2_disable_read_interrupt
                0x0101848c                alt_up_ps2_write_data_byte
                0x01018504                alt_up_ps2_wait_for_ack
                0x01018574                alt_up_ps2_write_data_byte_with_ack
                0x010185e0                alt_up_ps2_read_data_byte_timeout
                0x01018690                alt_up_ps2_read_data_byte
                0x0101870c                alt_up_ps2_clear_fifo
                0x01018764                alt_up_ps2_read_fd
                0x01018800                alt_up_ps2_write_fd
                0x010188a8                alt_up_ps2_open_dev
 .text          0x010188e8       0x40 ../DuelDraw_bsp/\libhal_bsp.a(altera_up_avalon_usb.o)
                0x010188e8                alt_up_usb_open_dev
 .text          0x01018928      0x304 ../DuelDraw_bsp/\libhal_bsp.a(altera_up_avalon_video_character_buffer_with_dma.o)
                0x01018928                alt_up_char_buffer_init
                0x010189ac                alt_up_char_buffer_open_dev
                0x010189ec                alt_up_char_buffer_draw
                0x01018abc                alt_up_char_buffer_string
                0x01018bd0                alt_up_char_buffer_clear
 .text          0x01018c2c      0x154 ../DuelDraw_bsp/\libhal_bsp.a(alt_alarm_start.o)
                0x01018c2c                alt_alarm_start
 .text          0x01018d80      0x14c ../DuelDraw_bsp/\libhal_bsp.a(alt_busy_sleep.o)
                0x01018d80                alt_busy_sleep
 .text          0x01018ecc       0x44 ../DuelDraw_bsp/\libhal_bsp.a(alt_dcache_flush_all.o)
                0x01018ecc                alt_dcache_flush_all
 .text          0x01018f10      0x114 ../DuelDraw_bsp/\libhal_bsp.a(alt_dev_llist_insert.o)
                0x01018f10                alt_dev_llist_insert
 .text          0x01019024       0x64 ../DuelDraw_bsp/\libhal_bsp.a(alt_do_ctors.o)
                0x01019024                _do_ctors
 .text          0x01019088       0x64 ../DuelDraw_bsp/\libhal_bsp.a(alt_do_dtors.o)
                0x01019088                _do_dtors
 .text          0x010190ec       0x94 ../DuelDraw_bsp/\libhal_bsp.a(alt_find_dev.o)
                0x010190ec                alt_find_dev
 .text          0x01019180       0x30 ../DuelDraw_bsp/\libhal_bsp.a(alt_icache_flush_all.o)
                0x01019180                alt_icache_flush_all
 .text          0x010191b0      0x13c ../DuelDraw_bsp/\libhal_bsp.a(alt_io_redirect.o)
                0x01019274                alt_io_redirect
 .text          0x010192ec        0x0 ../DuelDraw_bsp/\libhal_bsp.a(alt_irq_entry.o)
 .text          0x010192ec        0x0 ../DuelDraw_bsp/\libhal_bsp.a(alt_irq_handler.o)
 .text          0x010192ec      0x2c4 ../DuelDraw_bsp/\libhal_bsp.a(alt_open.o)
                0x010193c8                open
 .text          0x010195b0      0x1a4 ../DuelDraw_bsp/\libhal_bsp.a(alt_tick.o)
                0x010195b0                alt_alarm_stop
                0x01019648                alt_tick
 .text          0x01019754       0x20 ../DuelDraw_bsp/\libhal_bsp.a(altera_nios2_qsys_irq.o)
                0x01019754                altera_nios2_qsys_irq_init
 .text          0x01019774        0x0 ../DuelDraw_bsp/\libhal_bsp.a(alt_exception_entry.o)
 .text          0x01019774      0x120 ../DuelDraw_bsp/\libhal_bsp.a(alt_find_file.o)
                0x01019774                alt_find_file
 .text          0x01019894       0xb8 ../DuelDraw_bsp/\libhal_bsp.a(alt_get_fd.o)
                0x01019894                alt_get_fd
 .text          0x0101994c       0x90 ../DuelDraw_bsp/\libhal_bsp.a(alt_icache_flush.o)
                0x0101994c                alt_icache_flush
 .text          0x010199dc       0x14 c:/altera/13.0sp1/nios2eds/bin/gnu/h-i686-mingw32/bin/../lib/gcc/nios2-elf/4.1.2/../../../../nios2-elf/lib\libc.a(lib_a-atexit.o)
                0x010199dc                atexit
 .text          0x010199f0       0x74 c:/altera/13.0sp1/nios2eds/bin/gnu/h-i686-mingw32/bin/../lib/gcc/nios2-elf/4.1.2/../../../../nios2-elf/lib\libc.a(lib_a-memcmp.o)
                0x010199f0                memcmp
 .text          0x01019a64      0x134 c:/altera/13.0sp1/nios2eds/bin/gnu/h-i686-mingw32/bin/../lib/gcc/nios2-elf/4.1.2/../../../../nios2-elf/lib\libc.a(lib_a-__atexit.o)
                0x01019a64                __register_exitproc
 *(.gnu.warning.*)
 *(.fini)
                0x01019b98                PROVIDE (__etext, ABSOLUTE (.))
                0x01019b98                PROVIDE (_etext, ABSOLUTE (.))
                0x01019b98                PROVIDE (etext, ABSOLUTE (.))
 *(.eh_frame_hdr)
                0x01019b98                . = ALIGN (0x4)
                0x01019b98                PROVIDE (__preinit_array_start, ABSOLUTE (.))
 *(.preinit_array)
                0x01019b98                PROVIDE (__preinit_array_end, ABSOLUTE (.))
                0x01019b98                PROVIDE (__init_array_start, ABSOLUTE (.))
 *(.init_array)
                0x01019b98                PROVIDE (__init_array_end, ABSOLUTE (.))
                0x01019b98                PROVIDE (__fini_array_start, ABSOLUTE (.))
 *(.fini_array)
                0x01019b98                PROVIDE (__fini_array_end, ABSOLUTE (.))
 *(.eh_frame)
 *(.gcc_except_table)
 *(.dynamic)
                0x01019b98                PROVIDE (__CTOR_LIST__, ABSOLUTE (.))
 *(.ctors)
 *(SORT(.ctors.*))
 .ctors.65535   0x01019b98        0x4 c:/altera/13.0sp1/nios2eds/bin/gnu/h-i686-mingw32/bin/../lib/gcc/nios2-elf/4.1.2/../../../../nios2-elf/lib\libc.a(lib_a-__call_atexit.o)
                0x01019b9c                PROVIDE (__CTOR_END__, ABSOLUTE (.))
                0x01019b9c                PROVIDE (__DTOR_LIST__, ABSOLUTE (.))
 *(.dtors)
 *(SORT(.dtors.*))
                0x01019b9c                PROVIDE (__DTOR_END__, ABSOLUTE (.))
 *(.jcr)
                0x01019b9c                . = ALIGN (0x4)

.rodata         0x01019b9c      0xed0
                0x01019b9c                PROVIDE (__ram_rodata_start, ABSOLUTE (.))
                0x01019b9c                . = ALIGN (0x4)
 *(.rodata .rodata.* .gnu.linkonce.r.*)
 .rodata        0x01019b9c       0xb4 obj/default/main.o
 .rodata        0x01019c50       0xa8 obj/default/usb/usb.o
 .rodata        0x01019cf8       0x5c obj/default/usb/usb_ISO.o
 .rodata        0x01019d54       0x54 obj/default/usb/usb_chap_9.o
 .rodata        0x01019da8      0x20c obj/default/usb/usb_config.o
 .rodata        0x01019fb4       0xd8 obj/default/usb/usb_device_bus.o
 .rodata        0x0101a08c      0x140 obj/default/usb/usb_device_hal.o
 .rodata        0x0101a1cc       0xdc obj/default/usb/usb_isr.o
 .rodata        0x0101a2a8       0x2c obj/default/usb/usb_queue.o
 .rodata.str1.4
                0x0101a2d4       0x3d c:/altera/13.0sp1/nios2eds/bin/gnu/h-i686-mingw32/bin/../lib/gcc/nios2-elf/4.1.2/../../../../nios2-elf/lib\libc.a(lib_a-assert.o)
                                 0x44 (size before relaxing)
 *fill*         0x0101a311        0x3 00
 .rodata.str1.4
                0x0101a314        0x2 c:/altera/13.0sp1/nios2eds/bin/gnu/h-i686-mingw32/bin/../lib/gcc/nios2-elf/4.1.2/../../../../nios2-elf/lib\libc.a(lib_a-impure.o)
                                  0x4 (size before relaxing)
 *fill*         0x0101a316        0x2 00
 .rodata.str1.4
                0x0101a318        0x2 c:/altera/13.0sp1/nios2eds/bin/gnu/h-i686-mingw32/bin/../lib/gcc/nios2-elf/4.1.2/../../../../nios2-elf/lib\libc.a(lib_a-puts.o)
                                  0x4 (size before relaxing)
 *fill*         0x0101a31a        0x2 00
 .rodata.str1.4
                0x0101a31c       0x5e c:/altera/13.0sp1/nios2eds/bin/gnu/h-i686-mingw32/bin/../lib/gcc/nios2-elf/4.1.2/../../../../nios2-elf/lib\libc.a(lib_a-vfprintf.o)
                                 0x60 (size before relaxing)
 .rodata        0x0101a37a       0x20 c:/altera/13.0sp1/nios2eds/bin/gnu/h-i686-mingw32/bin/../lib/gcc/nios2-elf/4.1.2/../../../../nios2-elf/lib\libc.a(lib_a-vfprintf.o)
 *fill*         0x0101a39a        0x2 00
 .rodata.str1.4
                0x0101a39c        0x5 c:/altera/13.0sp1/nios2eds/bin/gnu/h-i686-mingw32/bin/../lib/gcc/nios2-elf/4.1.2/../../../../nios2-elf/lib\libc.a(lib_a-vfscanf.o)
                                  0x8 (size before relaxing)
 *fill*         0x0101a3a1        0x1 00
 .rodata        0x0101a3a2       0x22 c:/altera/13.0sp1/nios2eds/bin/gnu/h-i686-mingw32/bin/../lib/gcc/nios2-elf/4.1.2/../../../../nios2-elf/lib\libc.a(lib_a-vfscanf.o)
 .rodata        0x0101a3c4      0x281 c:/altera/13.0sp1/nios2eds/bin/gnu/h-i686-mingw32/bin/../lib/gcc/nios2-elf/4.1.2/../../../../nios2-elf/lib\libc.a(lib_a-ctype_.o)
                0x0101a3c4                _ctype_
 *fill*         0x0101a645        0x3 00
 .rodata.str1.4
                0x0101a648       0x10 c:/altera/13.0sp1/nios2eds/bin/gnu/h-i686-mingw32/bin/../lib/gcc/nios2-elf/4.1.2/../../../../nios2-elf/lib\libc.a(lib_a-dtoa.o)
                                 0x14 (size before relaxing)
 .rodata.str1.4
                0x0101a658        0xf c:/altera/13.0sp1/nios2eds/bin/gnu/h-i686-mingw32/bin/../lib/gcc/nios2-elf/4.1.2/../../../../nios2-elf/lib\libc.a(lib_a-locale.o)
                                 0x18 (size before relaxing)
 *fill*         0x0101a667        0x1 00
 .rodata        0x0101a668       0x30 c:/altera/13.0sp1/nios2eds/bin/gnu/h-i686-mingw32/bin/../lib/gcc/nios2-elf/4.1.2/../../../../nios2-elf/lib\libc.a(lib_a-locale.o)
 .rodata.str1.4
                0x00000000        0x4 c:/altera/13.0sp1/nios2eds/bin/gnu/h-i686-mingw32/bin/../lib/gcc/nios2-elf/4.1.2/../../../../nios2-elf/lib\libc.a(lib_a-mbrtowc.o)
 .rodata        0x0101a698      0x124 c:/altera/13.0sp1/nios2eds/bin/gnu/h-i686-mingw32/bin/../lib/gcc/nios2-elf/4.1.2/../../../../nios2-elf/lib\libc.a(lib_a-mprec.o)
                0x0101a698                __mprec_tens
                0x0101a760                __mprec_bigtens
                0x0101a788                __mprec_tinytens
 .rodata.str1.4
                0x0101a7bc        0xf c:/altera/13.0sp1/nios2eds/bin/gnu/h-i686-mingw32/bin/../lib/gcc/nios2-elf/4.1.2/../../../../nios2-elf/lib\libc.a(lib_a-strtod.o)
                                 0x10 (size before relaxing)
 *fill*         0x0101a7cb        0x1 00
 .rodata        0x0101a7cc       0x28 c:/altera/13.0sp1/nios2eds/bin/gnu/h-i686-mingw32/bin/../lib/gcc/nios2-elf/4.1.2/../../../../nios2-elf/lib\libc.a(lib_a-strtod.o)
 .rodata.str1.4
                0x00000000       0x4c c:/altera/13.0sp1/nios2eds/bin/gnu/h-i686-mingw32/bin/../lib/gcc/nios2-elf/4.1.2/../../../../nios2-elf/lib\libc.a(lib_a-vfiprintf.o)
 .rodata        0x0101a7f4       0x20 c:/altera/13.0sp1/nios2eds/bin/gnu/h-i686-mingw32/bin/../lib/gcc/nios2-elf/4.1.2/../../../../nios2-elf/lib\libc.a(lib_a-vfiprintf.o)
 .rodata.str1.4
                0x0101a814       0x1c c:/altera/13.0sp1/nios2eds/bin/gnu/h-i686-mingw32/bin/../lib/gcc/nios2-elf/4.1.2/../../../../nios2-elf/lib\libc.a(lib_a-gdtoa-gethex.o)
 .rodata        0x0101a830       0x14 c:/altera/13.0sp1/nios2eds/bin/gnu/h-i686-mingw32/bin/../lib/gcc/nios2-elf/4.1.2\libgcc.a(_thenan_df.o)
                0x0101a830                __thenan_df
 .rodata        0x0101a844      0x100 c:/altera/13.0sp1/nios2eds/bin/gnu/h-i686-mingw32/bin/../lib/gcc/nios2-elf/4.1.2\libgcc.a(_clz.o)
                0x0101a844                __clz_tab
 .rodata        0x0101a944        0xc ../DuelDraw_bsp/\libhal_bsp.a(alt_dev.o)
 .rodata        0x0101a950        0xc ../DuelDraw_bsp/\libhal_bsp.a(alt_main.o)
 .rodata        0x0101a95c       0xf4 ../DuelDraw_bsp/\libhal_bsp.a(alt_sys_init.o)
 .rodata        0x0101aa50       0x1c ../DuelDraw_bsp/\libhal_bsp.a(altera_up_avalon_video_character_buffer_with_dma.o)
 *(.rodata1)
                0x0101aa6c                . = ALIGN (0x4)
                0x0101aa6c                PROVIDE (__ram_rodata_end, ABSOLUTE (.))
                0x01019b9c                PROVIDE (__flash_rodata_start, LOADADDR (.rodata))

.rwdata         0x0101aa6c     0x1f24 load address 0x0101c990
                0x0101aa6c                PROVIDE (__ram_rwdata_start, ABSOLUTE (.))
                0x0101aa6c                . = ALIGN (0x4)
 *(.got.plt)
 *(.got)
 *(.data1)
 *(.data .data.* .gnu.linkonce.d.*)
 .data          0x0101aa6c        0x0 ../DuelDraw_bsp//obj/HAL/src/crt0.o
 .data          0x0101aa6c        0x0 obj/default/main.o
 .data          0x0101aa6c        0x0 obj/default/packet.o
 .data          0x0101aa6c        0x0 obj/default/player.o
 .data          0x0101aa6c        0x0 obj/default/usb/usb.o
 .data          0x0101aa6c        0x0 obj/default/usb/usb_ISO.o
 .data          0x0101aa6c      0x1ac obj/default/usb/usb_chap_9.o
                0x0101aa6c                DeviceDescr
                0x0101aa7e                ConfigDescr_a
                0x0101aaac                ConfigDescr
                0x0101aaf4                InterfaceDescr0
                0x0101aafd                InterfaceDescr1
                0x0101ab06                EP_Descr
                0x0101ab26                REPORT_DESCRIPTOR
                0x0101ab58                strInterface
                0x0101ab70                strConfiguration
                0x0101ab82                strSerialNum
                0x0101ab9c                strProduct
                0x0101abde                strManufacturer
 .data          0x0101ac18      0x108 obj/default/usb/usb_config.o
                0x0101ac18                StandardDeviceRequest
                0x0101ac4c                _NAME_USB_REQUEST_RECIPIENT
                0x0101ac5c                _NAME_USB_REQUEST_TYPE
                0x0101ac6c                _NAME_USB_STANDARD_REQUEST
                0x0101aca0                VendorDeviceRequest
                0x0101ace0                _NAME_USB_VENDOR_REQUEST
 .data          0x0101ad20        0x0 obj/default/usb/usb_device_bus.o
 .data          0x0101ad20        0x0 obj/default/usb/usb_device_hal.o
 .data          0x0101ad20        0x0 obj/default/usb/usb_isr.o
 .data          0x0101ad20        0x0 obj/default/usb/usb_queue.o
 .data          0x0101ad20        0x0 obj/default/usbio.o
 .data          0x0101ad20        0x0 c:/altera/13.0sp1/nios2eds/bin/gnu/h-i686-mingw32/bin/../lib/gcc/nios2-elf/4.1.2/../../../../nios2-elf/lib\libc.a(lib_a-assert.o)
 .data          0x0101ad20        0x0 c:/altera/13.0sp1/nios2eds/bin/gnu/h-i686-mingw32/bin/../lib/gcc/nios2-elf/4.1.2/../../../../nios2-elf/lib\libc.a(lib_a-calloc.o)
 .data          0x0101ad20        0x0 c:/altera/13.0sp1/nios2eds/bin/gnu/h-i686-mingw32/bin/../lib/gcc/nios2-elf/4.1.2/../../../../nios2-elf/lib\libc.a(lib_a-callocr.o)
 .data          0x0101ad20        0x0 c:/altera/13.0sp1/nios2eds/bin/gnu/h-i686-mingw32/bin/../lib/gcc/nios2-elf/4.1.2/../../../../nios2-elf/lib\libc.a(lib_a-exit.o)
 .data          0x0101ad20        0x0 c:/altera/13.0sp1/nios2eds/bin/gnu/h-i686-mingw32/bin/../lib/gcc/nios2-elf/4.1.2/../../../../nios2-elf/lib\libc.a(lib_a-fiprintf.o)
 .data          0x0101ad20      0x400 c:/altera/13.0sp1/nios2eds/bin/gnu/h-i686-mingw32/bin/../lib/gcc/nios2-elf/4.1.2/../../../../nios2-elf/lib\libc.a(lib_a-impure.o)
 .data          0x0101b120        0x0 c:/altera/13.0sp1/nios2eds/bin/gnu/h-i686-mingw32/bin/../lib/gcc/nios2-elf/4.1.2/../../../../nios2-elf/lib\libc.a(lib_a-malloc.o)
 .data          0x0101b120      0x408 c:/altera/13.0sp1/nios2eds/bin/gnu/h-i686-mingw32/bin/../lib/gcc/nios2-elf/4.1.2/../../../../nios2-elf/lib\libc.a(lib_a-mallocr.o)
                0x0101b120                __malloc_av_
 .data          0x0101b528        0x0 c:/altera/13.0sp1/nios2eds/bin/gnu/h-i686-mingw32/bin/../lib/gcc/nios2-elf/4.1.2/../../../../nios2-elf/lib\libc.a(lib_a-memcpy.o)
 .data          0x0101b528        0x0 c:/altera/13.0sp1/nios2eds/bin/gnu/h-i686-mingw32/bin/../lib/gcc/nios2-elf/4.1.2/../../../../nios2-elf/lib\libc.a(lib_a-memset.o)
 .data          0x0101b528        0x0 c:/altera/13.0sp1/nios2eds/bin/gnu/h-i686-mingw32/bin/../lib/gcc/nios2-elf/4.1.2/../../../../nios2-elf/lib\libc.a(lib_a-printf.o)
 .data          0x0101b528        0x0 c:/altera/13.0sp1/nios2eds/bin/gnu/h-i686-mingw32/bin/../lib/gcc/nios2-elf/4.1.2/../../../../nios2-elf/lib\libc.a(lib_a-putchar.o)
 .data          0x0101b528        0x0 c:/altera/13.0sp1/nios2eds/bin/gnu/h-i686-mingw32/bin/../lib/gcc/nios2-elf/4.1.2/../../../../nios2-elf/lib\libc.a(lib_a-puts.o)
 .data          0x0101b528        0x0 c:/altera/13.0sp1/nios2eds/bin/gnu/h-i686-mingw32/bin/../lib/gcc/nios2-elf/4.1.2/../../../../nios2-elf/lib\libc.a(lib_a-sbrkr.o)
 .data          0x0101b528        0x0 c:/altera/13.0sp1/nios2eds/bin/gnu/h-i686-mingw32/bin/../lib/gcc/nios2-elf/4.1.2/../../../../nios2-elf/lib\libc.a(lib_a-scanf.o)
 .data          0x0101b528        0x0 c:/altera/13.0sp1/nios2eds/bin/gnu/h-i686-mingw32/bin/../lib/gcc/nios2-elf/4.1.2/../../../../nios2-elf/lib\libc.a(lib_a-strcmp.o)
 .data          0x0101b528        0x0 c:/altera/13.0sp1/nios2eds/bin/gnu/h-i686-mingw32/bin/../lib/gcc/nios2-elf/4.1.2/../../../../nios2-elf/lib\libc.a(lib_a-strcpy.o)
 .data          0x0101b528        0x0 c:/altera/13.0sp1/nios2eds/bin/gnu/h-i686-mingw32/bin/../lib/gcc/nios2-elf/4.1.2/../../../../nios2-elf/lib\libc.a(lib_a-strlen.o)
 .data          0x0101b528        0x0 c:/altera/13.0sp1/nios2eds/bin/gnu/h-i686-mingw32/bin/../lib/gcc/nios2-elf/4.1.2/../../../../nios2-elf/lib\libc.a(lib_a-vfiprintfr_1.o)
 .data          0x0101b528        0x0 c:/altera/13.0sp1/nios2eds/bin/gnu/h-i686-mingw32/bin/../lib/gcc/nios2-elf/4.1.2/../../../../nios2-elf/lib\libc.a(lib_a-vfprintf.o)
 .data          0x0101b528        0x0 c:/altera/13.0sp1/nios2eds/bin/gnu/h-i686-mingw32/bin/../lib/gcc/nios2-elf/4.1.2/../../../../nios2-elf/lib\libc.a(lib_a-vfscanf.o)
 .data          0x0101b528        0x0 c:/altera/13.0sp1/nios2eds/bin/gnu/h-i686-mingw32/bin/../lib/gcc/nios2-elf/4.1.2/../../../../nios2-elf/lib\libc.a(lib_a-wsetup.o)
 .data          0x0101b528        0x0 c:/altera/13.0sp1/nios2eds/bin/gnu/h-i686-mingw32/bin/../lib/gcc/nios2-elf/4.1.2/../../../../nios2-elf/lib\libc.a(lib_a-__call_atexit.o)
 .data          0x0101b528        0x0 c:/altera/13.0sp1/nios2eds/bin/gnu/h-i686-mingw32/bin/../lib/gcc/nios2-elf/4.1.2/../../../../nios2-elf/lib\libc.a(lib_a-abort.o)
 .data          0x0101b528        0x0 c:/altera/13.0sp1/nios2eds/bin/gnu/h-i686-mingw32/bin/../lib/gcc/nios2-elf/4.1.2/../../../../nios2-elf/lib\libc.a(lib_a-ctype_.o)
 .data          0x0101b528        0x0 c:/altera/13.0sp1/nios2eds/bin/gnu/h-i686-mingw32/bin/../lib/gcc/nios2-elf/4.1.2/../../../../nios2-elf/lib\libc.a(lib_a-dtoa.o)
 .data          0x0101b528        0x0 c:/altera/13.0sp1/nios2eds/bin/gnu/h-i686-mingw32/bin/../lib/gcc/nios2-elf/4.1.2/../../../../nios2-elf/lib\libc.a(lib_a-fflush.o)
 .data          0x0101b528        0x0 c:/altera/13.0sp1/nios2eds/bin/gnu/h-i686-mingw32/bin/../lib/gcc/nios2-elf/4.1.2/../../../../nios2-elf/lib\libc.a(lib_a-findfp.o)
 .data          0x0101b528        0x0 c:/altera/13.0sp1/nios2eds/bin/gnu/h-i686-mingw32/bin/../lib/gcc/nios2-elf/4.1.2/../../../../nios2-elf/lib\libc.a(lib_a-fread.o)
 .data          0x0101b528        0x0 c:/altera/13.0sp1/nios2eds/bin/gnu/h-i686-mingw32/bin/../lib/gcc/nios2-elf/4.1.2/../../../../nios2-elf/lib\libc.a(lib_a-freer.o)
 .data          0x0101b528        0x0 c:/altera/13.0sp1/nios2eds/bin/gnu/h-i686-mingw32/bin/../lib/gcc/nios2-elf/4.1.2/../../../../nios2-elf/lib\libc.a(lib_a-fvwrite.o)
 .data          0x0101b528        0x0 c:/altera/13.0sp1/nios2eds/bin/gnu/h-i686-mingw32/bin/../lib/gcc/nios2-elf/4.1.2/../../../../nios2-elf/lib\libc.a(lib_a-fwalk.o)
 .data          0x0101b528        0x0 c:/altera/13.0sp1/nios2eds/bin/gnu/h-i686-mingw32/bin/../lib/gcc/nios2-elf/4.1.2/../../../../nios2-elf/lib\libc.a(lib_a-int_errno.o)
 .data          0x0101b528        0x0 c:/altera/13.0sp1/nios2eds/bin/gnu/h-i686-mingw32/bin/../lib/gcc/nios2-elf/4.1.2/../../../../nios2-elf/lib\libc.a(lib_a-iswspace.o)
 .data          0x0101b528        0xc c:/altera/13.0sp1/nios2eds/bin/gnu/h-i686-mingw32/bin/../lib/gcc/nios2-elf/4.1.2/../../../../nios2-elf/lib\libc.a(lib_a-locale.o)
                0x0101b528                __lc_ctype
 .data          0x0101b534        0x0 c:/altera/13.0sp1/nios2eds/bin/gnu/h-i686-mingw32/bin/../lib/gcc/nios2-elf/4.1.2/../../../../nios2-elf/lib\libc.a(lib_a-makebuf.o)
 .data          0x0101b534        0x0 c:/altera/13.0sp1/nios2eds/bin/gnu/h-i686-mingw32/bin/../lib/gcc/nios2-elf/4.1.2/../../../../nios2-elf/lib\libc.a(lib_a-mbrtowc.o)
 .data          0x0101b534        0x0 c:/altera/13.0sp1/nios2eds/bin/gnu/h-i686-mingw32/bin/../lib/gcc/nios2-elf/4.1.2/../../../../nios2-elf/lib\libc.a(lib_a-mbtowc_r.o)
 .data          0x0101b534        0x0 c:/altera/13.0sp1/nios2eds/bin/gnu/h-i686-mingw32/bin/../lib/gcc/nios2-elf/4.1.2/../../../../nios2-elf/lib\libc.a(lib_a-memchr.o)
 .data          0x0101b534        0x0 c:/altera/13.0sp1/nios2eds/bin/gnu/h-i686-mingw32/bin/../lib/gcc/nios2-elf/4.1.2/../../../../nios2-elf/lib\libc.a(lib_a-memmove.o)
 .data          0x0101b534        0x0 c:/altera/13.0sp1/nios2eds/bin/gnu/h-i686-mingw32/bin/../lib/gcc/nios2-elf/4.1.2/../../../../nios2-elf/lib\libc.a(lib_a-mprec.o)
 .data          0x0101b534        0x0 c:/altera/13.0sp1/nios2eds/bin/gnu/h-i686-mingw32/bin/../lib/gcc/nios2-elf/4.1.2/../../../../nios2-elf/lib\libc.a(lib_a-putc.o)
 .data          0x0101b534        0x0 c:/altera/13.0sp1/nios2eds/bin/gnu/h-i686-mingw32/bin/../lib/gcc/nios2-elf/4.1.2/../../../../nios2-elf/lib\libc.a(lib_a-reallocr.o)
 .data          0x0101b534        0x0 c:/altera/13.0sp1/nios2eds/bin/gnu/h-i686-mingw32/bin/../lib/gcc/nios2-elf/4.1.2/../../../../nios2-elf/lib\libc.a(lib_a-refill.o)
 .data          0x0101b534        0x0 c:/altera/13.0sp1/nios2eds/bin/gnu/h-i686-mingw32/bin/../lib/gcc/nios2-elf/4.1.2/../../../../nios2-elf/lib\libc.a(lib_a-s_isinfd.o)
 .data          0x0101b534        0x0 c:/altera/13.0sp1/nios2eds/bin/gnu/h-i686-mingw32/bin/../lib/gcc/nios2-elf/4.1.2/../../../../nios2-elf/lib\libc.a(lib_a-s_isnand.o)
 .data          0x0101b534        0x0 c:/altera/13.0sp1/nios2eds/bin/gnu/h-i686-mingw32/bin/../lib/gcc/nios2-elf/4.1.2/../../../../nios2-elf/lib\libc.a(lib_a-sccl.o)
 .data          0x0101b534        0x0 c:/altera/13.0sp1/nios2eds/bin/gnu/h-i686-mingw32/bin/../lib/gcc/nios2-elf/4.1.2/../../../../nios2-elf/lib\libc.a(lib_a-sf_nan.o)
 .data          0x0101b534        0x0 c:/altera/13.0sp1/nios2eds/bin/gnu/h-i686-mingw32/bin/../lib/gcc/nios2-elf/4.1.2/../../../../nios2-elf/lib\libc.a(lib_a-signal.o)
 .data          0x0101b534        0x0 c:/altera/13.0sp1/nios2eds/bin/gnu/h-i686-mingw32/bin/../lib/gcc/nios2-elf/4.1.2/../../../../nios2-elf/lib\libc.a(lib_a-signalr.o)
 .data          0x0101b534        0x0 c:/altera/13.0sp1/nios2eds/bin/gnu/h-i686-mingw32/bin/../lib/gcc/nios2-elf/4.1.2/../../../../nios2-elf/lib\libc.a(lib_a-sprintf.o)
 .data          0x0101b534        0x0 c:/altera/13.0sp1/nios2eds/bin/gnu/h-i686-mingw32/bin/../lib/gcc/nios2-elf/4.1.2/../../../../nios2-elf/lib\libc.a(lib_a-stdio.o)
 .data          0x0101b534       0x28 c:/altera/13.0sp1/nios2eds/bin/gnu/h-i686-mingw32/bin/../lib/gcc/nios2-elf/4.1.2/../../../../nios2-elf/lib\libc.a(lib_a-strtod.o)
 .data          0x0101b55c        0x0 c:/altera/13.0sp1/nios2eds/bin/gnu/h-i686-mingw32/bin/../lib/gcc/nios2-elf/4.1.2/../../../../nios2-elf/lib\libc.a(lib_a-strtol.o)
 .data          0x0101b55c        0x0 c:/altera/13.0sp1/nios2eds/bin/gnu/h-i686-mingw32/bin/../lib/gcc/nios2-elf/4.1.2/../../../../nios2-elf/lib\libc.a(lib_a-strtoll_r.o)
 .data          0x0101b55c        0x0 c:/altera/13.0sp1/nios2eds/bin/gnu/h-i686-mingw32/bin/../lib/gcc/nios2-elf/4.1.2/../../../../nios2-elf/lib\libc.a(lib_a-strtoul.o)
 .data          0x0101b55c        0x0 c:/altera/13.0sp1/nios2eds/bin/gnu/h-i686-mingw32/bin/../lib/gcc/nios2-elf/4.1.2/../../../../nios2-elf/lib\libc.a(lib_a-strtoull_r.o)
 .data          0x0101b55c        0x0 c:/altera/13.0sp1/nios2eds/bin/gnu/h-i686-mingw32/bin/../lib/gcc/nios2-elf/4.1.2/../../../../nios2-elf/lib\libc.a(lib_a-ungetc.o)
 .data          0x0101b55c        0x0 c:/altera/13.0sp1/nios2eds/bin/gnu/h-i686-mingw32/bin/../lib/gcc/nios2-elf/4.1.2/../../../../nios2-elf/lib\libc.a(lib_a-vfiprintf.o)
 .data          0x0101b55c        0x0 c:/altera/13.0sp1/nios2eds/bin/gnu/h-i686-mingw32/bin/../lib/gcc/nios2-elf/4.1.2/../../../../nios2-elf/lib\libc.a(lib_a-wbuf.o)
 .data          0x0101b55c        0x0 c:/altera/13.0sp1/nios2eds/bin/gnu/h-i686-mingw32/bin/../lib/gcc/nios2-elf/4.1.2/../../../../nios2-elf/lib\libc.a(lib_a-writer.o)
 .data          0x0101b55c        0x0 c:/altera/13.0sp1/nios2eds/bin/gnu/h-i686-mingw32/bin/../lib/gcc/nios2-elf/4.1.2/../../../../nios2-elf/lib\libc.a(lib_a-closer.o)
 .data          0x0101b55c        0x0 c:/altera/13.0sp1/nios2eds/bin/gnu/h-i686-mingw32/bin/../lib/gcc/nios2-elf/4.1.2/../../../../nios2-elf/lib\libc.a(lib_a-fclose.o)
 .data          0x0101b55c        0x0 c:/altera/13.0sp1/nios2eds/bin/gnu/h-i686-mingw32/bin/../lib/gcc/nios2-elf/4.1.2/../../../../nios2-elf/lib\libc.a(lib_a-fstatr.o)
 .data          0x0101b55c        0x0 c:/altera/13.0sp1/nios2eds/bin/gnu/h-i686-mingw32/bin/../lib/gcc/nios2-elf/4.1.2/../../../../nios2-elf/lib\libc.a(lib_a-gdtoa-gethex.o)
 .data          0x0101b55c        0x0 c:/altera/13.0sp1/nios2eds/bin/gnu/h-i686-mingw32/bin/../lib/gcc/nios2-elf/4.1.2/../../../../nios2-elf/lib\libc.a(lib_a-gdtoa-hexnan.o)
 .data          0x0101b55c        0x0 c:/altera/13.0sp1/nios2eds/bin/gnu/h-i686-mingw32/bin/../lib/gcc/nios2-elf/4.1.2/../../../../nios2-elf/lib\libc.a(lib_a-isattyr.o)
 .data          0x0101b55c        0x0 c:/altera/13.0sp1/nios2eds/bin/gnu/h-i686-mingw32/bin/../lib/gcc/nios2-elf/4.1.2/../../../../nios2-elf/lib\libc.a(lib_a-lseekr.o)
 .data          0x0101b55c        0x0 c:/altera/13.0sp1/nios2eds/bin/gnu/h-i686-mingw32/bin/../lib/gcc/nios2-elf/4.1.2/../../../../nios2-elf/lib\libc.a(lib_a-readr.o)
 .data          0x0101b55c        0x0 c:/altera/13.0sp1/nios2eds/bin/gnu/h-i686-mingw32/bin/../lib/gcc/nios2-elf/4.1.2\libgcc.a(_muldi3.o)
 .data          0x0101b55c        0x0 c:/altera/13.0sp1/nios2eds/bin/gnu/h-i686-mingw32/bin/../lib/gcc/nios2-elf/4.1.2\libgcc.a(_fixunsdfsi.o)
 .data          0x0101b55c        0x0 c:/altera/13.0sp1/nios2eds/bin/gnu/h-i686-mingw32/bin/../lib/gcc/nios2-elf/4.1.2\libgcc.a(_udivdi3.o)
 .data          0x0101b55c        0x0 c:/altera/13.0sp1/nios2eds/bin/gnu/h-i686-mingw32/bin/../lib/gcc/nios2-elf/4.1.2\libgcc.a(_umoddi3.o)
 .data          0x0101b55c        0x0 c:/altera/13.0sp1/nios2eds/bin/gnu/h-i686-mingw32/bin/../lib/gcc/nios2-elf/4.1.2\libgcc.a(_ne_sf.o)
 .data          0x0101b55c        0x0 c:/altera/13.0sp1/nios2eds/bin/gnu/h-i686-mingw32/bin/../lib/gcc/nios2-elf/4.1.2\libgcc.a(_gt_sf.o)
 .data          0x0101b55c        0x0 c:/altera/13.0sp1/nios2eds/bin/gnu/h-i686-mingw32/bin/../lib/gcc/nios2-elf/4.1.2\libgcc.a(_lt_sf.o)
 .data          0x0101b55c        0x0 c:/altera/13.0sp1/nios2eds/bin/gnu/h-i686-mingw32/bin/../lib/gcc/nios2-elf/4.1.2\libgcc.a(_addsub_df.o)
 .data          0x0101b55c        0x0 c:/altera/13.0sp1/nios2eds/bin/gnu/h-i686-mingw32/bin/../lib/gcc/nios2-elf/4.1.2\libgcc.a(_mul_df.o)
 .data          0x0101b55c        0x0 c:/altera/13.0sp1/nios2eds/bin/gnu/h-i686-mingw32/bin/../lib/gcc/nios2-elf/4.1.2\libgcc.a(_div_df.o)
 .data          0x0101b55c        0x0 c:/altera/13.0sp1/nios2eds/bin/gnu/h-i686-mingw32/bin/../lib/gcc/nios2-elf/4.1.2\libgcc.a(_eq_df.o)
 .data          0x0101b55c        0x0 c:/altera/13.0sp1/nios2eds/bin/gnu/h-i686-mingw32/bin/../lib/gcc/nios2-elf/4.1.2\libgcc.a(_ne_df.o)
 .data          0x0101b55c        0x0 c:/altera/13.0sp1/nios2eds/bin/gnu/h-i686-mingw32/bin/../lib/gcc/nios2-elf/4.1.2\libgcc.a(_gt_df.o)
 .data          0x0101b55c        0x0 c:/altera/13.0sp1/nios2eds/bin/gnu/h-i686-mingw32/bin/../lib/gcc/nios2-elf/4.1.2\libgcc.a(_ge_df.o)
 .data          0x0101b55c        0x0 c:/altera/13.0sp1/nios2eds/bin/gnu/h-i686-mingw32/bin/../lib/gcc/nios2-elf/4.1.2\libgcc.a(_lt_df.o)
 .data          0x0101b55c        0x0 c:/altera/13.0sp1/nios2eds/bin/gnu/h-i686-mingw32/bin/../lib/gcc/nios2-elf/4.1.2\libgcc.a(_le_df.o)
 .data          0x0101b55c        0x0 c:/altera/13.0sp1/nios2eds/bin/gnu/h-i686-mingw32/bin/../lib/gcc/nios2-elf/4.1.2\libgcc.a(_si_to_df.o)
 .data          0x0101b55c        0x0 c:/altera/13.0sp1/nios2eds/bin/gnu/h-i686-mingw32/bin/../lib/gcc/nios2-elf/4.1.2\libgcc.a(_df_to_si.o)
 .data          0x0101b55c        0x0 c:/altera/13.0sp1/nios2eds/bin/gnu/h-i686-mingw32/bin/../lib/gcc/nios2-elf/4.1.2\libgcc.a(_df_to_sf.o)
 .data          0x0101b55c        0x0 c:/altera/13.0sp1/nios2eds/bin/gnu/h-i686-mingw32/bin/../lib/gcc/nios2-elf/4.1.2\libgcc.a(_thenan_df.o)
 .data          0x0101b55c        0x0 c:/altera/13.0sp1/nios2eds/bin/gnu/h-i686-mingw32/bin/../lib/gcc/nios2-elf/4.1.2\libgcc.a(_usi_to_df.o)
 .data          0x0101b55c        0x0 c:/altera/13.0sp1/nios2eds/bin/gnu/h-i686-mingw32/bin/../lib/gcc/nios2-elf/4.1.2\libgcc.a(lib2-divmod.o)
 .data          0x0101b55c        0x0 c:/altera/13.0sp1/nios2eds/bin/gnu/h-i686-mingw32/bin/../lib/gcc/nios2-elf/4.1.2\libgcc.a(_clz.o)
 .data          0x0101b55c        0x0 c:/altera/13.0sp1/nios2eds/bin/gnu/h-i686-mingw32/bin/../lib/gcc/nios2-elf/4.1.2\libgcc.a(_clzsi2.o)
 .data          0x0101b55c        0x0 c:/altera/13.0sp1/nios2eds/bin/gnu/h-i686-mingw32/bin/../lib/gcc/nios2-elf/4.1.2\libgcc.a(_unpack_sf.o)
 .data          0x0101b55c        0x0 c:/altera/13.0sp1/nios2eds/bin/gnu/h-i686-mingw32/bin/../lib/gcc/nios2-elf/4.1.2\libgcc.a(_fpcmp_parts_sf.o)
 .data          0x0101b55c        0x0 c:/altera/13.0sp1/nios2eds/bin/gnu/h-i686-mingw32/bin/../lib/gcc/nios2-elf/4.1.2\libgcc.a(_make_sf.o)
 .data          0x0101b55c        0x0 c:/altera/13.0sp1/nios2eds/bin/gnu/h-i686-mingw32/bin/../lib/gcc/nios2-elf/4.1.2\libgcc.a(_pack_df.o)
 .data          0x0101b55c        0x0 c:/altera/13.0sp1/nios2eds/bin/gnu/h-i686-mingw32/bin/../lib/gcc/nios2-elf/4.1.2\libgcc.a(_unpack_df.o)
 .data          0x0101b55c        0x0 c:/altera/13.0sp1/nios2eds/bin/gnu/h-i686-mingw32/bin/../lib/gcc/nios2-elf/4.1.2\libgcc.a(_fpcmp_parts_df.o)
 .data          0x0101b55c        0x0 c:/altera/13.0sp1/nios2eds/bin/gnu/h-i686-mingw32/bin/../lib/gcc/nios2-elf/4.1.2\libgcc.a(_pack_sf.o)
 .data          0x0101b55c        0x0 ../DuelDraw_bsp/\libhal_bsp.a(alt_close.o)
 .data          0x0101b55c      0x1a8 ../DuelDraw_bsp/\libhal_bsp.a(alt_dev.o)
                0x0101b55c                alt_dev_null
                0x0101b584                alt_fd_list
 .data          0x0101b704        0x0 ../DuelDraw_bsp/\libhal_bsp.a(alt_errno.o)
 .data          0x0101b704        0x0 ../DuelDraw_bsp/\libhal_bsp.a(alt_exit.o)
 .data          0x0101b704        0x0 ../DuelDraw_bsp/\libhal_bsp.a(alt_fstat.o)
 .data          0x0101b704        0x0 ../DuelDraw_bsp/\libhal_bsp.a(alt_getpid.o)
 .data          0x0101b704        0x0 ../DuelDraw_bsp/\libhal_bsp.a(alt_irq_register.o)
 .data          0x0101b704        0x0 ../DuelDraw_bsp/\libhal_bsp.a(alt_irq_vars.o)
 .data          0x0101b704        0x0 ../DuelDraw_bsp/\libhal_bsp.a(alt_isatty.o)
 .data          0x0101b704        0x0 ../DuelDraw_bsp/\libhal_bsp.a(alt_kill.o)
 .data          0x0101b704        0x0 ../DuelDraw_bsp/\libhal_bsp.a(alt_load.o)
 .data          0x0101b704        0x0 ../DuelDraw_bsp/\libhal_bsp.a(alt_lseek.o)
 .data          0x0101b704        0x0 ../DuelDraw_bsp/\libhal_bsp.a(alt_main.o)
 .data          0x0101b704        0x0 ../DuelDraw_bsp/\libhal_bsp.a(alt_malloc_lock.o)
 .data          0x0101b704        0x0 ../DuelDraw_bsp/\libhal_bsp.a(alt_read.o)
 .data          0x0101b704        0x0 ../DuelDraw_bsp/\libhal_bsp.a(alt_release_fd.o)
 .data          0x0101b704        0x0 ../DuelDraw_bsp/\libhal_bsp.a(alt_sbrk.o)
 .data          0x0101b704        0x0 ../DuelDraw_bsp/\libhal_bsp.a(alt_usleep.o)
 .data          0x0101b704        0x0 ../DuelDraw_bsp/\libhal_bsp.a(alt_write.o)
 .data          0x0101b704     0x1220 ../DuelDraw_bsp/\libhal_bsp.a(alt_sys_init.o)
 .data          0x0101c924        0x0 ../DuelDraw_bsp/\libhal_bsp.a(altera_avalon_jtag_uart_fd.o)
 .data          0x0101c924        0x0 ../DuelDraw_bsp/\libhal_bsp.a(altera_avalon_jtag_uart_init.o)
 .data          0x0101c924        0x0 ../DuelDraw_bsp/\libhal_bsp.a(altera_avalon_jtag_uart_ioctl.o)
 .data          0x0101c924        0x0 ../DuelDraw_bsp/\libhal_bsp.a(altera_avalon_jtag_uart_read.o)
 .data          0x0101c924        0x0 ../DuelDraw_bsp/\libhal_bsp.a(altera_avalon_jtag_uart_write.o)
 .data          0x0101c924        0x0 ../DuelDraw_bsp/\libhal_bsp.a(altera_avalon_timer_ts.o)
 .data          0x0101c924        0x0 ../DuelDraw_bsp/\libhal_bsp.a(altera_avalon_timer_vars.o)
 .data          0x0101c924        0x0 ../DuelDraw_bsp/\libhal_bsp.a(altera_up_avalon_character_lcd.o)
 .data          0x0101c924        0x0 ../DuelDraw_bsp/\libhal_bsp.a(altera_up_avalon_ps2.o)
 .data          0x0101c924        0x0 ../DuelDraw_bsp/\libhal_bsp.a(altera_up_avalon_usb.o)
 .data          0x0101c924        0x0 ../DuelDraw_bsp/\libhal_bsp.a(altera_up_avalon_video_character_buffer_with_dma.o)
 .data          0x0101c924        0x0 ../DuelDraw_bsp/\libhal_bsp.a(alt_alarm_start.o)
 .data          0x0101c924        0x0 ../DuelDraw_bsp/\libhal_bsp.a(alt_busy_sleep.o)
 .data          0x0101c924        0x0 ../DuelDraw_bsp/\libhal_bsp.a(alt_dcache_flush_all.o)
 .data          0x0101c924        0x0 ../DuelDraw_bsp/\libhal_bsp.a(alt_dev_llist_insert.o)
 .data          0x0101c924        0x0 ../DuelDraw_bsp/\libhal_bsp.a(alt_do_ctors.o)
 .data          0x0101c924        0x0 ../DuelDraw_bsp/\libhal_bsp.a(alt_do_dtors.o)
 .data          0x0101c924        0x0 ../DuelDraw_bsp/\libhal_bsp.a(alt_find_dev.o)
 .data          0x0101c924        0x0 ../DuelDraw_bsp/\libhal_bsp.a(alt_icache_flush_all.o)
 .data          0x0101c924        0x0 ../DuelDraw_bsp/\libhal_bsp.a(alt_io_redirect.o)
 .data          0x0101c924        0x0 ../DuelDraw_bsp/\libhal_bsp.a(alt_irq_entry.o)
 .data          0x0101c924        0x0 ../DuelDraw_bsp/\libhal_bsp.a(alt_irq_handler.o)
 .data          0x0101c924        0x0 ../DuelDraw_bsp/\libhal_bsp.a(alt_open.o)
 .data          0x0101c924        0x0 ../DuelDraw_bsp/\libhal_bsp.a(alt_tick.o)
 .data          0x0101c924        0x0 ../DuelDraw_bsp/\libhal_bsp.a(altera_nios2_qsys_irq.o)
 .data          0x0101c924        0x0 ../DuelDraw_bsp/\libhal_bsp.a(alt_exception_entry.o)
 .data          0x0101c924        0x0 ../DuelDraw_bsp/\libhal_bsp.a(alt_find_file.o)
 .data          0x0101c924        0x0 ../DuelDraw_bsp/\libhal_bsp.a(alt_get_fd.o)
 .data          0x0101c924        0x0 ../DuelDraw_bsp/\libhal_bsp.a(alt_icache_flush.o)
 .data          0x0101c924        0x0 c:/altera/13.0sp1/nios2eds/bin/gnu/h-i686-mingw32/bin/../lib/gcc/nios2-elf/4.1.2/../../../../nios2-elf/lib\libc.a(lib_a-atexit.o)
 .data          0x0101c924        0x0 c:/altera/13.0sp1/nios2eds/bin/gnu/h-i686-mingw32/bin/../lib/gcc/nios2-elf/4.1.2/../../../../nios2-elf/lib\libc.a(lib_a-memcmp.o)
 .data          0x0101c924        0x0 c:/altera/13.0sp1/nios2eds/bin/gnu/h-i686-mingw32/bin/../lib/gcc/nios2-elf/4.1.2/../../../../nios2-elf/lib\libc.a(lib_a-__atexit.o)
                0x01024924                _gp = ABSOLUTE ((. + 0x8000))
                0x01024924                PROVIDE (gp, _gp)
 *(.rwdata .rwdata.*)
 *(.sdata .sdata.* .gnu.linkonce.s.*)
 .sdata         0x0101c924        0x4 obj/default/usb/usb.o
                0x0101c924                packet_size
 .sdata         0x0101c928        0x6 obj/default/usb/usb_ISO.o
                0x0101c928                IsoDisable
                0x0101c92a                IsoOutPattern
                0x0101c92c                IsoInPattern
 .sdata         0x0101c92e        0x4 obj/default/usb/usb_chap_9.o
                0x0101c92e                strLanguage
 *fill*         0x0101c932        0x2 00
 .sdata         0x0101c934       0x10 obj/default/usb/usb_config.o
                0x0101c934                _NAME_USB_REQUEST_DIRECTION
                0x0101c93c                ClassDeviceRequest
                0x0101c940                _NAME_USB_CLASS_REQUEST
 .sdata         0x0101c944        0xc obj/default/usb/usb_isr.o
                0x0101c944                INT_Enabled
                0x0101c948                rb_wr_ptr
                0x0101c94c                rb_rd_ptr
 .sdata         0x0101c950        0x8 c:/altera/13.0sp1/nios2eds/bin/gnu/h-i686-mingw32/bin/../lib/gcc/nios2-elf/4.1.2/../../../../nios2-elf/lib\libc.a(lib_a-impure.o)
                0x0101c950                _impure_ptr
                0x0101c954                _global_impure_ptr
 .sdata         0x0101c958        0x8 c:/altera/13.0sp1/nios2eds/bin/gnu/h-i686-mingw32/bin/../lib/gcc/nios2-elf/4.1.2/../../../../nios2-elf/lib\libc.a(lib_a-mallocr.o)
                0x0101c958                __malloc_trim_threshold
                0x0101c95c                __malloc_sbrk_base
 .sdata         0x0101c960        0x4 c:/altera/13.0sp1/nios2eds/bin/gnu/h-i686-mingw32/bin/../lib/gcc/nios2-elf/4.1.2/../../../../nios2-elf/lib\libc.a(lib_a-ctype_.o)
                0x0101c960                __ctype_ptr
 .sdata         0x0101c964        0x8 c:/altera/13.0sp1/nios2eds/bin/gnu/h-i686-mingw32/bin/../lib/gcc/nios2-elf/4.1.2/../../../../nios2-elf/lib\libc.a(lib_a-locale.o)
                0x0101c964                __mb_cur_max
 .sdata         0x0101c96c       0x14 ../DuelDraw_bsp/\libhal_bsp.a(alt_dev.o)
                0x0101c96c                alt_fs_list
                0x0101c974                alt_dev_list
                0x0101c97c                alt_max_fd
 .sdata         0x0101c980        0x4 ../DuelDraw_bsp/\libhal_bsp.a(alt_errno.o)
                0x0101c980                alt_errno
 .sdata         0x0101c984        0x4 ../DuelDraw_bsp/\libhal_bsp.a(alt_sbrk.o)
 .sdata         0x0101c988        0x8 ../DuelDraw_bsp/\libhal_bsp.a(alt_tick.o)
                0x0101c988                alt_alarm_list
 *(.sdata2 .sdata2.* .gnu.linkonce.s2.*)
                0x0101c990                . = ALIGN (0x4)
                0x0101c990                _edata = ABSOLUTE (.)
                0x0101c990                PROVIDE (edata, ABSOLUTE (.))
                0x0101c990                PROVIDE (__ram_rwdata_end, ABSOLUTE (.))
                0x0101c990                PROVIDE (__flash_rwdata_start, LOADADDR (.rwdata))

.bss            0x0101e8b4     0x1c60
                0x0101e8b4                __bss_start = ABSOLUTE (.)
                0x0101e8b4                PROVIDE (__sbss_start, ABSOLUTE (.))
                0x0101e8b4                PROVIDE (___sbss_start, ABSOLUTE (.))
 *(.dynsbss)
 *(.sbss .sbss.* .gnu.linkonce.sb.*)
 .sbss          0x0101e8b4        0xc obj/default/usb/usb.o
                0x0101e8b4                usb_initialized
                0x0101e8b8                usb_recv_cb
                0x0101e8bc                usb_send_cb
 .sbss          0x0101e8c0       0x2b obj/default/usb/usb.o
                0x0101e8c0                ISP1362_BASE
                0x0101e8c4                bD13flags
                0x0101e8c8                usb_send_queue
                0x0101e8d0                usb_recv_queue
                0x0101e8d8                ioRequest
                0x0101e8e0                usb_send_cb_context
                0x0101e8e4                usb_recv_cb_context
                0x0101e8e8                bUSBCheck_Device_State
 *fill*         0x0101e8eb        0x1 00
 .sbss          0x0101e8ec        0x6 obj/default/usb/usb_ISO.o
                0x0101e8ec                IsoMode
                0x0101e8ee                IsoOutPktLen
                0x0101e8f0                IsoInPktLen
 .sbss          0x0101e8f2        0x1 obj/default/usb/usb_chap_9.o
                0x0101e8f2                ALTERNATIVE_SETTING
 *fill*         0x0101e8f3        0x1 00
 .sbss          0x0101e8f4        0x8 obj/default/usb/usb_isr.o
                0x0101e8f4                inflight
                0x0101e8f8                status
 .sbss          0x0101e8fc        0xc c:/altera/13.0sp1/nios2eds/bin/gnu/h-i686-mingw32/bin/../lib/gcc/nios2-elf/4.1.2/../../../../nios2-elf/lib\libc.a(lib_a-mallocr.o)
                0x0101e8fc                __malloc_top_pad
                0x0101e900                __malloc_max_sbrked_mem
                0x0101e904                __malloc_max_total_mem
 .sbss          0x0101e908        0x4 c:/altera/13.0sp1/nios2eds/bin/gnu/h-i686-mingw32/bin/../lib/gcc/nios2-elf/4.1.2/../../../../nios2-elf/lib\libc.a(lib_a-int_errno.o)
                0x0101e908                errno
 .sbss          0x0101e90c        0xc c:/altera/13.0sp1/nios2eds/bin/gnu/h-i686-mingw32/bin/../lib/gcc/nios2-elf/4.1.2/../../../../nios2-elf/lib\libc.a(lib_a-locale.o)
                0x0101e90c                __nlocale_changed
                0x0101e910                __mlocale_changed
                0x0101e914                _PathLocale
 .sbss          0x0101e918        0x4 ../DuelDraw_bsp/\libhal_bsp.a(alt_irq_vars.o)
                0x0101e918                alt_irq_active
 .sbss          0x0101e91c        0xc ../DuelDraw_bsp/\libhal_bsp.a(alt_main.o)
                0x0101e91c                alt_argc
                0x0101e920                alt_argv
                0x0101e924                alt_envp
 .sbss          0x0101e928        0x8 ../DuelDraw_bsp/\libhal_bsp.a(altera_avalon_timer_vars.o)
                0x0101e928                altera_avalon_timer_ts_base
                0x0101e92c                altera_avalon_timer_ts_freq
 .sbss          0x0101e930        0x8 ../DuelDraw_bsp/\libhal_bsp.a(alt_tick.o)
                0x0101e930                _alt_tick_rate
                0x0101e934                _alt_nticks
 *(.sbss2 .sbss2.* .gnu.linkonce.sb2.*)
 *(.scommon)
                0x0101e938                PROVIDE (__sbss_end, ABSOLUTE (.))
                0x0101e938                PROVIDE (___sbss_end, ABSOLUTE (.))
 *(.dynbss)
 *(.bss .bss.* .gnu.linkonce.b.*)
 .bss           0x0101e938        0x0 ../DuelDraw_bsp//obj/HAL/src/crt0.o
 .bss           0x0101e938        0x0 obj/default/main.o
 .bss           0x0101e938        0x0 obj/default/packet.o
 .bss           0x0101e938        0x0 obj/default/player.o
 .bss           0x0101e938        0x0 obj/default/usb/usb.o
 .bss           0x0101e938        0x0 obj/default/usb/usb_ISO.o
 .bss           0x0101e938        0x0 obj/default/usb/usb_chap_9.o
 .bss           0x0101e938        0x0 obj/default/usb/usb_config.o
 .bss           0x0101e938        0x0 obj/default/usb/usb_device_bus.o
 .bss           0x0101e938        0x0 obj/default/usb/usb_device_hal.o
 .bss           0x0101e938        0x0 obj/default/usb/usb_isr.o
 .bss           0x0101e938        0x0 obj/default/usb/usb_queue.o
 .bss           0x0101e938        0x0 obj/default/usbio.o
 .bss           0x0101e938        0x0 c:/altera/13.0sp1/nios2eds/bin/gnu/h-i686-mingw32/bin/../lib/gcc/nios2-elf/4.1.2/../../../../nios2-elf/lib\libc.a(lib_a-assert.o)
 .bss           0x0101e938        0x0 c:/altera/13.0sp1/nios2eds/bin/gnu/h-i686-mingw32/bin/../lib/gcc/nios2-elf/4.1.2/../../../../nios2-elf/lib\libc.a(lib_a-calloc.o)
 .bss           0x0101e938        0x0 c:/altera/13.0sp1/nios2eds/bin/gnu/h-i686-mingw32/bin/../lib/gcc/nios2-elf/4.1.2/../../../../nios2-elf/lib\libc.a(lib_a-callocr.o)
 .bss           0x0101e938        0x0 c:/altera/13.0sp1/nios2eds/bin/gnu/h-i686-mingw32/bin/../lib/gcc/nios2-elf/4.1.2/../../../../nios2-elf/lib\libc.a(lib_a-exit.o)
 .bss           0x0101e938        0x0 c:/altera/13.0sp1/nios2eds/bin/gnu/h-i686-mingw32/bin/../lib/gcc/nios2-elf/4.1.2/../../../../nios2-elf/lib\libc.a(lib_a-fiprintf.o)
 .bss           0x0101e938        0x0 c:/altera/13.0sp1/nios2eds/bin/gnu/h-i686-mingw32/bin/../lib/gcc/nios2-elf/4.1.2/../../../../nios2-elf/lib\libc.a(lib_a-impure.o)
 .bss           0x0101e938        0x0 c:/altera/13.0sp1/nios2eds/bin/gnu/h-i686-mingw32/bin/../lib/gcc/nios2-elf/4.1.2/../../../../nios2-elf/lib\libc.a(lib_a-malloc.o)
 .bss           0x0101e938       0x28 c:/altera/13.0sp1/nios2eds/bin/gnu/h-i686-mingw32/bin/../lib/gcc/nios2-elf/4.1.2/../../../../nios2-elf/lib\libc.a(lib_a-mallocr.o)
                0x0101e938                __malloc_current_mallinfo
 .bss           0x0101e960        0x0 c:/altera/13.0sp1/nios2eds/bin/gnu/h-i686-mingw32/bin/../lib/gcc/nios2-elf/4.1.2/../../../../nios2-elf/lib\libc.a(lib_a-memcpy.o)
 .bss           0x0101e960        0x0 c:/altera/13.0sp1/nios2eds/bin/gnu/h-i686-mingw32/bin/../lib/gcc/nios2-elf/4.1.2/../../../../nios2-elf/lib\libc.a(lib_a-memset.o)
 .bss           0x0101e960        0x0 c:/altera/13.0sp1/nios2eds/bin/gnu/h-i686-mingw32/bin/../lib/gcc/nios2-elf/4.1.2/../../../../nios2-elf/lib\libc.a(lib_a-printf.o)
 .bss           0x0101e960        0x0 c:/altera/13.0sp1/nios2eds/bin/gnu/h-i686-mingw32/bin/../lib/gcc/nios2-elf/4.1.2/../../../../nios2-elf/lib\libc.a(lib_a-putchar.o)
 .bss           0x0101e960        0x0 c:/altera/13.0sp1/nios2eds/bin/gnu/h-i686-mingw32/bin/../lib/gcc/nios2-elf/4.1.2/../../../../nios2-elf/lib\libc.a(lib_a-puts.o)
 .bss           0x0101e960        0x0 c:/altera/13.0sp1/nios2eds/bin/gnu/h-i686-mingw32/bin/../lib/gcc/nios2-elf/4.1.2/../../../../nios2-elf/lib\libc.a(lib_a-sbrkr.o)
 .bss           0x0101e960        0x0 c:/altera/13.0sp1/nios2eds/bin/gnu/h-i686-mingw32/bin/../lib/gcc/nios2-elf/4.1.2/../../../../nios2-elf/lib\libc.a(lib_a-scanf.o)
 .bss           0x0101e960        0x0 c:/altera/13.0sp1/nios2eds/bin/gnu/h-i686-mingw32/bin/../lib/gcc/nios2-elf/4.1.2/../../../../nios2-elf/lib\libc.a(lib_a-strcmp.o)
 .bss           0x0101e960        0x0 c:/altera/13.0sp1/nios2eds/bin/gnu/h-i686-mingw32/bin/../lib/gcc/nios2-elf/4.1.2/../../../../nios2-elf/lib\libc.a(lib_a-strcpy.o)
 .bss           0x0101e960        0x0 c:/altera/13.0sp1/nios2eds/bin/gnu/h-i686-mingw32/bin/../lib/gcc/nios2-elf/4.1.2/../../../../nios2-elf/lib\libc.a(lib_a-strlen.o)
 .bss           0x0101e960        0x0 c:/altera/13.0sp1/nios2eds/bin/gnu/h-i686-mingw32/bin/../lib/gcc/nios2-elf/4.1.2/../../../../nios2-elf/lib\libc.a(lib_a-vfiprintfr_1.o)
 .bss           0x0101e960        0x0 c:/altera/13.0sp1/nios2eds/bin/gnu/h-i686-mingw32/bin/../lib/gcc/nios2-elf/4.1.2/../../../../nios2-elf/lib\libc.a(lib_a-vfprintf.o)
 .bss           0x0101e960        0x0 c:/altera/13.0sp1/nios2eds/bin/gnu/h-i686-mingw32/bin/../lib/gcc/nios2-elf/4.1.2/../../../../nios2-elf/lib\libc.a(lib_a-vfscanf.o)
 .bss           0x0101e960        0x0 c:/altera/13.0sp1/nios2eds/bin/gnu/h-i686-mingw32/bin/../lib/gcc/nios2-elf/4.1.2/../../../../nios2-elf/lib\libc.a(lib_a-wsetup.o)
 .bss           0x0101e960        0x0 c:/altera/13.0sp1/nios2eds/bin/gnu/h-i686-mingw32/bin/../lib/gcc/nios2-elf/4.1.2/../../../../nios2-elf/lib\libc.a(lib_a-__call_atexit.o)
 .bss           0x0101e960        0x0 c:/altera/13.0sp1/nios2eds/bin/gnu/h-i686-mingw32/bin/../lib/gcc/nios2-elf/4.1.2/../../../../nios2-elf/lib\libc.a(lib_a-abort.o)
 .bss           0x0101e960        0x0 c:/altera/13.0sp1/nios2eds/bin/gnu/h-i686-mingw32/bin/../lib/gcc/nios2-elf/4.1.2/../../../../nios2-elf/lib\libc.a(lib_a-ctype_.o)
 .bss           0x0101e960        0x0 c:/altera/13.0sp1/nios2eds/bin/gnu/h-i686-mingw32/bin/../lib/gcc/nios2-elf/4.1.2/../../../../nios2-elf/lib\libc.a(lib_a-dtoa.o)
 .bss           0x0101e960        0x0 c:/altera/13.0sp1/nios2eds/bin/gnu/h-i686-mingw32/bin/../lib/gcc/nios2-elf/4.1.2/../../../../nios2-elf/lib\libc.a(lib_a-fflush.o)
 .bss           0x0101e960        0x0 c:/altera/13.0sp1/nios2eds/bin/gnu/h-i686-mingw32/bin/../lib/gcc/nios2-elf/4.1.2/../../../../nios2-elf/lib\libc.a(lib_a-findfp.o)
 .bss           0x0101e960        0x0 c:/altera/13.0sp1/nios2eds/bin/gnu/h-i686-mingw32/bin/../lib/gcc/nios2-elf/4.1.2/../../../../nios2-elf/lib\libc.a(lib_a-fread.o)
 .bss           0x0101e960        0x0 c:/altera/13.0sp1/nios2eds/bin/gnu/h-i686-mingw32/bin/../lib/gcc/nios2-elf/4.1.2/../../../../nios2-elf/lib\libc.a(lib_a-freer.o)
 .bss           0x0101e960        0x0 c:/altera/13.0sp1/nios2eds/bin/gnu/h-i686-mingw32/bin/../lib/gcc/nios2-elf/4.1.2/../../../../nios2-elf/lib\libc.a(lib_a-fvwrite.o)
 .bss           0x0101e960        0x0 c:/altera/13.0sp1/nios2eds/bin/gnu/h-i686-mingw32/bin/../lib/gcc/nios2-elf/4.1.2/../../../../nios2-elf/lib\libc.a(lib_a-fwalk.o)
 .bss           0x0101e960        0x0 c:/altera/13.0sp1/nios2eds/bin/gnu/h-i686-mingw32/bin/../lib/gcc/nios2-elf/4.1.2/../../../../nios2-elf/lib\libc.a(lib_a-int_errno.o)
 .bss           0x0101e960        0x0 c:/altera/13.0sp1/nios2eds/bin/gnu/h-i686-mingw32/bin/../lib/gcc/nios2-elf/4.1.2/../../../../nios2-elf/lib\libc.a(lib_a-iswspace.o)
 .bss           0x0101e960        0x0 c:/altera/13.0sp1/nios2eds/bin/gnu/h-i686-mingw32/bin/../lib/gcc/nios2-elf/4.1.2/../../../../nios2-elf/lib\libc.a(lib_a-locale.o)
 .bss           0x0101e960        0x0 c:/altera/13.0sp1/nios2eds/bin/gnu/h-i686-mingw32/bin/../lib/gcc/nios2-elf/4.1.2/../../../../nios2-elf/lib\libc.a(lib_a-makebuf.o)
 .bss           0x0101e960        0x0 c:/altera/13.0sp1/nios2eds/bin/gnu/h-i686-mingw32/bin/../lib/gcc/nios2-elf/4.1.2/../../../../nios2-elf/lib\libc.a(lib_a-mbrtowc.o)
 .bss           0x0101e960        0x0 c:/altera/13.0sp1/nios2eds/bin/gnu/h-i686-mingw32/bin/../lib/gcc/nios2-elf/4.1.2/../../../../nios2-elf/lib\libc.a(lib_a-mbtowc_r.o)
 .bss           0x0101e960        0x0 c:/altera/13.0sp1/nios2eds/bin/gnu/h-i686-mingw32/bin/../lib/gcc/nios2-elf/4.1.2/../../../../nios2-elf/lib\libc.a(lib_a-memchr.o)